Archive member included to satisfy reference by file (symbol)

/usr/lib/gcc/arm-none-eabi/13.2.1/thumb/v6-m/nofp/libgcc.a(_dvmd_tls.o)
                              CMakeFiles/digigen.dir/home/ok1gal/pico/pico-sdk/src/rp2_common/pico_divider/divider.S.obj (__aeabi_idiv0)
/usr/lib/gcc/arm-none-eabi/13.2.1/../../../arm-none-eabi/lib/thumb/v6-m/nofp/libg.a(libc_a-calloc.o)
                              CMakeFiles/digigen.dir/home/ok1gal/pico/pico-sdk/src/rp2_common/pico_malloc/pico_malloc.c.obj (calloc)
/usr/lib/gcc/arm-none-eabi/13.2.1/../../../arm-none-eabi/lib/thumb/v6-m/nofp/libg.a(libc_a-impure.o)
                              /usr/lib/gcc/arm-none-eabi/13.2.1/../../../arm-none-eabi/lib/thumb/v6-m/nofp/libg.a(libc_a-calloc.o) (_impure_ptr)
/usr/lib/gcc/arm-none-eabi/13.2.1/../../../arm-none-eabi/lib/thumb/v6-m/nofp/libg.a(libc_a-callocr.o)
                              /usr/lib/gcc/arm-none-eabi/13.2.1/../../../arm-none-eabi/lib/thumb/v6-m/nofp/libg.a(libc_a-calloc.o) (_calloc_r)
/usr/lib/gcc/arm-none-eabi/13.2.1/../../../arm-none-eabi/lib/thumb/v6-m/nofp/libg.a(libc_a-realloc.o)
                              CMakeFiles/digigen.dir/home/ok1gal/pico/pico-sdk/src/rp2_common/pico_malloc/pico_malloc.c.obj (realloc)
/usr/lib/gcc/arm-none-eabi/13.2.1/../../../arm-none-eabi/lib/thumb/v6-m/nofp/libg.a(libc_a-mallocr.o)
                              /usr/lib/gcc/arm-none-eabi/13.2.1/../../../arm-none-eabi/lib/thumb/v6-m/nofp/libg.a(libc_a-callocr.o) (_malloc_r)
/usr/lib/gcc/arm-none-eabi/13.2.1/../../../arm-none-eabi/lib/thumb/v6-m/nofp/libg.a(libc_a-freer.o)
                              /usr/lib/gcc/arm-none-eabi/13.2.1/../../../arm-none-eabi/lib/thumb/v6-m/nofp/libg.a(libc_a-mallocr.o) (_free_r)
/usr/lib/gcc/arm-none-eabi/13.2.1/../../../arm-none-eabi/lib/thumb/v6-m/nofp/libg.a(libc_a-malloc.o)
                              CMakeFiles/digigen.dir/home/ok1gal/pico/pico-sdk/src/rp2_common/pico_malloc/pico_malloc.c.obj (malloc)
/usr/lib/gcc/arm-none-eabi/13.2.1/../../../arm-none-eabi/lib/thumb/v6-m/nofp/libg.a(libc_a-sysconf.o)
                              /usr/lib/gcc/arm-none-eabi/13.2.1/../../../arm-none-eabi/lib/thumb/v6-m/nofp/libg.a(libc_a-mallocr.o) (sysconf)
/usr/lib/gcc/arm-none-eabi/13.2.1/../../../arm-none-eabi/lib/thumb/v6-m/nofp/libg.a(libc_a-init.o)
                              /usr/lib/gcc/arm-none-eabi/13.2.1/../../../arm-none-eabi/lib/thumb/v6-m/nofp/crt0.o (__libc_init_array)
/usr/lib/gcc/arm-none-eabi/13.2.1/../../../arm-none-eabi/lib/thumb/v6-m/nofp/libg.a(libc_a-reallocr.o)
                              /usr/lib/gcc/arm-none-eabi/13.2.1/../../../arm-none-eabi/lib/thumb/v6-m/nofp/libg.a(libc_a-realloc.o) (_realloc_r)
/usr/lib/gcc/arm-none-eabi/13.2.1/../../../arm-none-eabi/lib/thumb/v6-m/nofp/libg.a(libc_a-mlock.o)
                              /usr/lib/gcc/arm-none-eabi/13.2.1/../../../arm-none-eabi/lib/thumb/v6-m/nofp/libg.a(libc_a-mallocr.o) (__malloc_lock)
/usr/lib/gcc/arm-none-eabi/13.2.1/../../../arm-none-eabi/lib/thumb/v6-m/nofp/libg.a(libc_a-findfp.o)
                              /usr/lib/gcc/arm-none-eabi/13.2.1/../../../arm-none-eabi/lib/thumb/v6-m/nofp/libg.a(libc_a-impure.o) (__sf)
/usr/lib/gcc/arm-none-eabi/13.2.1/../../../arm-none-eabi/lib/thumb/v6-m/nofp/libg.a(libc_a-atexit.o)
                              /usr/lib/gcc/arm-none-eabi/13.2.1/../../../arm-none-eabi/lib/thumb/v6-m/nofp/crt0.o (atexit)
/usr/lib/gcc/arm-none-eabi/13.2.1/../../../arm-none-eabi/lib/thumb/v6-m/nofp/libg.a(libc_a-strlen-stub.o)
                              CMakeFiles/digigen.dir/home/ok1gal/pico/pico-sdk/src/rp2_common/pico_stdio/stdio.c.obj (strlen)
/usr/lib/gcc/arm-none-eabi/13.2.1/../../../arm-none-eabi/lib/thumb/v6-m/nofp/libg.a(libc_a-sbrkr.o)
                              /usr/lib/gcc/arm-none-eabi/13.2.1/../../../arm-none-eabi/lib/thumb/v6-m/nofp/libg.a(libc_a-mallocr.o) (_sbrk_r)
/usr/lib/gcc/arm-none-eabi/13.2.1/../../../arm-none-eabi/lib/thumb/v6-m/nofp/libg.a(libc_a-fini.o)
                              /usr/lib/gcc/arm-none-eabi/13.2.1/../../../arm-none-eabi/lib/thumb/v6-m/nofp/crt0.o (__libc_fini_array)
/usr/lib/gcc/arm-none-eabi/13.2.1/../../../arm-none-eabi/lib/thumb/v6-m/nofp/libg.a(libc_a-fwalk.o)
                              /usr/lib/gcc/arm-none-eabi/13.2.1/../../../arm-none-eabi/lib/thumb/v6-m/nofp/libg.a(libc_a-findfp.o) (_fwalk_sglue)
/usr/lib/gcc/arm-none-eabi/13.2.1/../../../arm-none-eabi/lib/thumb/v6-m/nofp/libg.a(libc_a-memmove.o)
                              /usr/lib/gcc/arm-none-eabi/13.2.1/../../../arm-none-eabi/lib/thumb/v6-m/nofp/libg.a(libc_a-reallocr.o) (memmove)
/usr/lib/gcc/arm-none-eabi/13.2.1/../../../arm-none-eabi/lib/thumb/v6-m/nofp/libg.a(libc_a-errno.o)
                              /usr/lib/gcc/arm-none-eabi/13.2.1/../../../arm-none-eabi/lib/thumb/v6-m/nofp/libg.a(libc_a-callocr.o) (__errno)
/usr/lib/gcc/arm-none-eabi/13.2.1/../../../arm-none-eabi/lib/thumb/v6-m/nofp/libg.a(libc_a-fclose.o)
[...]
Memory Configuration

Name             Origin             Length             Attributes
FLASH            0x10000000         0x00200000         xr
RAM              0x20000000         0x00040000         xrw
SCRATCH_X        0x20040000         0x00001000         xrw
SCRATCH_Y        0x20041000         0x00001000         xrw
*default*        0x00000000         0xffffffff

Linker script and memory map

LOAD /usr/lib/gcc/arm-none-eabi/13.2.1/thumb/v6-m/nofp/crti.o
LOAD /usr/lib/gcc/arm-none-eabi/13.2.1/thumb/v6-m/nofp/crtbegin.o
LOAD /usr/lib/gcc/arm-none-eabi/13.2.1/../../../arm-none-eabi/lib/thumb/v6-m/nofp/crt0.o

.flash_begin    0x10000000        0x0
                0x10000000                        __flash_binary_start = .

.boot2          0x10000000      0x100
                0x10000000                        __boot2_start__ = .
 *(.boot2)
 .boot2         0x10000000      0x100 /tmp/ccrM5ikp.o
                0x10000100                        __boot2_end__ = .
                0x00000001                        ASSERT (((__boot2_end__ - __boot2_start__) == 0x100), ERROR: Pico second stage bootloader must be 256 bytes in size)

.text           0x10000100     0xafc0
                0x10000100                        __logical_binary_start = .
 *(.vectors)
 .vectors       0x10000100       0xd4 CMakeFiles/digigen.dir/home/ok1gal/pico/pico-sdk/src/rp2_common/pico_standard_link/crt0.S.obj
                0x10000100                __vectors
                0x10000100                __VECTOR_TABLE
                0x100001c0                isr_invalid
                0x100001c0                __default_isrs_start
                0x100001c2                isr_nmi
                0x100001c4                isr_hardfault
                0x100001c6                isr_svcall
                0x100001c8                isr_pendsv
                0x100001ca                isr_systick
                0x100001cc                isr_irq30
                0x100001cc                __unhandled_user_irq
                0x100001cc                isr_irq13
                0x100001cc                isr_irq27
                0x100001cc                isr_irq31
                0x100001cc                isr_irq5
                0x100001cc                isr_irq11
                0x100001cc                isr_irq23
                0x100001cc                isr_irq18
                0x100001cc                isr_irq28
                0x100001cc                isr_irq19
                0x100001cc                isr_irq0
                0x100001cc                isr_irq6
                0x100001cc                isr_irq22
                0x100001cc                isr_irq17
                0x100001cc                isr_irq14
                0x100001cc                isr_irq2
                0x100001cc                isr_irq10
                0x100001cc                isr_irq8
                0x100001cc                isr_irq24
                0x100001cc                isr_irq1
                0x100001cc                isr_irq7
                0x100001cc                isr_irq21
                0x100001cc                isr_irq20
                0x100001cc                isr_irq15
                0x100001cc                isr_irq25
                0x100001cc                isr_irq4
                0x100001cc                isr_irq16
                0x100001cc                isr_irq29
                0x100001cc                isr_irq26
                0x100001cc                __default_isrs_end
                0x100001cc                isr_irq3
                0x100001cc                isr_irq12
                0x100001cc                isr_irq9
                0x100001d2                unhandled_user_irq_num_in_r0
 *(.binary_info_header)
 .binary_info_header
                0x100001d4       0x14 CMakeFiles/digigen.dir/home/ok1gal/pico/pico-sdk/src/rp2_common/pico_standard_link/crt0.S.obj
                0x100001e8                        __binary_info_header_end = .
 *(.reset)
 .reset         0x100001e8       0xa0 CMakeFiles/digigen.dir/home/ok1gal/pico/pico-sdk/src/rp2_common/pico_standard_link/crt0.S.obj
                0x100001e8                _entry_point
 .reset         0x10000288       0x30 CMakeFiles/digigen.dir/home/ok1gal/pico/pico-sdk/src/rp2_common/pico_standard_link/binary_info.c.obj
 *(.init)
 .init          0x100002b8        0x4 /usr/lib/gcc/arm-none-eabi/13.2.1/thumb/v6-m/nofp/crti.o
                0x100002b8                _init
 *(EXCLUDE_FILE(*libm.a: *libc.a:*lib_a-mem*.o *libgcc.a:) .text*)
 .text          0x100002bc       0x98 /usr/lib/gcc/arm-none-eabi/13.2.1/thumb/v6-m/nofp/crtbegin.o
 .text.core1_entry
                0x10000354        0x2 CMakeFiles/digigen.dir/digigen.c.obj
                0x10000354                core1_entry
 *fill*         0x10000356        0x2 
 .text.print_current_config
                0x10000358       0xb0 CMakeFiles/digigen.dir/digigen.c.obj
                0x10000358                print_current_config
 .text.main     0x10000408      0x158 CMakeFiles/digigen.dir/digigen.c.obj
                0x10000408                main
 .text.set_ref_freq
                0x10000560       0x74 CMakeFiles/digigen.dir/si5351.c.obj
                0x10000560                set_ref_freq
 .text.si5351_write_bulk
                0x100005d4       0x40 CMakeFiles/digigen.dir/si5351.c.obj
                0x100005d4                si5351_write_bulk
 .text.si5351_write
                0x10000614       0x24 CMakeFiles/digigen.dir/si5351.c.obj
                0x10000614                si5351_write
 .text.pll_reset
                0x10000638       0x20 CMakeFiles/digigen.dir/si5351.c.obj
                0x10000638                pll_reset
 .text.si5351_read
                0x10000658       0x40 CMakeFiles/digigen.dir/si5351.c.obj
                0x10000658                si5351_read
 .text.output_enable
                0x10000698       0x2e CMakeFiles/digigen.dir/si5351.c.obj
                0x10000698                output_enable
 .text.drive_strength
                0x100006c6       0x3e CMakeFiles/digigen.dir/si5351.c.obj
                0x100006c6                drive_strength
 .text.set_ms_source
                0x10000704       0x3c CMakeFiles/digigen.dir/si5351.c.obj
                0x10000704                set_ms_source
 .text.set_int  0x10000740       0x28 CMakeFiles/digigen.dir/si5351.c.obj
                0x10000740                set_int
 .text.pll_calc
                0x10000768      0x248 CMakeFiles/digigen.dir/si5351.c.obj
                0x10000768                pll_calc
 .text.set_pll  0x100009b0       0xd8 CMakeFiles/digigen.dir/si5351.c.obj
                0x100009b0                set_pll
 .text.Si5351_reset
                0x10000a88      0x150 CMakeFiles/digigen.dir/si5351.c.obj
                0x10000a88                Si5351_reset
 .text.set_correction
                0x10000bd8       0x30 CMakeFiles/digigen.dir/si5351.c.obj
                0x10000bd8                set_correction
 .text.Si5351_init
                0x10000c08       0xa8 CMakeFiles/digigen.dir/si5351.c.obj
                0x10000c08                Si5351_init
 .text.multisynth_calc
                0x10000cb0      0x1d4 CMakeFiles/digigen.dir/si5351.c.obj
                0x10000cb0                multisynth_calc
 .text.multisynth67_calc
                0x10000e84      0x13c CMakeFiles/digigen.dir/si5351.c.obj
                0x10000e84                multisynth67_calc
 .text.ms_div   0x10000fc0       0x84 CMakeFiles/digigen.dir/si5351.c.obj
                0x10000fc0                ms_div
 .text.set_ms   0x10001044      0x170 CMakeFiles/digigen.dir/si5351.c.obj
                0x10001044                set_ms
 .text.select_r_div
                0x100011b4      0x158 CMakeFiles/digigen.dir/si5351.c.obj
                0x100011b4                select_r_div
 .text.select_r_div_ms67
                0x1000130c      0x158 CMakeFiles/digigen.dir/si5351.c.obj
                0x1000130c                select_r_div_ms67
 .text.set_freq
                0x10001464      0x38c CMakeFiles/digigen.dir/si5351.c.obj
                0x10001464                set_freq
 .text.set_FSK_symbol
                0x100017f0       0x70 CMakeFiles/digigen.dir/tx_handling.c.obj
                0x100017f0                set_FSK_symbol
 .text.recalculate_fsk_params
                0x10001860       0xac CMakeFiles/digigen.dir/tx_handling.c.obj
                0x10001860                recalculate_fsk_params
 .text.tx_enable
                0x1000190c       0x18 CMakeFiles/digigen.dir/tx_handling.c.obj
                0x1000190c                tx_enable
 .text.set_tx_drive_strenght
                0x10001924       0x20 CMakeFiles/digigen.dir/tx_handling.c.obj
                0x10001924                set_tx_drive_strenght
 .text.RTTYTXletter
                0x10001944       0xb0 CMakeFiles/digigen.dir/RTTY.c.obj
                0x10001944                RTTYTXletter
 .text.set_baudrate
                0x100019f4       0x48 CMakeFiles/digigen.dir/RTTY.c.obj
                0x100019f4                set_baudrate
 .text.set_RTTY_mode
                0x10001a3c       0x34 CMakeFiles/digigen.dir/RTTY.c.obj
                0x10001a3c                set_RTTY_mode
 .text.refresh_RTTY_config
                0x10001a70       0x30 CMakeFiles/digigen.dir/RTTY.c.obj
                0x10001a70                refresh_RTTY_config
 .text.set_CW_mode
                0x10001aa0       0x1c CMakeFiles/digigen.dir/CW.c.obj
                0x10001aa0                set_CW_mode
 .text.set_CW_WPM
                0x10001abc       0x48 CMakeFiles/digigen.dir/CW.c.obj
                0x10001abc                set_CW_WPM
 .text.refresh_CW_config
                0x10001b04       0x20 CMakeFiles/digigen.dir/CW.c.obj
                0x10001b04                refresh_CW_config
 .text.CW_TX_letter
                0x10001b24       0xd0 CMakeFiles/digigen.dir/CW.c.obj
                0x10001b24                CW_TX_letter
 .text.console_init
                0x10001bf4       0x30 CMakeFiles/digigen.dir/console.c.obj
                0x10001bf4                console_init
 .text.compare_command
                0x10001c24       0x28 CMakeFiles/digigen.dir/console.c.obj
                0x10001c24                compare_command
 .text.is_number
                0x10001c4c       0x2c CMakeFiles/digigen.dir/console.c.obj
                0x10001c4c                is_number
 .text.char_to_number
                0x10001c78        0xe CMakeFiles/digigen.dir/console.c.obj
                0x10001c78                char_to_number
 *fill*         0x10001c86        0x2 
 .text.string_to_uint64
                0x10001c88       0x7c CMakeFiles/digigen.dir/console.c.obj
                0x10001c88                string_to_uint64
 .text.string_to_uint16
                0x10001d04       0x7c CMakeFiles/digigen.dir/console.c.obj
                0x10001d04                string_to_uint16
 .text.handle_console_command
                0x10001d80      0x7b0 CMakeFiles/digigen.dir/console.c.obj
                0x10001d80                handle_console_command
 .text.handle_console_rx
                0x10002530       0xb8 CMakeFiles/digigen.dir/console.c.obj
                0x10002530                handle_console_rx
 .text.write_eeprom_single_uint8
                0x100025e8       0x3c CMakeFiles/digigen.dir/eeprom.c.obj
                0x100025e8                write_eeprom_single_uint8
 .text.write_eeprom_single_uint16
                0x10002624       0x18 CMakeFiles/digigen.dir/eeprom.c.obj
                0x10002624                write_eeprom_single_uint16
 .text.write_eeprom_single_uint64
                0x1000263c       0x58 CMakeFiles/digigen.dir/eeprom.c.obj
                0x1000263c                write_eeprom_single_uint64
 .text.read_eeprom_single_uint8
                0x10002694       0x44 CMakeFiles/digigen.dir/eeprom.c.obj
                0x10002694                read_eeprom_single_uint8
 .text.read_eeprom_single_uint16
                0x100026d8       0x1c CMakeFiles/digigen.dir/eeprom.c.obj
                0x100026d8                read_eeprom_single_uint16
 .text.read_eeprom_single_uint64
                0x100026f4       0x88 CMakeFiles/digigen.dir/eeprom.c.obj
                0x100026f4                read_eeprom_single_uint64
 .text.save_current_to_preset
                0x1000277c       0xcc CMakeFiles/digigen.dir/eeprom.c.obj
                0x1000277c                save_current_to_preset
 .text.handle_preset_switching
                0x10002848       0xa4 CMakeFiles/digigen.dir/eeprom.c.obj
                0x10002848                handle_preset_switching
 .text.load_preset
                0x100028ec       0xfc CMakeFiles/digigen.dir/eeprom.c.obj
                0x100028ec                load_preset
 .text.handle_run_eeprom_btn
                0x100029e8       0xb8 CMakeFiles/digigen.dir/eeprom.c.obj
                0x100029e8                handle_run_eeprom_btn
 .text.initialize_memory
                0x10002aa0       0x58 CMakeFiles/digigen.dir/eeprom.c.obj
                0x10002aa0                initialize_memory
 .text.default_memory
                0x10002af8       0x58 CMakeFiles/digigen.dir/eeprom.c.obj
                0x10002af8                default_memory
 .text.gpio_set_function
                0x10002b50       0x30 CMakeFiles/digigen.dir/home/ok1gal/pico/pico-sdk/src/rp2_common/hardware_gpio/gpio.c.obj
                0x10002b50                gpio_set_function
 .text.gpio_set_pulls
                0x10002b80       0x34 CMakeFiles/digigen.dir/home/ok1gal/pico/pico-sdk/src/rp2_common/hardware_gpio/gpio.c.obj
                0x10002b80                gpio_set_pulls
 .text.gpio_init
                0x10002bb4       0x16 CMakeFiles/digigen.dir/home/ok1gal/pico/pico-sdk/src/rp2_common/hardware_gpio/gpio.c.obj
                0x10002bb4                gpio_init
 *fill*         0x10002bca        0x2 
 .text.running_on_fpga
                0x10002bcc       0x14 CMakeFiles/digigen.dir/home/ok1gal/pico/pico-sdk/src/rp2_common/pico_platform/platform.c.obj
                0x10002bcc                running_on_fpga
 .text.hw_claim_lock
                0x10002be0       0x18 CMakeFiles/digigen.dir/home/ok1gal/pico/pico-sdk/src/rp2_common/hardware_claim/claim.c.obj
                0x10002be0                hw_claim_lock
 .text.hw_claim_unlock
                0x10002bf8       0x14 CMakeFiles/digigen.dir/home/ok1gal/pico/pico-sdk/src/rp2_common/hardware_claim/claim.c.obj
                0x10002bf8                hw_claim_unlock
 .text.hw_claim_or_assert
                0x10002c0c       0x32 CMakeFiles/digigen.dir/home/ok1gal/pico/pico-sdk/src/rp2_common/hardware_claim/claim.c.obj
                0x10002c0c                hw_claim_or_assert
 .text.hw_claim_unused_from_range
                0x10002c3e       0x50 CMakeFiles/digigen.dir/home/ok1gal/pico/pico-sdk/src/rp2_common/hardware_claim/claim.c.obj
                0x10002c3e                hw_claim_unused_from_range
 *fill*         0x10002c8e        0x2 
 .text.spin_locks_reset
                0x10002c90       0x20 CMakeFiles/digigen.dir/home/ok1gal/pico/pico-sdk/src/rp2_common/hardware_sync/sync.c.obj
                0x10002c90                spin_locks_reset
 .text.next_striped_spin_lock_num
                0x10002cb0       0x1c CMakeFiles/digigen.dir/home/ok1gal/pico/pico-sdk/src/rp2_common/hardware_sync/sync.c.obj
                0x10002cb0                next_striped_spin_lock_num
 .text.spin_lock_claim_unused
                0x10002ccc       0x24 CMakeFiles/digigen.dir/home/ok1gal/pico/pico-sdk/src/rp2_common/hardware_sync/sync.c.obj
                0x10002ccc                spin_lock_claim_unused
 .text.set_raw_irq_handler_and_unlock
                0x10002cf0       0x28 CMakeFiles/digigen.dir/home/ok1gal/pico/pico-sdk/src/rp2_common/hardware_irq/irq.c.obj
 .text.resolve_branch
                0x10002d18       0x30 CMakeFiles/digigen.dir/home/ok1gal/pico/pico-sdk/src/rp2_common/hardware_irq/irq.c.obj
 .text.make_branch
                0x10002d48       0x48 CMakeFiles/digigen.dir/home/ok1gal/pico/pico-sdk/src/rp2_common/hardware_irq/irq.c.obj
 .text.insert_branch_and_link
                0x10002d90       0x40 CMakeFiles/digigen.dir/home/ok1gal/pico/pico-sdk/src/rp2_common/hardware_irq/irq.c.obj
 .text.irq_is_enabled
                0x10002dd0       0x18 CMakeFiles/digigen.dir/home/ok1gal/pico/pico-sdk/src/rp2_common/hardware_irq/irq.c.obj
                0x10002dd0                irq_is_enabled
 .text.irq_set_mask_enabled
                0x10002de8       0x20 CMakeFiles/digigen.dir/home/ok1gal/pico/pico-sdk/src/rp2_common/hardware_irq/irq.c.obj
                0x10002de8                irq_set_mask_enabled
 .text.irq_set_enabled
                0x10002e08        0xe CMakeFiles/digigen.dir/home/ok1gal/pico/pico-sdk/src/rp2_common/hardware_irq/irq.c.obj
                0x10002e08                irq_set_enabled
 *fill*         0x10002e16        0x2 
 .text.irq_set_pending
                0x10002e18       0x10 CMakeFiles/digigen.dir/home/ok1gal/pico/pico-sdk/src/rp2_common/hardware_irq/irq.c.obj
                0x10002e18                irq_set_pending
 .text.irq_get_vtable_handler
                0x10002e28       0x10 CMakeFiles/digigen.dir/home/ok1gal/pico/pico-sdk/src/rp2_common/hardware_irq/irq.c.obj
                0x10002e28                irq_get_vtable_handler
 .text.irq_has_shared_handler
                0x10002e38       0x24 CMakeFiles/digigen.dir/home/ok1gal/pico/pico-sdk/src/rp2_common/hardware_irq/irq.c.obj
                0x10002e38                irq_has_shared_handler
 .text.irq_set_exclusive_handler
                0x10002e5c       0x54 CMakeFiles/digigen.dir/home/ok1gal/pico/pico-sdk/src/rp2_common/hardware_irq/irq.c.obj
                0x10002e5c                irq_set_exclusive_handler
 .text.irq_add_shared_handler
                0x10002eb0      0x210 CMakeFiles/digigen.dir/home/ok1gal/pico/pico-sdk/src/rp2_common/hardware_irq/irq.c.obj
                0x10002eb0                irq_add_shared_handler
 .text.irq_remove_handler
                0x100030c0      0x188 CMakeFiles/digigen.dir/home/ok1gal/pico/pico-sdk/src/rp2_common/hardware_irq/irq.c.obj
                0x100030c0                irq_remove_handler
 .text.irq_add_tail_to_free_list
                0x10003248       0xf0 CMakeFiles/digigen.dir/home/ok1gal/pico/pico-sdk/src/rp2_common/hardware_irq/irq.c.obj
                0x10003248                irq_add_tail_to_free_list
 .text.irq_init_priorities
                0x10003338       0x1c CMakeFiles/digigen.dir/home/ok1gal/pico/pico-sdk/src/rp2_common/hardware_irq/irq.c.obj
                0x10003338                irq_init_priorities
 .text.user_irq_claim_unused
                0x10003354       0x2c CMakeFiles/digigen.dir/home/ok1gal/pico/pico-sdk/src/rp2_common/hardware_irq/irq.c.obj
                0x10003354                user_irq_claim_unused
 .text.lock_init
                0x10003380       0x10 CMakeFiles/digigen.dir/home/ok1gal/pico/pico-sdk/src/common/pico_sync/lock_core.c.obj
                0x10003380                lock_init
 .text.update_us_since_boot
                0x10003390       0x24 CMakeFiles/digigen.dir/home/ok1gal/pico/pico-sdk/src/common/pico_sync/mutex.c.obj
 .text.delayed_by_ms
                0x100033b4       0x44 CMakeFiles/digigen.dir/home/ok1gal/pico/pico-sdk/src/common/pico_sync/mutex.c.obj
 .text.get_absolute_time
                0x100033f8       0x22 CMakeFiles/digigen.dir/home/ok1gal/pico/pico-sdk/src/common/pico_sync/mutex.c.obj
 .text.make_timeout_time_ms
                0x1000341a       0x20 CMakeFiles/digigen.dir/home/ok1gal/pico/pico-sdk/src/common/pico_sync/mutex.c.obj
 .text.mutex_init
                0x1000343a       0x1a CMakeFiles/digigen.dir/home/ok1gal/pico/pico-sdk/src/common/pico_sync/mutex.c.obj
                0x1000343a                mutex_init
 .text.recursive_mutex_init
                0x10003454       0x1e CMakeFiles/digigen.dir/home/ok1gal/pico/pico-sdk/src/common/pico_sync/mutex.c.obj
                0x10003454                recursive_mutex_init
 *fill*         0x10003472        0x2 
 .text.critical_section_init_with_lock_num
                0x10003474       0x14 CMakeFiles/digigen.dir/home/ok1gal/pico/pico-sdk/src/common/pico_sync/critical_section.c.obj
                0x10003474                critical_section_init_with_lock_num
 .text.critical_section_init
                0x10003488       0x14 CMakeFiles/digigen.dir/home/ok1gal/pico/pico-sdk/src/common/pico_sync/critical_section.c.obj
                0x10003488                critical_section_init
 .text.time_reached
                0x1000349c       0x28 CMakeFiles/digigen.dir/home/ok1gal/pico/pico-sdk/src/common/pico_time/time.c.obj
 .text.get_entry
                0x100034c4       0x38 CMakeFiles/digigen.dir/home/ok1gal/pico/pico-sdk/src/common/pico_time/time.c.obj
 .text.timer_pool_entry_comparator
                0x100034fc       0x2e CMakeFiles/digigen.dir/home/ok1gal/pico/pico-sdk/src/common/pico_time/time.c.obj
                0x100034fc                timer_pool_entry_comparator
 *fill*         0x1000352a        0x2 
 .text.update_us_since_boot
                0x1000352c       0x24 CMakeFiles/digigen.dir/home/ok1gal/pico/pico-sdk/src/common/pico_time/time.c.obj
 .text.delayed_by_us
                0x10003550       0x34 CMakeFiles/digigen.dir/home/ok1gal/pico/pico-sdk/src/common/pico_time/time.c.obj
 .text.ph_get_node
                0x10003584       0x30 CMakeFiles/digigen.dir/home/ok1gal/pico/pico-sdk/src/common/pico_time/time.c.obj
 .text.ph_contains_node
                0x100035b4       0x1e CMakeFiles/digigen.dir/home/ok1gal/pico/pico-sdk/src/common/pico_time/time.c.obj
 .text.ph_new_node
                0x100035d2       0x28 CMakeFiles/digigen.dir/home/ok1gal/pico/pico-sdk/src/common/pico_time/time.c.obj
 *fill*         0x100035fa        0x2 
 .text.ph_add_child_node
                0x100035fc       0x6c CMakeFiles/digigen.dir/home/ok1gal/pico/pico-sdk/src/common/pico_time/time.c.obj
 .text.ph_merge_nodes
                0x10003668       0x3e CMakeFiles/digigen.dir/home/ok1gal/pico/pico-sdk/src/common/pico_time/time.c.obj
 *fill*         0x100036a6        0x2 
 .text.ph_insert_node
                0x100036a8       0x3c CMakeFiles/digigen.dir/home/ok1gal/pico/pico-sdk/src/common/pico_time/time.c.obj
 .text.ph_free_node
                0x100036e4       0x5c CMakeFiles/digigen.dir/home/ok1gal/pico/pico-sdk/src/common/pico_time/time.c.obj
 .text.get_entry_id_high
                0x10003740       0x30 CMakeFiles/digigen.dir/home/ok1gal/pico/pico-sdk/src/common/pico_time/time.c.obj
 .text.alarm_pool_post_alloc_init
                0x10003770       0x40 CMakeFiles/digigen.dir/home/ok1gal/pico/pico-sdk/src/common/pico_time/time.c.obj
 .text.sleep_until_callback
                0x100037b0       0x30 CMakeFiles/digigen.dir/home/ok1gal/pico/pico-sdk/src/common/pico_time/time.c.obj
 .text.get_absolute_time
                0x100037e0       0x22 CMakeFiles/digigen.dir/home/ok1gal/pico/pico-sdk/src/common/pico_time/time.c.obj
 *fill*         0x10003802        0x2 
 .text.add_alarm_under_lock
                0x10003804       0x94 CMakeFiles/digigen.dir/home/ok1gal/pico/pico-sdk/src/common/pico_time/time.c.obj
 .text.alarm_pool_alarm_callback
                0x10003898      0x210 CMakeFiles/digigen.dir/home/ok1gal/pico/pico-sdk/src/common/pico_time/time.c.obj
 .text.alarm_pool_init_default
                0x10003aa8       0x40 CMakeFiles/digigen.dir/home/ok1gal/pico/pico-sdk/src/common/pico_time/time.c.obj
                0x10003aa8                alarm_pool_init_default
 .text.alarm_pool_get_default
                0x10003ae8       0x2c CMakeFiles/digigen.dir/home/ok1gal/pico/pico-sdk/src/common/pico_time/time.c.obj
                0x10003ae8                alarm_pool_get_default
 .text.alarm_pool_add_alarm_at
                0x10003b14      0x10e CMakeFiles/digigen.dir/home/ok1gal/pico/pico-sdk/src/common/pico_time/time.c.obj
                0x10003b14                alarm_pool_add_alarm_at
 .text.add_alarm_at
                0x10003c22       0x2e CMakeFiles/digigen.dir/home/ok1gal/pico/pico-sdk/src/common/pico_time/time.c.obj
 .text.alarm_pool_cancel_alarm
                0x10003c50       0xa8 CMakeFiles/digigen.dir/home/ok1gal/pico/pico-sdk/src/common/pico_time/time.c.obj
                0x10003c50                alarm_pool_cancel_alarm
 .text.cancel_alarm
                0x10003cf8       0x10 CMakeFiles/digigen.dir/home/ok1gal/pico/pico-sdk/src/common/pico_time/time.c.obj
 .text.alarm_pool_core_num
                0x10003d08        0x4 CMakeFiles/digigen.dir/home/ok1gal/pico/pico-sdk/src/common/pico_time/time.c.obj
                0x10003d08                alarm_pool_core_num
 .text.best_effort_wfe_or_timeout
                0x10003d0c       0x44 CMakeFiles/digigen.dir/home/ok1gal/pico/pico-sdk/src/common/pico_time/time.c.obj
                0x10003d0c                best_effort_wfe_or_timeout
 .text.update_us_since_boot
                0x10003d50       0x24 CMakeFiles/digigen.dir/home/ok1gal/pico/pico-sdk/src/rp2_common/hardware_timer/timer.c.obj
 .text.hardware_alarm_irq_handler
                0x10003d74       0x8c CMakeFiles/digigen.dir/home/ok1gal/pico/pico-sdk/src/rp2_common/hardware_timer/timer.c.obj
 .text.hardware_alarm_claim
                0x10003e00       0x18 CMakeFiles/digigen.dir/home/ok1gal/pico/pico-sdk/src/rp2_common/hardware_timer/timer.c.obj
                0x10003e00                hardware_alarm_claim
 .text.time_us_64
                0x10003e18       0x18 CMakeFiles/digigen.dir/home/ok1gal/pico/pico-sdk/src/rp2_common/hardware_timer/timer.c.obj
                0x10003e18                time_us_64
 .text.busy_wait_until
                0x10003e30       0x28 CMakeFiles/digigen.dir/home/ok1gal/pico/pico-sdk/src/rp2_common/hardware_timer/timer.c.obj
                0x10003e30                busy_wait_until
 .text.busy_wait_us
                0x10003e58       0x3a CMakeFiles/digigen.dir/home/ok1gal/pico/pico-sdk/src/rp2_common/hardware_timer/timer.c.obj
                0x10003e58                busy_wait_us
 *fill*         0x10003e92        0x2 
 .text.busy_wait_us_32
                0x10003e94       0x24 CMakeFiles/digigen.dir/home/ok1gal/pico/pico-sdk/src/rp2_common/hardware_timer/timer.c.obj
                0x10003e94                busy_wait_us_32
 .text.busy_wait_ms
                0x10003eb8       0x30 CMakeFiles/digigen.dir/home/ok1gal/pico/pico-sdk/src/rp2_common/hardware_timer/timer.c.obj
                0x10003eb8                busy_wait_ms
 .text.hardware_alarm_set_callback
                0x10003ee8       0x90 CMakeFiles/digigen.dir/home/ok1gal/pico/pico-sdk/src/rp2_common/hardware_timer/timer.c.obj
                0x10003ee8                hardware_alarm_set_callback
 .text.hardware_alarm_set_target
                0x10003f78       0xe8 CMakeFiles/digigen.dir/home/ok1gal/pico/pico-sdk/src/rp2_common/hardware_timer/timer.c.obj
                0x10003f78                hardware_alarm_set_target
 .text.hardware_alarm_cancel
                0x10004060       0x40 CMakeFiles/digigen.dir/home/ok1gal/pico/pico-sdk/src/rp2_common/hardware_timer/timer.c.obj
                0x10004060                hardware_alarm_cancel
 .text.ph_get_node
                0x100040a0       0x30 CMakeFiles/digigen.dir/home/ok1gal/pico/pico-sdk/src/common/pico_util/pheap.c.obj
 .text.ph_add_child_node
                0x100040d0       0x6c CMakeFiles/digigen.dir/home/ok1gal/pico/pico-sdk/src/common/pico_util/pheap.c.obj
 .text.ph_merge_nodes
                0x1000413c       0x3e CMakeFiles/digigen.dir/home/ok1gal/pico/pico-sdk/src/common/pico_util/pheap.c.obj
 .text.ph_clear
                0x1000417a       0x34 CMakeFiles/digigen.dir/home/ok1gal/pico/pico-sdk/src/common/pico_util/pheap.c.obj
                0x1000417a                ph_clear
 .text.ph_post_alloc_init
                0x100041ae        0xe CMakeFiles/digigen.dir/home/ok1gal/pico/pico-sdk/src/common/pico_util/pheap.c.obj
                0x100041ae                ph_post_alloc_init
 .text.ph_merge_two_pass
                0x100041bc       0x5c CMakeFiles/digigen.dir/home/ok1gal/pico/pico-sdk/src/common/pico_util/pheap.c.obj
                0x100041bc                ph_merge_two_pass
 .text.ph_remove_any_head
                0x10004218       0xc0 CMakeFiles/digigen.dir/home/ok1gal/pico/pico-sdk/src/common/pico_util/pheap.c.obj
 .text.ph_remove_head
                0x100042d8       0x14 CMakeFiles/digigen.dir/home/ok1gal/pico/pico-sdk/src/common/pico_util/pheap.c.obj
                0x100042d8                ph_remove_head
 .text.ph_remove_and_free_node
                0x100042ec       0xa0 CMakeFiles/digigen.dir/home/ok1gal/pico/pico-sdk/src/common/pico_util/pheap.c.obj
                0x100042ec                ph_remove_and_free_node
 .text.clock_configure
                0x1000438c      0x108 CMakeFiles/digigen.dir/home/ok1gal/pico/pico-sdk/src/rp2_common/hardware_clocks/clocks.c.obj
                0x1000438c                clock_configure
 .text.clocks_init
                0x10004494      0x100 CMakeFiles/digigen.dir/home/ok1gal/pico/pico-sdk/src/rp2_common/hardware_clocks/clocks.c.obj
                0x10004494                clocks_init
 .text.clock_get_hz
                0x10004594        0xc CMakeFiles/digigen.dir/home/ok1gal/pico/pico-sdk/src/rp2_common/hardware_clocks/clocks.c.obj
                0x10004594                clock_get_hz
 .text.pll_init
                0x100045a0      0x120 CMakeFiles/digigen.dir/home/ok1gal/pico/pico-sdk/src/rp2_common/hardware_pll/pll.c.obj
                0x100045a0                pll_init
 .text.watchdog_start_tick
                0x100046c0       0x10 CMakeFiles/digigen.dir/home/ok1gal/pico/pico-sdk/src/rp2_common/hardware_watchdog/watchdog.c.obj
                0x100046c0                watchdog_start_tick
 .text.watchdog_update
                0x100046d0       0x14 CMakeFiles/digigen.dir/home/ok1gal/pico/pico-sdk/src/rp2_common/hardware_watchdog/watchdog.c.obj
                0x100046d0                watchdog_update
 .text._watchdog_enable
                0x100046e4       0x78 CMakeFiles/digigen.dir/home/ok1gal/pico/pico-sdk/src/rp2_common/hardware_watchdog/watchdog.c.obj
                0x100046e4                _watchdog_enable
 .text.watchdog_reboot
                0x1000475c       0x48 CMakeFiles/digigen.dir/home/ok1gal/pico/pico-sdk/src/rp2_common/hardware_watchdog/watchdog.c.obj
                0x1000475c                watchdog_reboot
 .text.xosc_init
                0x100047a4       0x28 CMakeFiles/digigen.dir/home/ok1gal/pico/pico-sdk/src/rp2_common/hardware_xosc/xosc.c.obj
                0x100047a4                xosc_init
 .text._exit    0x100047cc        0x4 CMakeFiles/digigen.dir/home/ok1gal/pico/pico-sdk/src/rp2_common/pico_runtime/runtime.c.obj
                0x100047cc                _exit
 .text._sbrk    0x100047d0       0x38 CMakeFiles/digigen.dir/home/ok1gal/pico/pico-sdk/src/rp2_common/pico_runtime/runtime.c.obj
                0x100047d0                _sbrk
 .text.exit     0x10004808        0x6 CMakeFiles/digigen.dir/home/ok1gal/pico/pico-sdk/src/rp2_common/pico_runtime/runtime.c.obj
                0x10004808                exit
 *fill*         0x1000480e        0x2 
 .text.__assert_func
                0x10004810       0x38 CMakeFiles/digigen.dir/home/ok1gal/pico/pico-sdk/src/rp2_common/pico_runtime/runtime.c.obj
                0x10004810                __assert_func
 .text.runtime_init
                0x10004848       0xf8 CMakeFiles/digigen.dir/home/ok1gal/pico/pico-sdk/src/rp2_common/pico_runtime/runtime.c.obj
                0x10004848                runtime_init
 .text.panic    0x10004940       0x30 CMakeFiles/digigen.dir/home/ok1gal/pico/pico-sdk/src/rp2_common/pico_runtime/runtime.c.obj
                0x10004940                panic
 .text._out_null
                0x10004970        0x2 CMakeFiles/digigen.dir/home/ok1gal/pico/pico-sdk/src/rp2_common/pico_printf/printf.c.obj
 .text._out_fct
                0x10004972        0xe CMakeFiles/digigen.dir/home/ok1gal/pico/pico-sdk/src/rp2_common/pico_printf/printf.c.obj
 .text._atoi    0x10004980       0x24 CMakeFiles/digigen.dir/home/ok1gal/pico/pico-sdk/src/rp2_common/pico_printf/printf.c.obj
 .text._out_rev
                0x100049a4       0xae CMakeFiles/digigen.dir/home/ok1gal/pico/pico-sdk/src/rp2_common/pico_printf/printf.c.obj
 .text._ntoa_format
                0x10004a52      0x110 CMakeFiles/digigen.dir/home/ok1gal/pico/pico-sdk/src/rp2_common/pico_printf/printf.c.obj
 .text._ntoa_long
                0x10004b62       0xbc CMakeFiles/digigen.dir/home/ok1gal/pico/pico-sdk/src/rp2_common/pico_printf/printf.c.obj
 .text._ntoa_long_long
                0x10004c1e      0x10e CMakeFiles/digigen.dir/home/ok1gal/pico/pico-sdk/src/rp2_common/pico_printf/printf.c.obj
 .text._etoa    0x10004d2c      0x420 CMakeFiles/digigen.dir/home/ok1gal/pico/pico-sdk/src/rp2_common/pico_printf/printf.c.obj
 .text._ftoa    0x1000514c      0x354 CMakeFiles/digigen.dir/home/ok1gal/pico/pico-sdk/src/rp2_common/pico_printf/printf.c.obj
 .text._vsnprintf
                0x100054a0      0x668 CMakeFiles/digigen.dir/home/ok1gal/pico/pico-sdk/src/rp2_common/pico_printf/printf.c.obj
 .text.vfctprintf
                0x10005b08       0x20 CMakeFiles/digigen.dir/home/ok1gal/pico/pico-sdk/src/rp2_common/pico_printf/printf.c.obj
                0x10005b08                vfctprintf
 .text          0x10005b28       0x10 CMakeFiles/digigen.dir/home/ok1gal/pico/pico-sdk/src/rp2_common/pico_bit_ops/bit_ops_aeabi.S.obj
 .text.rom_func_lookup
                0x10005b38       0x10 CMakeFiles/digigen.dir/home/ok1gal/pico/pico-sdk/src/rp2_common/pico_bootrom/bootrom.c.obj
                0x10005b38                rom_func_lookup
 .text.rom_data_lookup
                0x10005b48       0x10 CMakeFiles/digigen.dir/home/ok1gal/pico/pico-sdk/src/rp2_common/pico_bootrom/bootrom.c.obj
                0x10005b48                rom_data_lookup
 .text.rom_funcs_lookup
                0x10005b58       0x36 CMakeFiles/digigen.dir/home/ok1gal/pico/pico-sdk/src/rp2_common/pico_bootrom/bootrom.c.obj
                0x10005b58                rom_funcs_lookup
 *fill*         0x10005b8e        0x2 
 .text.__wrap___aeabi_idiv
                0x10005b90       0x50 CMakeFiles/digigen.dir/home/ok1gal/pico/pico-sdk/src/rp2_common/pico_divider/divider.S.obj
                0x10005b90                __wrap___aeabi_idivmod
                0x10005b90                divmod_s32s32
                0x10005b90                div_s32s32
                0x10005b90                __wrap___aeabi_idiv
                0x10005b98                divmod_s32s32_unsafe
                0x10005bc4                divmod_s32s32_savestate
 .text.__wrap___aeabi_uidiv
                0x10005be0       0x4c CMakeFiles/digigen.dir/home/ok1gal/pico/pico-sdk/src/rp2_common/pico_divider/divider.S.obj
                0x10005be0                __wrap___aeabi_uidiv
                0x10005be0                __wrap___aeabi_uidivmod
                0x10005be0                div_u32u32
                0x10005be0                divmod_u32u32
                0x10005be8                divmod_u32u32_unsafe
                0x10005c10                divmod_u32u32_savestate
 .text.__wrap___aeabi_ldiv
                0x10005c2c      0x424 CMakeFiles/digigen.dir/home/ok1gal/pico/pico-sdk/src/rp2_common/pico_divider/divider.S.obj
                0x10005c2c                div_s64s64
                0x10005c2c                divmod_s64s64
                0x10005c2c                __wrap___aeabi_ldivmod
                0x10005c5c                div_u64u64
                0x10005c5c                divmod_u64u64
                0x10005c5c                __wrap___aeabi_uldivmod
                0x10005c6c                divmod_u64u64_savestate
                0x10005c8c                divmod_s64s64_unsafe
                0x10005d14                divmod_u64u64_unsafe
 .text.__wrap___aeabi_darithmetic
                0x10006050       0x80 CMakeFiles/digigen.dir/home/ok1gal/pico/pico-sdk/src/rp2_common/pico_double/double_aeabi.S.obj
                0x10006050                __wrap___aeabi_drsub
                0x10006056                __wrap___aeabi_dsub
                0x10006068                __wrap___aeabi_dadd
                0x1000607a                __wrap___aeabi_ddiv
                0x100060b6                __wrap___aeabi_dmul
 .text.__wrap___aeabi_cdcmple
                0x100060d0       0x6c CMakeFiles/digigen.dir/home/ok1gal/pico/pico-sdk/src/rp2_common/pico_double/double_aeabi.S.obj
                0x100060d0                __wrap___aeabi_cdrcmple
                0x100060e0                __wrap___aeabi_cdcmple
                0x100060e0                __wrap___aeabi_cdcmpeq
 .text.__wrap___aeabi_dcmpeq
                0x1000613c       0x10 CMakeFiles/digigen.dir/home/ok1gal/pico/pico-sdk/src/rp2_common/pico_double/double_aeabi.S.obj
                0x1000613c                __wrap___aeabi_dcmpeq
 .text.__wrap___aeabi_dcmplt
                0x1000614c        0xc CMakeFiles/digigen.dir/home/ok1gal/pico/pico-sdk/src/rp2_common/pico_double/double_aeabi.S.obj
                0x1000614c                __wrap___aeabi_dcmplt
 .text.__wrap___aeabi_dcmple
                0x10006158       0x10 CMakeFiles/digigen.dir/home/ok1gal/pico/pico-sdk/src/rp2_common/pico_double/double_aeabi.S.obj
                0x10006158                __wrap___aeabi_dcmple
 .text.__wrap___aeabi_dcmpge
                0x10006168       0x10 CMakeFiles/digigen.dir/home/ok1gal/pico/pico-sdk/src/rp2_common/pico_double/double_aeabi.S.obj
                0x10006168                __wrap___aeabi_dcmpge
 .text.__wrap___aeabi_dcmpgt
                0x10006178        0xa CMakeFiles/digigen.dir/home/ok1gal/pico/pico-sdk/src/rp2_common/pico_double/double_aeabi.S.obj
                0x10006178                __wrap___aeabi_dcmpgt
 .text.__wrap___aeabi_dcmpun
                0x10006182       0x1c CMakeFiles/digigen.dir/home/ok1gal/pico/pico-sdk/src/rp2_common/pico_double/double_aeabi.S.obj
                0x10006182                __wrap___aeabi_dcmpun
 *fill*         0x1000619e        0x2 
 .text.__wrap___aeabi_i2d
                0x100061a0       0x38 CMakeFiles/digigen.dir/home/ok1gal/pico/pico-sdk/src/rp2_common/pico_double/double_aeabi.S.obj
                0x100061a0                __wrap___aeabi_ui2d
                0x100061a8                __wrap___aeabi_i2d
 .text.__wrap___aeabi_d2iz
                0x100061d8       0x48 CMakeFiles/digigen.dir/home/ok1gal/pico/pico-sdk/src/rp2_common/pico_double/double_aeabi.S.obj
                0x100061d8                __wrap___aeabi_d2iz
                0x100061d8                double2int_z
 .text.__wrap___aeabi_d2uiz
                0x10006220       0x18 CMakeFiles/digigen.dir/home/ok1gal/pico/pico-sdk/src/rp2_common/pico_double/double_aeabi.S.obj
                0x10006220                double2uint
                0x10006220                __wrap___aeabi_d2uiz
 .text.__wrap___aeabi_ul2d
                0x10006238       0x18 CMakeFiles/digigen.dir/home/ok1gal/pico/pico-sdk/src/rp2_common/pico_double/double_aeabi.S.obj
                0x10006238                __wrap___aeabi_ul2d
 .text.__wrap___aeabi_d2ulz
                0x10006250       0x18 CMakeFiles/digigen.dir/home/ok1gal/pico/pico-sdk/src/rp2_common/pico_double/double_aeabi.S.obj
                0x10006250                __wrap___aeabi_d2ulz
 .text.__wrap_exp
                0x10006268       0x18 CMakeFiles/digigen.dir/home/ok1gal/pico/pico-sdk/src/rp2_common/pico_double/double_aeabi.S.obj
                0x10006268                __wrap_exp
 .text.__wrap_log
                0x10006280       0x18 CMakeFiles/digigen.dir/home/ok1gal/pico/pico-sdk/src/rp2_common/pico_double/double_aeabi.S.obj
                0x10006280                __wrap_log
 .text.__aeabi_double_init
                0x10006298       0xcc CMakeFiles/digigen.dir/home/ok1gal/pico/pico-sdk/src/rp2_common/pico_double/double_init_rom.c.obj
                0x10006298                __aeabi_double_init
 .text.dldexp   0x10006364       0x50 CMakeFiles/digigen.dir/home/ok1gal/pico/pico-sdk/src/rp2_common/pico_double/double_math.c.obj
 .text.disint   0x100063b4       0x60 CMakeFiles/digigen.dir/home/ok1gal/pico/pico-sdk/src/rp2_common/pico_double/double_math.c.obj
 .text.disoddint
                0x10006414       0x7c CMakeFiles/digigen.dir/home/ok1gal/pico/pico-sdk/src/rp2_common/pico_double/double_math.c.obj
 .text.dispo2   0x10006490       0x28 CMakeFiles/digigen.dir/home/ok1gal/pico/pico-sdk/src/rp2_common/pico_double/double_math.c.obj
 .text.dpow_int2
                0x100064b8       0x2c CMakeFiles/digigen.dir/home/ok1gal/pico/pico-sdk/src/rp2_common/pico_double/double_math.c.obj
 .text.dpowint_1
                0x100064e4       0x24 CMakeFiles/digigen.dir/home/ok1gal/pico/pico-sdk/src/rp2_common/pico_double/double_math.c.obj
 .text.dpow_1   0x10006508      0x1dc CMakeFiles/digigen.dir/home/ok1gal/pico/pico-sdk/src/rp2_common/pico_double/double_math.c.obj
 .text.dpow_0   0x100066e4       0xd8 CMakeFiles/digigen.dir/home/ok1gal/pico/pico-sdk/src/rp2_common/pico_double/double_math.c.obj
 .text.__wrap_ldexp
                0x100067bc        0x8 CMakeFiles/digigen.dir/home/ok1gal/pico/pico-sdk/src/rp2_common/pico_double/double_math.c.obj
                0x100067bc                __wrap_ldexp
 .text.__wrap_round
                0x100067c4       0x98 CMakeFiles/digigen.dir/home/ok1gal/pico/pico-sdk/src/rp2_common/pico_double/double_math.c.obj
                0x100067c4                __wrap_round
 .text.__wrap_exp2
                0x1000685c       0x88 CMakeFiles/digigen.dir/home/ok1gal/pico/pico-sdk/src/rp2_common/pico_double/double_math.c.obj
                0x1000685c                __wrap_exp2
 .text.__wrap_pow
                0x100068e4      0x168 CMakeFiles/digigen.dir/home/ok1gal/pico/pico-sdk/src/rp2_common/pico_double/double_math.c.obj
                0x100068e4                __wrap_pow
 .text.double_table_shim_on_use_helper
                0x10006a4c       0x34 CMakeFiles/digigen.dir/home/ok1gal/pico/pico-sdk/src/rp2_common/pico_double/double_v1_rom_shim.S.obj
                0x10006a4c                double_table_shim_on_use_helper
 .text.__wrap___aeabi_dsub
                0x10006a80       0x10 CMakeFiles/digigen.dir/home/ok1gal/pico/pico-sdk/src/rp2_common/pico_double/double_v1_rom_shim.S.obj
                0x10006a80                drsub_shim
                0x10006a86                dsub_shim
 .text.dadd_shim
                0x10006a90      0x15c CMakeFiles/digigen.dir/home/ok1gal/pico/pico-sdk/src/rp2_common/pico_double/double_v1_rom_shim.S.obj
                0x10006a90                dadd_shim
 .text.dmul_shim
                0x10006bec      0x15c CMakeFiles/digigen.dir/home/ok1gal/pico/pico-sdk/src/rp2_common/pico_double/double_v1_rom_shim.S.obj
                0x10006bec                dmul_shim
 .text.ddiv_shim
                0x10006d48      0x1b0 CMakeFiles/digigen.dir/home/ok1gal/pico/pico-sdk/src/rp2_common/pico_double/double_v1_rom_shim.S.obj
                0x10006d48                ddiv_shim
 .text.double2uint_shim
                0x10006ef8        0xe CMakeFiles/digigen.dir/home/ok1gal/pico/pico-sdk/src/rp2_common/pico_double/double_v1_rom_shim.S.obj
                0x10006ef8                double2uint_shim
                0x10006efa                double2ufix_shim
 *fill*         0x10006f06        0x2 
 .text.double2uint64_shim
                0x10006f08       0x70 CMakeFiles/digigen.dir/home/ok1gal/pico/pico-sdk/src/rp2_common/pico_double/double_v1_rom_shim.S.obj
                0x10006f08                double2uint64_shim
                0x10006f0a                double2ufix64_shim
                0x10006f2a                d2fix_a
 .text.x2double_shims
                0x10006f78       0x90 CMakeFiles/digigen.dir/home/ok1gal/pico/pico-sdk/src/rp2_common/pico_double/double_v1_rom_shim.S.obj
                0x10006f78                uint2double_shim
                0x10006f7a                ufix2double_shim
                0x10006f80                int2double_shim
                0x10006f82                fix2double_shim
                0x10006f88                uint642double_shim
                0x10006f8a                ufix642double_shim
                0x10006f90                int642double_shim
                0x10006f92                fix642double_shim
 .text.dunpacks
                0x10007008       0x3c CMakeFiles/digigen.dir/home/ok1gal/pico/pico-sdk/src/rp2_common/pico_double/double_v1_rom_shim.S.obj
                0x10007008                dunpacks
 .text.dreduce  0x10007044       0x82 CMakeFiles/digigen.dir/home/ok1gal/pico/pico-sdk/src/rp2_common/pico_double/double_v1_rom_shim.S.obj
                0x10007044                dreduce
 *fill*         0x100070c6        0x2 
 .text.dexp_guts
                0x100070c8      0x268 CMakeFiles/digigen.dir/home/ok1gal/pico/pico-sdk/src/rp2_common/pico_double/double_v1_rom_shim.S.obj
                0x100070c8                dexp_shim
                0x10007164                dln_shim
 .text.__aeabi_lmul
                0x10007330       0x32 CMakeFiles/digigen.dir/home/ok1gal/pico/pico-sdk/src/rp2_common/pico_int64_ops/pico_int64_ops_aeabi.S.obj
                0x10007330                __wrap___aeabi_lmul
 *fill*         0x10007362        0x2 
 .text.__wrap___aeabi_farithmetic
                0x10007364       0x58 CMakeFiles/digigen.dir/home/ok1gal/pico/pico-sdk/src/rp2_common/pico_float/float_aeabi.S.obj
                0x10007364                __wrap___aeabi_frsub
                0x1000736a                __wrap___aeabi_fsub
                0x10007374                __wrap___aeabi_fadd
                0x1000737e                __wrap___aeabi_fdiv
                0x100073aa                __wrap___aeabi_fmul
 .text.__wrap___aeabi_ui2f
                0x100073bc        0xa CMakeFiles/digigen.dir/home/ok1gal/pico/pico-sdk/src/rp2_common/pico_float/float_aeabi.S.obj
                0x100073bc                __wrap___aeabi_ui2f
 *fill*         0x100073c6        0x2 
 .text.__wrap___aeabi_i2f
                0x100073c8       0x44 CMakeFiles/digigen.dir/home/ok1gal/pico/pico-sdk/src/rp2_common/pico_float/float_aeabi.S.obj
                0x100073c8                __wrap___aeabi_i2f
 .text.__wrap___aeabi_f2uiz
                0x1000740c       0x10 CMakeFiles/digigen.dir/home/ok1gal/pico/pico-sdk/src/rp2_common/pico_float/float_aeabi.S.obj
                0x1000740c                __wrap___aeabi_f2uiz
 .text.__wrap___aeabi_f2ulz
                0x1000741c       0x14 CMakeFiles/digigen.dir/home/ok1gal/pico/pico-sdk/src/rp2_common/pico_float/float_aeabi.S.obj
                0x1000741c                __wrap___aeabi_f2ulz
 .text.__aeabi_float_init
                0x10007430       0xfc CMakeFiles/digigen.dir/home/ok1gal/pico/pico-sdk/src/rp2_common/pico_float/float_init_rom.c.obj
                0x10007430                __aeabi_float_init
 .text.float_table_shim_on_use_helper
                0x1000752c       0x34 CMakeFiles/digigen.dir/home/ok1gal/pico/pico-sdk/src/rp2_common/pico_float/float_v1_rom_shim.S.obj
                0x1000752c                float_table_shim_on_use_helper
 .text.float264_shims
                0x10007560       0x4c CMakeFiles/digigen.dir/home/ok1gal/pico/pico-sdk/src/rp2_common/pico_float/float_v1_rom_shim.S.obj
                0x10007560                float2int64_shim
                0x10007562                float2fix64_shim
                0x1000756a                float2uint64_shim
                0x1000756c                float2ufix64_shim
 .text.d2fix_a_float
                0x100075ac       0x5c CMakeFiles/digigen.dir/home/ok1gal/pico/pico-sdk/src/rp2_common/pico_float/float_v1_rom_shim.S.obj
 .text.check_alloc
                0x10007608       0x20 CMakeFiles/digigen.dir/home/ok1gal/pico/pico-sdk/src/rp2_common/pico_malloc/pico_malloc.c.obj
 .text.__wrap_malloc
                0x10007628       0x2c CMakeFiles/digigen.dir/home/ok1gal/pico/pico-sdk/src/rp2_common/pico_malloc/pico_malloc.c.obj
                0x10007628                __wrap_malloc
 .text.__wrap_free
                0x10007654       0x20 CMakeFiles/digigen.dir/home/ok1gal/pico/pico-sdk/src/rp2_common/pico_malloc/pico_malloc.c.obj
                0x10007654                __wrap_free
 .text          0x10007674       0x10 CMakeFiles/digigen.dir/home/ok1gal/pico/pico-sdk/src/rp2_common/pico_mem_ops/mem_ops_aeabi.S.obj
                0x10007674                __aeabi_mem_init
 .text.memset   0x10007684        0xc CMakeFiles/digigen.dir/home/ok1gal/pico/pico-sdk/src/rp2_common/pico_mem_ops/mem_ops_aeabi.S.obj
                0x10007684                __wrap_memset
 .text.memcpy   0x10007690        0xc CMakeFiles/digigen.dir/home/ok1gal/pico/pico-sdk/src/rp2_common/pico_mem_ops/mem_ops_aeabi.S.obj
                0x10007690                __wrap___aeabi_memcpy
                0x10007690                __wrap_memcpy
 .text.time_reached
                0x1000769c       0x28 CMakeFiles/digigen.dir/home/ok1gal/pico/pico-sdk/src/rp2_common/pico_stdio/stdio.c.obj
 .text.stdio_out_chars_no_crlf
                0x100076c4        0xe CMakeFiles/digigen.dir/home/ok1gal/pico/pico-sdk/src/rp2_common/pico_stdio/stdio.c.obj
 *fill*         0x100076d2        0x2 
 .text.stdio_out_chars_crlf
                0x100076d4       0x80 CMakeFiles/digigen.dir/home/ok1gal/pico/pico-sdk/src/rp2_common/pico_stdio/stdio.c.obj
 .text.stdio_stack_buffer_flush
                0x10007754       0x44 CMakeFiles/digigen.dir/home/ok1gal/pico/pico-sdk/src/rp2_common/pico_stdio/stdio.c.obj
 .text.stdio_buffered_printer
                0x10007798       0x20 CMakeFiles/digigen.dir/home/ok1gal/pico/pico-sdk/src/rp2_common/pico_stdio/stdio.c.obj
 .text.update_us_since_boot
                0x100077b8       0x24 CMakeFiles/digigen.dir/home/ok1gal/pico/pico-sdk/src/rp2_common/pico_stdio/stdio.c.obj
 .text.get_absolute_time
                0x100077dc       0x22 CMakeFiles/digigen.dir/home/ok1gal/pico/pico-sdk/src/rp2_common/pico_stdio/stdio.c.obj
 *fill*         0x100077fe        0x2 
 .text.delayed_by_ms
                0x10007800       0x44 CMakeFiles/digigen.dir/home/ok1gal/pico/pico-sdk/src/rp2_common/pico_stdio/stdio.c.obj
 .text.make_timeout_time_ms
                0x10007844       0x20 CMakeFiles/digigen.dir/home/ok1gal/pico/pico-sdk/src/rp2_common/pico_stdio/stdio.c.obj
 .text.delayed_by_us
                0x10007864       0x34 CMakeFiles/digigen.dir/home/ok1gal/pico/pico-sdk/src/rp2_common/pico_stdio/stdio.c.obj
 .text.make_timeout_time_us
                0x10007898       0x24 CMakeFiles/digigen.dir/home/ok1gal/pico/pico-sdk/src/rp2_common/pico_stdio/stdio.c.obj
 .text.stdio_get_until
                0x100078bc       0x64 CMakeFiles/digigen.dir/home/ok1gal/pico/pico-sdk/src/rp2_common/pico_stdio/stdio.c.obj
 .text.stdout_serialize_begin
                0x10007920       0x20 CMakeFiles/digigen.dir/home/ok1gal/pico/pico-sdk/src/rp2_common/pico_stdio/stdio.c.obj
                0x10007920                stdout_serialize_begin
 .text.stdout_serialize_end
                0x10007940       0x10 CMakeFiles/digigen.dir/home/ok1gal/pico/pico-sdk/src/rp2_common/pico_stdio/stdio.c.obj
                0x10007940                stdout_serialize_end
 .text.stdio_put_string
                0x10007950       0x98 CMakeFiles/digigen.dir/home/ok1gal/pico/pico-sdk/src/rp2_common/pico_stdio/stdio.c.obj
 .text.__wrap_putchar
                0x100079e8       0x1c CMakeFiles/digigen.dir/home/ok1gal/pico/pico-sdk/src/rp2_common/pico_stdio/stdio.c.obj
                0x100079e8                __wrap_putchar
 .text.stdio_set_driver_enabled
                0x10007a04       0x2c CMakeFiles/digigen.dir/home/ok1gal/pico/pico-sdk/src/rp2_common/pico_stdio/stdio.c.obj
                0x10007a04                stdio_set_driver_enabled
 .text.stdio_flush
                0x10007a30       0x20 CMakeFiles/digigen.dir/home/ok1gal/pico/pico-sdk/src/rp2_common/pico_stdio/stdio.c.obj
                0x10007a30                stdio_flush
 .text.__wrap_puts
                0x10007a50       0x1e CMakeFiles/digigen.dir/home/ok1gal/pico/pico-sdk/src/rp2_common/pico_stdio/stdio.c.obj
                0x10007a50                __wrap_puts
 *fill*         0x10007a6e        0x2 
 .text.__wrap_vprintf
                0x10007a70       0x40 CMakeFiles/digigen.dir/home/ok1gal/pico/pico-sdk/src/rp2_common/pico_stdio/stdio.c.obj
                0x10007a70                __wrap_vprintf
 .text.__wrap_printf
                0x10007ab0       0x18 CMakeFiles/digigen.dir/home/ok1gal/pico/pico-sdk/src/rp2_common/pico_stdio/stdio.c.obj
                0x10007ab0                __wrap_printf
 .text.stdio_init_all
                0x10007ac8        0x8 CMakeFiles/digigen.dir/home/ok1gal/pico/pico-sdk/src/rp2_common/pico_stdio/stdio.c.obj
                0x10007ac8                stdio_init_all
 .text.getchar_timeout_us
                0x10007ad0       0x44 CMakeFiles/digigen.dir/home/ok1gal/pico/pico-sdk/src/rp2_common/pico_stdio/stdio.c.obj
                0x10007ad0                getchar_timeout_us
 .text.resetd_init
                0x10007b14        0x2 CMakeFiles/digigen.dir/home/ok1gal/pico/pico-sdk/src/rp2_common/pico_stdio_usb/reset_interface.c.obj
 *fill*         0x10007b16        0x2 
 .text.resetd_reset
                0x10007b18        0xc CMakeFiles/digigen.dir/home/ok1gal/pico/pico-sdk/src/rp2_common/pico_stdio_usb/reset_interface.c.obj
 .text.resetd_open
                0x10007b24       0x34 CMakeFiles/digigen.dir/home/ok1gal/pico/pico-sdk/src/rp2_common/pico_stdio_usb/reset_interface.c.obj
 .text.resetd_xfer_cb
                0x10007b58        0x4 CMakeFiles/digigen.dir/home/ok1gal/pico/pico-sdk/src/rp2_common/pico_stdio_usb/reset_interface.c.obj
 .text.reset_usb_boot
                0x10007b5c       0x18 CMakeFiles/digigen.dir/home/ok1gal/pico/pico-sdk/src/rp2_common/pico_stdio_usb/reset_interface.c.obj
 .text.resetd_control_xfer_cb
                0x10007b74       0x5c CMakeFiles/digigen.dir/home/ok1gal/pico/pico-sdk/src/rp2_common/pico_stdio_usb/reset_interface.c.obj
 .text.usbd_app_driver_get_cb
                0x10007bd0        0xc CMakeFiles/digigen.dir/home/ok1gal/pico/pico-sdk/src/rp2_common/pico_stdio_usb/reset_interface.c.obj
                0x10007bd0                usbd_app_driver_get_cb
 .text.tud_cdc_line_coding_cb
                0x10007bdc       0x28 CMakeFiles/digigen.dir/home/ok1gal/pico/pico-sdk/src/rp2_common/pico_stdio_usb/reset_interface.c.obj
                0x10007bdc                tud_cdc_line_coding_cb
 .text.stdio_usb_set_chars_available_callback
                0x10007c04       0x14 CMakeFiles/digigen.dir/home/ok1gal/pico/pico-sdk/src/rp2_common/pico_stdio_usb/stdio_usb.c.obj
                0x10007c04                stdio_usb_set_chars_available_callback
 .text.update_us_since_boot
                0x10007c18       0x24 CMakeFiles/digigen.dir/home/ok1gal/pico/pico-sdk/src/rp2_common/pico_stdio_usb/stdio_usb.c.obj
 .text.get_absolute_time
                0x10007c3c       0x22 CMakeFiles/digigen.dir/home/ok1gal/pico/pico-sdk/src/rp2_common/pico_stdio_usb/stdio_usb.c.obj
 *fill*         0x10007c5e        0x2 
 .text.delayed_by_ms
                0x10007c60       0x44 CMakeFiles/digigen.dir/home/ok1gal/pico/pico-sdk/src/rp2_common/pico_stdio_usb/stdio_usb.c.obj
 .text.make_timeout_time_ms
                0x10007ca4       0x20 CMakeFiles/digigen.dir/home/ok1gal/pico/pico-sdk/src/rp2_common/pico_stdio_usb/stdio_usb.c.obj
 .text.delayed_by_us
                0x10007cc4       0x34 CMakeFiles/digigen.dir/home/ok1gal/pico/pico-sdk/src/rp2_common/pico_stdio_usb/stdio_usb.c.obj
 .text.usb_irq  0x10007cf8       0x10 CMakeFiles/digigen.dir/home/ok1gal/pico/pico-sdk/src/rp2_common/pico_stdio_usb/stdio_usb.c.obj
 .text.critical_section_enter_blocking
                0x10007d08       0x16 CMakeFiles/digigen.dir/home/ok1gal/pico/pico-sdk/src/rp2_common/pico_stdio_usb/stdio_usb.c.obj
 *fill*         0x10007d1e        0x2 
 .text.timer_task
                0x10007d20       0x4c CMakeFiles/digigen.dir/home/ok1gal/pico/pico-sdk/src/rp2_common/pico_stdio_usb/stdio_usb.c.obj
 .text.alarm_pool_add_alarm_in_us
                0x10007d6c       0x3a CMakeFiles/digigen.dir/home/ok1gal/pico/pico-sdk/src/rp2_common/pico_stdio_usb/stdio_usb.c.obj
 .text.add_alarm_in_us
                0x10007da6       0x2e CMakeFiles/digigen.dir/home/ok1gal/pico/pico-sdk/src/rp2_common/pico_stdio_usb/stdio_usb.c.obj
 .text.low_priority_worker_irq
                0x10007dd4       0x7c CMakeFiles/digigen.dir/home/ok1gal/pico/pico-sdk/src/rp2_common/pico_stdio_usb/stdio_usb.c.obj
 .text.tud_cdc_rx_cb
                0x10007e50       0x20 CMakeFiles/digigen.dir/home/ok1gal/pico/pico-sdk/src/rp2_common/pico_stdio_usb/stdio_usb.c.obj
                0x10007e50                tud_cdc_rx_cb
 .text.stdio_usb_init
                0x10007e70       0xd0 CMakeFiles/digigen.dir/home/ok1gal/pico/pico-sdk/src/rp2_common/pico_stdio_usb/stdio_usb.c.obj
                0x10007e70                stdio_usb_init
 .text.stdio_usb_connected
                0x10007f40        0xa CMakeFiles/digigen.dir/home/ok1gal/pico/pico-sdk/src/rp2_common/pico_stdio_usb/stdio_usb.c.obj
                0x10007f40                stdio_usb_connected
 *fill*         0x10007f4a        0x2 
 .text.stdio_usb_in_chars
                0x10007f4c       0x88 CMakeFiles/digigen.dir/home/ok1gal/pico/pico-sdk/src/rp2_common/pico_stdio_usb/stdio_usb.c.obj
                0x10007f4c                stdio_usb_in_chars
 .text.stdio_usb_out_chars
                0x10007fd4       0xd8 CMakeFiles/digigen.dir/home/ok1gal/pico/pico-sdk/src/rp2_common/pico_stdio_usb/stdio_usb.c.obj
 .text.tud_descriptor_device_cb
                0x100080ac        0x8 CMakeFiles/digigen.dir/home/ok1gal/pico/pico-sdk/src/rp2_common/pico_stdio_usb/stdio_usb_descriptors.c.obj
                0x100080ac                tud_descriptor_device_cb
 .text.tud_descriptor_configuration_cb
                0x100080b4        0x8 CMakeFiles/digigen.dir/home/ok1gal/pico/pico-sdk/src/rp2_common/pico_stdio_usb/stdio_usb_descriptors.c.obj
                0x100080b4                tud_descriptor_configuration_cb
 .text.tud_descriptor_string_cb
                0x100080bc       0x6c CMakeFiles/digigen.dir/home/ok1gal/pico/pico-sdk/src/rp2_common/pico_stdio_usb/stdio_usb_descriptors.c.obj
                0x100080bc                tud_descriptor_string_cb
 .text._retrieve_unique_id_on_boot
                0x10008128       0x10 CMakeFiles/digigen.dir/home/ok1gal/pico/pico-sdk/src/rp2_common/pico_unique_id/unique_id.c.obj
 .text.pico_get_unique_board_id_string
                0x10008138       0x5c CMakeFiles/digigen.dir/home/ok1gal/pico/pico-sdk/src/rp2_common/pico_unique_id/unique_id.c.obj
                0x10008138                pico_get_unique_board_id_string
 .text.flash_get_unique_id
                0x10008194       0x40 CMakeFiles/digigen.dir/home/ok1gal/pico/pico-sdk/src/rp2_common/hardware_flash/flash.c.obj
                0x10008194                flash_get_unique_id
 .text.hw_endpoint_get_by_addr
                0x100081d4       0x18 CMakeFiles/digigen.dir/home/ok1gal/pico/pico-sdk/lib/tinyusb/src/portable/raspberrypi/rp2040/dcd_rp2040.c.obj
 .text._hw_endpoint_alloc
                0x100081ec       0x70 CMakeFiles/digigen.dir/home/ok1gal/pico/pico-sdk/lib/tinyusb/src/portable/raspberrypi/rp2040/dcd_rp2040.c.obj
 .text.hw_endpoint_init
                0x1000825c       0x88 CMakeFiles/digigen.dir/home/ok1gal/pico/pico-sdk/lib/tinyusb/src/portable/raspberrypi/rp2040/dcd_rp2040.c.obj
 .text.dcd_event_sof
                0x100082e4       0x2c CMakeFiles/digigen.dir/home/ok1gal/pico/pico-sdk/lib/tinyusb/src/portable/raspberrypi/rp2040/dcd_rp2040.c.obj
 .text.hw_endpoint_xfer
                0x10008310       0x14 CMakeFiles/digigen.dir/home/ok1gal/pico/pico-sdk/lib/tinyusb/src/portable/raspberrypi/rp2040/dcd_rp2040.c.obj
 .text.dcd_int_enable
                0x10008324       0x2c CMakeFiles/digigen.dir/home/ok1gal/pico/pico-sdk/lib/tinyusb/src/portable/raspberrypi/rp2040/dcd_rp2040.c.obj
                0x10008324                dcd_int_enable
 .text.dcd_set_address
                0x10008350       0x2c CMakeFiles/digigen.dir/home/ok1gal/pico/pico-sdk/lib/tinyusb/src/portable/raspberrypi/rp2040/dcd_rp2040.c.obj
                0x10008350                dcd_set_address
 .text.dcd_connect
                0x1000837c       0x10 CMakeFiles/digigen.dir/home/ok1gal/pico/pico-sdk/lib/tinyusb/src/portable/raspberrypi/rp2040/dcd_rp2040.c.obj
                0x1000837c                dcd_connect
 .text.dcd_init
                0x1000838c       0x80 CMakeFiles/digigen.dir/home/ok1gal/pico/pico-sdk/lib/tinyusb/src/portable/raspberrypi/rp2040/dcd_rp2040.c.obj
                0x1000838c                dcd_init
 .text.dcd_edpt0_status_complete
                0x1000840c       0x1c CMakeFiles/digigen.dir/home/ok1gal/pico/pico-sdk/lib/tinyusb/src/portable/raspberrypi/rp2040/dcd_rp2040.c.obj
                0x1000840c                dcd_edpt0_status_complete
 .text.dcd_edpt_open
                0x10008428       0x40 CMakeFiles/digigen.dir/home/ok1gal/pico/pico-sdk/lib/tinyusb/src/portable/raspberrypi/rp2040/dcd_rp2040.c.obj
                0x10008428                dcd_edpt_open
 .text.dcd_edpt_close_all
                0x10008468        0x8 CMakeFiles/digigen.dir/home/ok1gal/pico/pico-sdk/lib/tinyusb/src/portable/raspberrypi/rp2040/dcd_rp2040.c.obj
                0x10008468                dcd_edpt_close_all
 .text.dcd_edpt_xfer
                0x10008470       0x34 CMakeFiles/digigen.dir/home/ok1gal/pico/pico-sdk/lib/tinyusb/src/portable/raspberrypi/rp2040/dcd_rp2040.c.obj
                0x10008470                dcd_edpt_xfer
 .text.dcd_edpt_stall
                0x100084a4       0x2c CMakeFiles/digigen.dir/home/ok1gal/pico/pico-sdk/lib/tinyusb/src/portable/raspberrypi/rp2040/dcd_rp2040.c.obj
                0x100084a4                dcd_edpt_stall
 .text.dcd_edpt_clear_stall
                0x100084d0       0x20 CMakeFiles/digigen.dir/home/ok1gal/pico/pico-sdk/lib/tinyusb/src/portable/raspberrypi/rp2040/dcd_rp2040.c.obj
                0x100084d0                dcd_edpt_clear_stall
 .text.rp2040_usb_init
                0x100084f0       0x4c CMakeFiles/digigen.dir/home/ok1gal/pico/pico-sdk/lib/tinyusb/src/portable/raspberrypi/rp2040/rp2040_usb.c.obj
                0x100084f0                rp2040_usb_init
 .text.hw_endpoint_xfer_start
                0x1000853c       0x50 CMakeFiles/digigen.dir/home/ok1gal/pico/pico-sdk/lib/tinyusb/src/portable/raspberrypi/rp2040/rp2040_usb.c.obj
                0x1000853c                hw_endpoint_xfer_start
 .text.configuration_reset
                0x1000858c       0x84 CMakeFiles/digigen.dir/home/ok1gal/pico/pico-sdk/lib/tinyusb/src/device/usbd.c.obj
 .text.critical_section_enter_blocking
                0x10008610       0x16 CMakeFiles/digigen.dir/home/ok1gal/pico/pico-sdk/lib/tinyusb/src/device/usbd.c.obj
 .text.usbd_reset
                0x10008626        0xc CMakeFiles/digigen.dir/home/ok1gal/pico/pico-sdk/lib/tinyusb/src/device/usbd.c.obj
 .text.invoke_class_control
                0x10008632       0x1a CMakeFiles/digigen.dir/home/ok1gal/pico/pico-sdk/lib/tinyusb/src/device/usbd.c.obj
 .text.process_set_config
                0x1000864c      0x178 CMakeFiles/digigen.dir/home/ok1gal/pico/pico-sdk/lib/tinyusb/src/device/usbd.c.obj
 .text.process_get_descriptor
                0x100087c4       0xdc CMakeFiles/digigen.dir/home/ok1gal/pico/pico-sdk/lib/tinyusb/src/device/usbd.c.obj
 .text.tud_mounted
                0x100088a0       0x10 CMakeFiles/digigen.dir/home/ok1gal/pico/pico-sdk/lib/tinyusb/src/device/usbd.c.obj
                0x100088a0                tud_mounted
 .text.tud_suspended
                0x100088b0       0x10 CMakeFiles/digigen.dir/home/ok1gal/pico/pico-sdk/lib/tinyusb/src/device/usbd.c.obj
                0x100088b0                tud_suspended
 .text.tud_inited
                0x100088c0       0x14 CMakeFiles/digigen.dir/home/ok1gal/pico/pico-sdk/lib/tinyusb/src/device/usbd.c.obj
                0x100088c0                tud_inited
 .text.tud_init
                0x100088d4       0xcc CMakeFiles/digigen.dir/home/ok1gal/pico/pico-sdk/lib/tinyusb/src/device/usbd.c.obj
                0x100088d4                tud_init
 .text.usbd_defer_func
                0x100089a0       0x2a CMakeFiles/digigen.dir/home/ok1gal/pico/pico-sdk/lib/tinyusb/src/device/usbd.c.obj
                0x100089a0                usbd_defer_func
 *fill*         0x100089ca        0x2 
 .text.usbd_edpt_open
                0x100089cc       0x34 CMakeFiles/digigen.dir/home/ok1gal/pico/pico-sdk/lib/tinyusb/src/device/usbd.c.obj
                0x100089cc                usbd_edpt_open
 .text.usbd_open_edpt_pair
                0x10008a00       0x62 CMakeFiles/digigen.dir/home/ok1gal/pico/pico-sdk/lib/tinyusb/src/device/usbd.c.obj
                0x10008a00                usbd_open_edpt_pair
 *fill*         0x10008a62        0x2 
 .text.usbd_edpt_claim
                0x10008a64       0x28 CMakeFiles/digigen.dir/home/ok1gal/pico/pico-sdk/lib/tinyusb/src/device/usbd.c.obj
                0x10008a64                usbd_edpt_claim
 .text.usbd_edpt_release
                0x10008a8c       0x28 CMakeFiles/digigen.dir/home/ok1gal/pico/pico-sdk/lib/tinyusb/src/device/usbd.c.obj
                0x10008a8c                usbd_edpt_release
 .text.usbd_edpt_xfer
                0x10008ab4       0x78 CMakeFiles/digigen.dir/home/ok1gal/pico/pico-sdk/lib/tinyusb/src/device/usbd.c.obj
                0x10008ab4                usbd_edpt_xfer
 .text.usbd_edpt_stall
                0x10008b2c       0x48 CMakeFiles/digigen.dir/home/ok1gal/pico/pico-sdk/lib/tinyusb/src/device/usbd.c.obj
                0x10008b2c                usbd_edpt_stall
 .text.usbd_edpt_clear_stall
                0x10008b74       0x48 CMakeFiles/digigen.dir/home/ok1gal/pico/pico-sdk/lib/tinyusb/src/device/usbd.c.obj
                0x10008b74                usbd_edpt_clear_stall
 .text.usbd_edpt_stalled
                0x10008bbc       0x1c CMakeFiles/digigen.dir/home/ok1gal/pico/pico-sdk/lib/tinyusb/src/device/usbd.c.obj
                0x10008bbc                usbd_edpt_stalled
 .text.process_control_request
                0x10008bd8      0x374 CMakeFiles/digigen.dir/home/ok1gal/pico/pico-sdk/lib/tinyusb/src/device/usbd.c.obj
 .text.tud_task_ext
                0x10008f4c      0x1a8 CMakeFiles/digigen.dir/home/ok1gal/pico/pico-sdk/lib/tinyusb/src/device/usbd.c.obj
                0x10008f4c                tud_task_ext
 .text._status_stage_xact
                0x100090f4       0x1a CMakeFiles/digigen.dir/home/ok1gal/pico/pico-sdk/lib/tinyusb/src/device/usbd_control.c.obj
 *fill*         0x1000910e        0x2 
 .text._data_stage_xact
                0x10009110       0x58 CMakeFiles/digigen.dir/home/ok1gal/pico/pico-sdk/lib/tinyusb/src/device/usbd_control.c.obj
 .text.tud_control_status
                0x10009168       0x28 CMakeFiles/digigen.dir/home/ok1gal/pico/pico-sdk/lib/tinyusb/src/device/usbd_control.c.obj
                0x10009168                tud_control_status
 .text.tud_control_xfer
                0x10009190       0x68 CMakeFiles/digigen.dir/home/ok1gal/pico/pico-sdk/lib/tinyusb/src/device/usbd_control.c.obj
                0x10009190                tud_control_xfer
 .text.usbd_control_reset
                0x100091f8       0x14 CMakeFiles/digigen.dir/home/ok1gal/pico/pico-sdk/lib/tinyusb/src/device/usbd_control.c.obj
                0x100091f8                usbd_control_reset
 .text.usbd_control_set_complete_callback
                0x1000920c        0xc CMakeFiles/digigen.dir/home/ok1gal/pico/pico-sdk/lib/tinyusb/src/device/usbd_control.c.obj
                0x1000920c                usbd_control_set_complete_callback
 .text.usbd_control_set_request
                0x10009218       0x1c CMakeFiles/digigen.dir/home/ok1gal/pico/pico-sdk/lib/tinyusb/src/device/usbd_control.c.obj
                0x10009218                usbd_control_set_request
 .text.usbd_control_xfer_cb
                0x10009234       0xbc CMakeFiles/digigen.dir/home/ok1gal/pico/pico-sdk/lib/tinyusb/src/device/usbd_control.c.obj
                0x10009234                usbd_control_xfer_cb
 .text._prep_out_transaction
                0x100092f0       0x4a CMakeFiles/digigen.dir/home/ok1gal/pico/pico-sdk/lib/tinyusb/src/class/cdc/cdc_device.c.obj
 *fill*         0x1000933a        0x2 
 .text.tud_cdc_n_connected
                0x1000933c       0x38 CMakeFiles/digigen.dir/home/ok1gal/pico/pico-sdk/lib/tinyusb/src/class/cdc/cdc_device.c.obj
                0x1000933c                tud_cdc_n_connected
 .text.tud_cdc_n_available
                0x10009374       0x18 CMakeFiles/digigen.dir/home/ok1gal/pico/pico-sdk/lib/tinyusb/src/class/cdc/cdc_device.c.obj
                0x10009374                tud_cdc_n_available
 .text.tud_cdc_n_read
                0x1000938c       0x28 CMakeFiles/digigen.dir/home/ok1gal/pico/pico-sdk/lib/tinyusb/src/class/cdc/cdc_device.c.obj
                0x1000938c                tud_cdc_n_read
 .text.tud_cdc_n_write_flush
                0x100093b4       0xb8 CMakeFiles/digigen.dir/home/ok1gal/pico/pico-sdk/lib/tinyusb/src/class/cdc/cdc_device.c.obj
                0x100093b4                tud_cdc_n_write_flush
 .text.tud_cdc_n_write
                0x1000946c       0x38 CMakeFiles/digigen.dir/home/ok1gal/pico/pico-sdk/lib/tinyusb/src/class/cdc/cdc_device.c.obj
                0x1000946c                tud_cdc_n_write
 .text.tud_cdc_n_write_available
                0x100094a4       0x1c CMakeFiles/digigen.dir/home/ok1gal/pico/pico-sdk/lib/tinyusb/src/class/cdc/cdc_device.c.obj
                0x100094a4                tud_cdc_n_write_available
 .text.cdcd_init
                0x100094c0       0xbc CMakeFiles/digigen.dir/home/ok1gal/pico/pico-sdk/lib/tinyusb/src/class/cdc/cdc_device.c.obj
                0x100094c0                cdcd_init
 .text.cdcd_reset
                0x1000957c       0x44 CMakeFiles/digigen.dir/home/ok1gal/pico/pico-sdk/lib/tinyusb/src/class/cdc/cdc_device.c.obj
                0x1000957c                cdcd_reset
 .text.cdcd_open
                0x100095c0       0xc4 CMakeFiles/digigen.dir/home/ok1gal/pico/pico-sdk/lib/tinyusb/src/class/cdc/cdc_device.c.obj
                0x100095c0                cdcd_open
 .text.cdcd_control_xfer_cb
                0x10009684      0x134 CMakeFiles/digigen.dir/home/ok1gal/pico/pico-sdk/lib/tinyusb/src/class/cdc/cdc_device.c.obj
                0x10009684                cdcd_control_xfer_cb
 .text.cdcd_xfer_cb
                0x100097b8      0x130 CMakeFiles/digigen.dir/home/ok1gal/pico/pico-sdk/lib/tinyusb/src/class/cdc/cdc_device.c.obj
                0x100097b8                cdcd_xfer_cb
 .text.tusb_init
                0x100098e8        0xa CMakeFiles/digigen.dir/home/ok1gal/pico/pico-sdk/lib/tinyusb/src/tusb.c.obj
                0x100098e8                tusb_init
 .text.tusb_inited
                0x100098f2        0xe CMakeFiles/digigen.dir/home/ok1gal/pico/pico-sdk/lib/tinyusb/src/tusb.c.obj
                0x100098f2                tusb_inited
 .text.tu_edpt_claim
                0x10009900       0x50 CMakeFiles/digigen.dir/home/ok1gal/pico/pico-sdk/lib/tinyusb/src/tusb.c.obj
                0x10009900                tu_edpt_claim
 .text.tu_edpt_release
                0x10009950       0x38 CMakeFiles/digigen.dir/home/ok1gal/pico/pico-sdk/lib/tinyusb/src/tusb.c.obj
                0x10009950                tu_edpt_release
 .text.tu_edpt_validate
                0x10009988       0x78 CMakeFiles/digigen.dir/home/ok1gal/pico/pico-sdk/lib/tinyusb/src/tusb.c.obj
                0x10009988                tu_edpt_validate
 .text.tu_edpt_bind_driver
                0x10009a00       0x26 CMakeFiles/digigen.dir/home/ok1gal/pico/pico-sdk/lib/tinyusb/src/tusb.c.obj
                0x10009a00                tu_edpt_bind_driver
 .text.advance_index
                0x10009a26       0x1a CMakeFiles/digigen.dir/home/ok1gal/pico/pico-sdk/lib/tinyusb/src/common/tusb_fifo.c.obj
 .text._tu_fifo_peek
                0x10009a40       0x56 CMakeFiles/digigen.dir/home/ok1gal/pico/pico-sdk/lib/tinyusb/src/common/tusb_fifo.c.obj
 .text._ff_pull_const_addr
                0x10009a96       0x4c CMakeFiles/digigen.dir/home/ok1gal/pico/pico-sdk/lib/tinyusb/src/common/tusb_fifo.c.obj
 .text._ff_pull_n
                0x10009ae2      0x110 CMakeFiles/digigen.dir/home/ok1gal/pico/pico-sdk/lib/tinyusb/src/common/tusb_fifo.c.obj
 .text._tu_fifo_peek_n
                0x10009bf2       0x6a CMakeFiles/digigen.dir/home/ok1gal/pico/pico-sdk/lib/tinyusb/src/common/tusb_fifo.c.obj
 .text._tu_fifo_read_n
                0x10009c5c       0x4e CMakeFiles/digigen.dir/home/ok1gal/pico/pico-sdk/lib/tinyusb/src/common/tusb_fifo.c.obj
 .text._ff_push_const_addr
                0x10009caa       0x40 CMakeFiles/digigen.dir/home/ok1gal/pico/pico-sdk/lib/tinyusb/src/common/tusb_fifo.c.obj
 .text._ff_push_n
                0x10009cea      0x10c CMakeFiles/digigen.dir/home/ok1gal/pico/pico-sdk/lib/tinyusb/src/common/tusb_fifo.c.obj
 .text._tu_fifo_write_n
                0x10009df6       0xf0 CMakeFiles/digigen.dir/home/ok1gal/pico/pico-sdk/lib/tinyusb/src/common/tusb_fifo.c.obj
 .text.tu_fifo_config
                0x10009ee6       0x7c CMakeFiles/digigen.dir/home/ok1gal/pico/pico-sdk/lib/tinyusb/src/common/tusb_fifo.c.obj
                0x10009ee6                tu_fifo_config
 .text.tu_fifo_count
                0x10009f62       0x2a CMakeFiles/digigen.dir/home/ok1gal/pico/pico-sdk/lib/tinyusb/src/common/tusb_fifo.c.obj
                0x10009f62                tu_fifo_count
 .text.tu_fifo_empty
                0x10009f8c        0xe CMakeFiles/digigen.dir/home/ok1gal/pico/pico-sdk/lib/tinyusb/src/common/tusb_fifo.c.obj
                0x10009f8c                tu_fifo_empty
 .text.tu_fifo_full
                0x10009f9a       0x28 CMakeFiles/digigen.dir/home/ok1gal/pico/pico-sdk/lib/tinyusb/src/common/tusb_fifo.c.obj
                0x10009f9a                tu_fifo_full
 .text.tu_fifo_remaining
                0x10009fc2       0x2c CMakeFiles/digigen.dir/home/ok1gal/pico/pico-sdk/lib/tinyusb/src/common/tusb_fifo.c.obj
                0x10009fc2                tu_fifo_remaining
 .text.tu_fifo_read
                0x10009fee       0x42 CMakeFiles/digigen.dir/home/ok1gal/pico/pico-sdk/lib/tinyusb/src/common/tusb_fifo.c.obj
                0x10009fee                tu_fifo_read
 .text.tu_fifo_read_n
                0x1000a030        0xa CMakeFiles/digigen.dir/home/ok1gal/pico/pico-sdk/lib/tinyusb/src/common/tusb_fifo.c.obj
                0x1000a030                tu_fifo_read_n
 .text.tu_fifo_write
                0x1000a03a       0x64 CMakeFiles/digigen.dir/home/ok1gal/pico/pico-sdk/lib/tinyusb/src/common/tusb_fifo.c.obj
                0x1000a03a                tu_fifo_write
 .text.tu_fifo_write_n
                0x1000a09e        0xa CMakeFiles/digigen.dir/home/ok1gal/pico/pico-sdk/lib/tinyusb/src/common/tusb_fifo.c.obj
                0x1000a09e                tu_fifo_write_n
 .text.tu_fifo_clear
                0x1000a0a8       0x3e CMakeFiles/digigen.dir/home/ok1gal/pico/pico-sdk/lib/tinyusb/src/common/tusb_fifo.c.obj
                0x1000a0a8                tu_fifo_clear
 .text.tu_fifo_set_overwritable
                0x1000a0e6       0x46 CMakeFiles/digigen.dir/home/ok1gal/pico/pico-sdk/lib/tinyusb/src/common/tusb_fifo.c.obj
                0x1000a0e6                tu_fifo_set_overwritable
 .text.core1_trampoline
                0x1000a12c        0x2 CMakeFiles/digigen.dir/home/ok1gal/pico/pico-sdk/src/rp2_common/pico_multicore/multicore.c.obj
 .text.core1_wrapper
                0x1000a12e        0xc CMakeFiles/digigen.dir/home/ok1gal/pico/pico-sdk/src/rp2_common/pico_multicore/multicore.c.obj
                0x1000a12e                core1_wrapper
 .text.multicore_fifo_push_blocking
                0x1000a13a       0x14 CMakeFiles/digigen.dir/home/ok1gal/pico/pico-sdk/src/rp2_common/pico_multicore/multicore.c.obj
                0x1000a13a                multicore_fifo_push_blocking
 .text.multicore_fifo_pop_blocking
                0x1000a14e       0x16 CMakeFiles/digigen.dir/home/ok1gal/pico/pico-sdk/src/rp2_common/pico_multicore/multicore.c.obj
                0x1000a14e                multicore_fifo_pop_blocking
 .text.multicore_launch_core1_raw
                0x1000a164       0x70 CMakeFiles/digigen.dir/home/ok1gal/pico/pico-sdk/src/rp2_common/pico_multicore/multicore.c.obj
                0x1000a164                multicore_launch_core1_raw
 .text.multicore_launch_core1_with_stack
                0x1000a1d4       0x50 CMakeFiles/digigen.dir/home/ok1gal/pico/pico-sdk/src/rp2_common/pico_multicore/multicore.c.obj
                0x1000a1d4                multicore_launch_core1_with_stack
 .text.multicore_launch_core1
                0x1000a224       0x24 CMakeFiles/digigen.dir/home/ok1gal/pico/pico-sdk/src/rp2_common/pico_multicore/multicore.c.obj
                0x1000a224                multicore_launch_core1
 .text.i2c_write_blocking_internal
                0x1000a248      0x146 CMakeFiles/digigen.dir/home/ok1gal/pico/pico-sdk/src/rp2_common/hardware_i2c/i2c.c.obj
 .text.i2c_read_blocking_internal
                0x1000a38e       0xe6 CMakeFiles/digigen.dir/home/ok1gal/pico/pico-sdk/src/rp2_common/hardware_i2c/i2c.c.obj
 .text.i2c_set_baudrate
                0x1000a474       0xf0 CMakeFiles/digigen.dir/home/ok1gal/pico/pico-sdk/src/rp2_common/hardware_i2c/i2c.c.obj
                0x1000a474                i2c_set_baudrate
 .text.i2c_init
                0x1000a564       0x58 CMakeFiles/digigen.dir/home/ok1gal/pico/pico-sdk/src/rp2_common/hardware_i2c/i2c.c.obj
                0x1000a564                i2c_init
 .text.i2c_write_blocking
                0x1000a5bc       0x18 CMakeFiles/digigen.dir/home/ok1gal/pico/pico-sdk/src/rp2_common/hardware_i2c/i2c.c.obj
                0x1000a5bc                i2c_write_blocking
 .text.i2c_read_blocking
                0x1000a5d4       0x18 CMakeFiles/digigen.dir/home/ok1gal/pico/pico-sdk/src/rp2_common/hardware_i2c/i2c.c.obj
                0x1000a5d4                i2c_read_blocking
 .text          0x1000a5ec      0x5b4 /usr/lib/gcc/arm-none-eabi/13.2.1/../../../arm-none-eabi/lib/thumb/v6-m/nofp/libg.a(libc_a-mallocr.o)
                0x1000a5ec                _malloc_r
 .text          0x1000aba0      0x288 /usr/lib/gcc/arm-none-eabi/13.2.1/../../../arm-none-eabi/lib/thumb/v6-m/nofp/libg.a(libc_a-freer.o)
                0x1000aba0                _malloc_trim_r
                0x1000ac54                _free_r
 .text          0x1000ae28       0x28 /usr/lib/gcc/arm-none-eabi/13.2.1/../../../arm-none-eabi/lib/thumb/v6-m/nofp/libg.a(libc_a-malloc.o)
                0x1000ae28                malloc
                0x1000ae3c                free
 .text          0x1000ae50       0x1c /usr/lib/gcc/arm-none-eabi/13.2.1/../../../arm-none-eabi/lib/thumb/v6-m/nofp/libg.a(libc_a-sysconf.o)
                0x1000ae50                sysconf
 .text          0x1000ae6c        0x8 /usr/lib/gcc/arm-none-eabi/13.2.1/../../../arm-none-eabi/lib/thumb/v6-m/nofp/libg.a(libc_a-mlock.o)
                0x1000ae6c                __malloc_lock
                0x1000ae70                __malloc_unlock
 .text          0x1000ae74       0x10 /usr/lib/gcc/arm-none-eabi/13.2.1/../../../arm-none-eabi/lib/thumb/v6-m/nofp/libg.a(libc_a-atexit.o)
                0x1000ae74                atexit
 .text          0x1000ae84       0x5c /usr/lib/gcc/arm-none-eabi/13.2.1/../../../arm-none-eabi/lib/thumb/v6-m/nofp/libg.a(libc_a-strlen-stub.o)
                0x1000ae84                strlen
 .text          0x1000aee0       0x24 /usr/lib/gcc/arm-none-eabi/13.2.1/../../../arm-none-eabi/lib/thumb/v6-m/nofp/libg.a(libc_a-sbrkr.o)
                0x1000aee0                _sbrk_r
 .text          0x1000af04       0x28 /usr/lib/gcc/arm-none-eabi/13.2.1/../../../arm-none-eabi/lib/thumb/v6-m/nofp/libg.a(libc_a-fini.o)
                0x1000af04                __libc_fini_array
 .text          0x1000af2c        0xc /usr/lib/gcc/arm-none-eabi/13.2.1/../../../arm-none-eabi/lib/thumb/v6-m/nofp/libg.a(libc_a-errno.o)
                0x1000af2c                __errno
 .text          0x1000af38       0x78 /usr/lib/gcc/arm-none-eabi/13.2.1/../../../arm-none-eabi/lib/thumb/v6-m/nofp/libg.a(libc_a-__atexit.o)
                0x1000af38                __register_exitproc
 .text.startup  0x1000afb0       0x18 /usr/lib/gcc/arm-none-eabi/13.2.1/../../../arm-none-eabi/lib/thumb/v6-m/nofp/libg.a(libc_a-__call_atexit.o)
 *(.fini)
 .fini          0x1000afc8        0x4 /usr/lib/gcc/arm-none-eabi/13.2.1/thumb/v6-m/nofp/crti.o
                0x1000afc8                _fini
 *fill*         0x1000afcc        0x4 
 .fini.__stub   0x1000afd0       0xf0 linker stubs
 *crtbegin.o(.ctors)
 *crtbegin?.o(.ctors)
 *(EXCLUDE_FILE(*crtend.o *crtend?.o) .ctors)
 *(SORT_BY_NAME(.ctors.*))
 *(.ctors)
 *crtbegin.o(.dtors)
 *crtbegin?.o(.dtors)
 *(EXCLUDE_FILE(*crtend.o *crtend?.o) .dtors)
 *(SORT_BY_NAME(.dtors.*))
 *(.dtors)
 *(.eh_frame*)
 .eh_frame      0x1000b0c0        0x0 /usr/lib/gcc/arm-none-eabi/13.2.1/thumb/v6-m/nofp/crtbegin.o
                0x1000b0c0                        . = ALIGN (0x4)

.glue_7         0x1000b0c0        0x0
 .glue_7        0x1000b0c0        0x0 linker stubs

.glue_7t        0x1000b0c0        0x0
 .glue_7t       0x1000b0c0        0x0 linker stubs

.vfp11_veneer   0x1000b0c0        0x0
 .vfp11_veneer  0x1000b0c0        0x0 linker stubs

.v4_bx          0x1000b0c0        0x0
 .v4_bx         0x1000b0c0        0x0 linker stubs

.iplt           0x1000b0c0        0x0
 .iplt          0x1000b0c0        0x0 /usr/lib/gcc/arm-none-eabi/13.2.1/thumb/v6-m/nofp/crtbegin.o

.rodata         0x1000b0c0     0x2030
 *(EXCLUDE_FILE(*libm.a: *libc.a:*lib_a-mem*.o *libgcc.a:) .rodata*)
 .rodata.print_current_config.str1.4
                0x1000b0c0     0x1821 CMakeFiles/digigen.dir/digigen.c.obj
                                 0xe5 (size before relaxing)
 .rodata.main.str1.4
                0x1000c8e1       0x2f CMakeFiles/digigen.dir/digigen.c.obj
 .rodata.si5351_read.str1.4
                0x1000c8e1        0x1 CMakeFiles/digigen.dir/si5351.c.obj
 *fill*         0x1000c8e1        0x3 
 .rodata.ms_div
                0x1000c8e4       0x20 CMakeFiles/digigen.dir/si5351.c.obj
 .rodata.set_ms
                0x1000c904       0x20 CMakeFiles/digigen.dir/si5351.c.obj
 .rodata.console_init.str1.4
                0x1000c924       0x18 CMakeFiles/digigen.dir/console.c.obj
 .rodata.handle_console_command.str1.4
                0x1000c924      0x806 CMakeFiles/digigen.dir/console.c.obj
 .rodata.handle_console_command
                0x1000c924       0xb0 CMakeFiles/digigen.dir/console.c.obj
 .rodata.handle_console_rx.str1.4
                0x1000c9d4        0xb CMakeFiles/digigen.dir/console.c.obj
 .rodata.save_current_to_preset.str1.4
                0x1000c9d4       0x32 CMakeFiles/digigen.dir/eeprom.c.obj
 .rodata.load_preset.str1.4
                0x1000c9d4       0x33 CMakeFiles/digigen.dir/eeprom.c.obj
 .rodata.spin_lock_claim_unused.str1.4
                0x1000c9d4       0x1b CMakeFiles/digigen.dir/home/ok1gal/pico/pico-sdk/src/rp2_common/hardware_sync/sync.c.obj
 .rodata.resolve_branch.str1.4
                0x1000c9d4       0x55 CMakeFiles/digigen.dir/home/ok1gal/pico/pico-sdk/src/rp2_common/hardware_irq/irq.c.obj
 .rodata.make_branch.str1.4
                0x1000c9d4       0x30 CMakeFiles/digigen.dir/home/ok1gal/pico/pico-sdk/src/rp2_common/hardware_irq/irq.c.obj
 .rodata.insert_branch_and_link.str1.4
                0x1000c9d4       0x10 CMakeFiles/digigen.dir/home/ok1gal/pico/pico-sdk/src/rp2_common/hardware_irq/irq.c.obj
 .rodata.irq_set_exclusive_handler.str1.4
                0x1000c9d4       0x36 CMakeFiles/digigen.dir/home/ok1gal/pico/pico-sdk/src/rp2_common/hardware_irq/irq.c.obj
 .rodata.irq_add_shared_handler.str1.4
                0x1000c9d4       0xc2 CMakeFiles/digigen.dir/home/ok1gal/pico/pico-sdk/src/rp2_common/hardware_irq/irq.c.obj
 .rodata.irq_remove_handler.str1.4
                0x1000c9d4       0x3a CMakeFiles/digigen.dir/home/ok1gal/pico/pico-sdk/src/rp2_common/hardware_irq/irq.c.obj
 .rodata.irq_add_tail_to_free_list.str1.4
                0x1000c9d4       0x3a CMakeFiles/digigen.dir/home/ok1gal/pico/pico-sdk/src/rp2_common/hardware_irq/irq.c.obj
 .rodata.user_irq_claim_unused.str1.4
                0x1000c9d4       0x1b CMakeFiles/digigen.dir/home/ok1gal/pico/pico-sdk/src/rp2_common/hardware_irq/irq.c.obj
 .rodata.__func__.0
                0x1000c9d4       0x1a CMakeFiles/digigen.dir/home/ok1gal/pico/pico-sdk/src/rp2_common/hardware_irq/irq.c.obj
 *fill*         0x1000c9ee        0x2 
 .rodata.__func__.1
                0x1000c9f0       0x17 CMakeFiles/digigen.dir/home/ok1gal/pico/pico-sdk/src/rp2_common/hardware_irq/irq.c.obj
 *fill*         0x1000ca07        0x1 
 .rodata.__func__.2
                0x1000ca08       0x13 CMakeFiles/digigen.dir/home/ok1gal/pico/pico-sdk/src/rp2_common/hardware_irq/irq.c.obj
 *fill*         0x1000ca1b        0x1 
 .rodata.__func__.3
                0x1000ca1c        0xc CMakeFiles/digigen.dir/home/ok1gal/pico/pico-sdk/src/rp2_common/hardware_irq/irq.c.obj
 .rodata.__func__.4
                0x1000ca28        0xf CMakeFiles/digigen.dir/home/ok1gal/pico/pico-sdk/src/rp2_common/hardware_irq/irq.c.obj
 *fill*         0x1000ca37        0x1 
 .rodata.__func__.5
                0x1000ca38       0x17 CMakeFiles/digigen.dir/home/ok1gal/pico/pico-sdk/src/rp2_common/hardware_irq/irq.c.obj
 *fill*         0x1000ca4f        0x1 
 .rodata.__func__.6
                0x1000ca50       0x1a CMakeFiles/digigen.dir/home/ok1gal/pico/pico-sdk/src/rp2_common/hardware_irq/irq.c.obj
 .rodata.update_us_since_boot.str1.4
                0x1000ca6a       0x61 CMakeFiles/digigen.dir/home/ok1gal/pico/pico-sdk/src/common/pico_sync/mutex.c.obj
 .rodata.str1.4
                0x1000ca6a       0x89 CMakeFiles/digigen.dir/home/ok1gal/pico/pico-sdk/src/common/pico_sync/mutex.c.obj
 *fill*         0x1000ca6a        0x2 
 .rodata.__func__.1
                0x1000ca6c        0xb CMakeFiles/digigen.dir/home/ok1gal/pico/pico-sdk/src/common/pico_sync/mutex.c.obj
 *fill*         0x1000ca77        0x1 
 .rodata.__func__.3
                0x1000ca78       0x18 CMakeFiles/digigen.dir/home/ok1gal/pico/pico-sdk/src/common/pico_sync/mutex.c.obj
 .rodata.__func__.4
                0x1000ca90       0x15 CMakeFiles/digigen.dir/home/ok1gal/pico/pico-sdk/src/common/pico_sync/mutex.c.obj
 .rodata.get_entry.str1.4
                0x1000caa5       0x5b CMakeFiles/digigen.dir/home/ok1gal/pico/pico-sdk/src/common/pico_time/time.c.obj
 .rodata.update_us_since_boot.str1.4
                0x1000caa5       0x61 CMakeFiles/digigen.dir/home/ok1gal/pico/pico-sdk/src/common/pico_time/time.c.obj
 .rodata.ph_get_node.str1.4
                0x1000caa5       0x66 CMakeFiles/digigen.dir/home/ok1gal/pico/pico-sdk/src/common/pico_time/time.c.obj
 .rodata.ph_add_child_node.str1.4
                0x1000caa5       0x2e CMakeFiles/digigen.dir/home/ok1gal/pico/pico-sdk/src/common/pico_time/time.c.obj
 .rodata.ph_insert_node.str1.4
                0x1000caa5        0x3 CMakeFiles/digigen.dir/home/ok1gal/pico/pico-sdk/src/common/pico_time/time.c.obj
 .rodata.ph_free_node.str1.4
                0x1000caa5       0x38 CMakeFiles/digigen.dir/home/ok1gal/pico/pico-sdk/src/common/pico_time/time.c.obj
 .rodata.add_alarm_under_lock.str1.4
                0x1000caa5       0x28 CMakeFiles/digigen.dir/home/ok1gal/pico/pico-sdk/src/common/pico_time/time.c.obj
 .rodata.alarm_pool_alarm_callback.str1.4
                0x1000caa5       0x60 CMakeFiles/digigen.dir/home/ok1gal/pico/pico-sdk/src/common/pico_time/time.c.obj
 .rodata.alarm_pool_get_default.str1.4
                0x1000caa5       0x21 CMakeFiles/digigen.dir/home/ok1gal/pico/pico-sdk/src/common/pico_time/time.c.obj
 .rodata.alarm_pool_cancel_alarm.str1.4
                0x1000caa5       0x27 CMakeFiles/digigen.dir/home/ok1gal/pico/pico-sdk/src/common/pico_time/time.c.obj
 *fill*         0x1000caa5        0x3 
 .rodata.__func__.1
                0x1000caa8       0x18 CMakeFiles/digigen.dir/home/ok1gal/pico/pico-sdk/src/common/pico_time/time.c.obj
 .rodata.__func__.3
                0x1000cac0       0x17 CMakeFiles/digigen.dir/home/ok1gal/pico/pico-sdk/src/common/pico_time/time.c.obj
 *fill*         0x1000cad7        0x1 
 .rodata.__func__.4
                0x1000cad8       0x12 CMakeFiles/digigen.dir/home/ok1gal/pico/pico-sdk/src/common/pico_time/time.c.obj
 *fill*         0x1000caea        0x2 
 .rodata.__func__.5
                0x1000caec        0xd CMakeFiles/digigen.dir/home/ok1gal/pico/pico-sdk/src/common/pico_time/time.c.obj
 *fill*         0x1000caf9        0x3 
 .rodata.__func__.6
                0x1000cafc       0x12 CMakeFiles/digigen.dir/home/ok1gal/pico/pico-sdk/src/common/pico_time/time.c.obj
 *fill*         0x1000cb0e        0x2 
 .rodata.__func__.7
                0x1000cb10        0xf CMakeFiles/digigen.dir/home/ok1gal/pico/pico-sdk/src/common/pico_time/time.c.obj
 *fill*         0x1000cb1f        0x1 
 .rodata.__func__.8
                0x1000cb20        0xc CMakeFiles/digigen.dir/home/ok1gal/pico/pico-sdk/src/common/pico_time/time.c.obj
 .rodata.__func__.9
                0x1000cb2c       0x15 CMakeFiles/digigen.dir/home/ok1gal/pico/pico-sdk/src/common/pico_time/time.c.obj
 *fill*         0x1000cb41        0x3 
 .rodata.__func__.10
                0x1000cb44       0x15 CMakeFiles/digigen.dir/home/ok1gal/pico/pico-sdk/src/common/pico_time/time.c.obj
 *fill*         0x1000cb59        0x3 
 .rodata.__func__.11
                0x1000cb5c       0x1a CMakeFiles/digigen.dir/home/ok1gal/pico/pico-sdk/src/common/pico_time/time.c.obj
 *fill*         0x1000cb76        0x2 
 .rodata.__func__.12
                0x1000cb78        0xa CMakeFiles/digigen.dir/home/ok1gal/pico/pico-sdk/src/common/pico_time/time.c.obj
 .rodata.update_us_since_boot.str1.4
                0x1000cb82       0x61 CMakeFiles/digigen.dir/home/ok1gal/pico/pico-sdk/src/rp2_common/hardware_timer/timer.c.obj
 .rodata.hardware_alarm_claim.str1.4
                0x1000cb82       0x22 CMakeFiles/digigen.dir/home/ok1gal/pico/pico-sdk/src/rp2_common/hardware_timer/timer.c.obj
 .rodata.hardware_alarm_set_target.str1.4
                0x1000cb82       0x65 CMakeFiles/digigen.dir/home/ok1gal/pico/pico-sdk/src/rp2_common/hardware_timer/timer.c.obj
 *fill*         0x1000cb82        0x2 
 .rodata.__func__.0
                0x1000cb84       0x1a CMakeFiles/digigen.dir/home/ok1gal/pico/pico-sdk/src/rp2_common/hardware_timer/timer.c.obj
 *fill*         0x1000cb9e        0x2 
 .rodata.__func__.1
                0x1000cba0       0x15 CMakeFiles/digigen.dir/home/ok1gal/pico/pico-sdk/src/rp2_common/hardware_timer/timer.c.obj
 .rodata.ph_get_node.str1.4
                0x1000cbb5       0x66 CMakeFiles/digigen.dir/home/ok1gal/pico/pico-sdk/src/common/pico_util/pheap.c.obj
 .rodata.ph_add_child_node.str1.4
                0x1000cbb5       0x2e CMakeFiles/digigen.dir/home/ok1gal/pico/pico-sdk/src/common/pico_util/pheap.c.obj
 .rodata.ph_remove_any_head.str1.4
                0x1000cbb5       0xa0 CMakeFiles/digigen.dir/home/ok1gal/pico/pico-sdk/src/common/pico_util/pheap.c.obj
 .rodata.ph_remove_and_free_node.str1.4
                0x1000cbb5       0x26 CMakeFiles/digigen.dir/home/ok1gal/pico/pico-sdk/src/common/pico_util/pheap.c.obj
 *fill*         0x1000cbb5        0x3 
 .rodata.__func__.0
                0x1000cbb8       0x18 CMakeFiles/digigen.dir/home/ok1gal/pico/pico-sdk/src/common/pico_util/pheap.c.obj
 .rodata.__func__.1
                0x1000cbd0       0x13 CMakeFiles/digigen.dir/home/ok1gal/pico/pico-sdk/src/common/pico_util/pheap.c.obj
 *fill*         0x1000cbe3        0x1 
 .rodata.__func__.2
                0x1000cbe4       0x12 CMakeFiles/digigen.dir/home/ok1gal/pico/pico-sdk/src/common/pico_util/pheap.c.obj
 *fill*         0x1000cbf6        0x2 
 .rodata.__func__.3
                0x1000cbf8        0xc CMakeFiles/digigen.dir/home/ok1gal/pico/pico-sdk/src/common/pico_util/pheap.c.obj
 .rodata.clock_configure.str1.4
                0x1000cc04       0x57 CMakeFiles/digigen.dir/home/ok1gal/pico/pico-sdk/src/rp2_common/hardware_clocks/clocks.c.obj
 .rodata.__func__.1
                0x1000cc04       0x10 CMakeFiles/digigen.dir/home/ok1gal/pico/pico-sdk/src/rp2_common/hardware_clocks/clocks.c.obj
 .rodata.pll_init.str1.4
                0x1000cc14      0x124 CMakeFiles/digigen.dir/home/ok1gal/pico/pico-sdk/src/rp2_common/hardware_pll/pll.c.obj
 .rodata.__func__.0
                0x1000cc14        0x9 CMakeFiles/digigen.dir/home/ok1gal/pico/pico-sdk/src/rp2_common/hardware_pll/pll.c.obj
 .rodata.__assert_func.str1.4
                0x1000cc1d       0x43 CMakeFiles/digigen.dir/home/ok1gal/pico/pico-sdk/src/rp2_common/pico_runtime/runtime.c.obj
 .rodata.runtime_init.str1.4
                0x1000cc1d       0x61 CMakeFiles/digigen.dir/home/ok1gal/pico/pico-sdk/src/rp2_common/pico_runtime/runtime.c.obj
 .rodata.panic.str1.4
                0x1000cc1d       0x12 CMakeFiles/digigen.dir/home/ok1gal/pico/pico-sdk/src/rp2_common/pico_runtime/runtime.c.obj
 *fill*         0x1000cc1d        0x3 
 .rodata.__func__.2
                0x1000cc20        0xd CMakeFiles/digigen.dir/home/ok1gal/pico/pico-sdk/src/rp2_common/pico_runtime/runtime.c.obj
 .rodata._ftoa.str1.4
                0x1000cc2d       0x15 CMakeFiles/digigen.dir/home/ok1gal/pico/pico-sdk/src/rp2_common/pico_printf/printf.c.obj
 *fill*         0x1000cc2d        0x3 
 .rodata._vsnprintf
                0x1000cc30      0x19c CMakeFiles/digigen.dir/home/ok1gal/pico/pico-sdk/src/rp2_common/pico_printf/printf.c.obj
 *fill*         0x1000cdcc        0x4 
 .rodata.pow10.0
                0x1000cdd0       0x50 CMakeFiles/digigen.dir/home/ok1gal/pico/pico-sdk/src/rp2_common/pico_printf/printf.c.obj
 .rodata.__aeabi_double_init.str1.4
                0x1000ce20       0x9c CMakeFiles/digigen.dir/home/ok1gal/pico/pico-sdk/src/rp2_common/pico_double/double_init_rom.c.obj
 .rodata.__func__.0
                0x1000ce20       0x14 CMakeFiles/digigen.dir/home/ok1gal/pico/pico-sdk/src/rp2_common/pico_double/double_init_rom.c.obj
 .rodata.__aeabi_float_init.str1.4
                0x1000ce34       0x7e CMakeFiles/digigen.dir/home/ok1gal/pico/pico-sdk/src/rp2_common/pico_float/float_init_rom.c.obj
 .rodata.__func__.0