Archive member included to satisfy reference by file (symbol)

/usr/lib/gcc/arm-none-eabi/13.2.1/thumb/v6-m/nofp/libgcc.a(_dvmd_tls.o)
                              CMakeFiles/digigen.dir/home/ok1gal/pico/pico-sdk/src/rp2_common/pico_divider/divider.S.obj (__aeabi_idiv0)
/usr/lib/gcc/arm-none-eabi/13.2.1/../../../arm-none-eabi/lib/thumb/v6-m/nofp/libg.a(libc_a-calloc.o)
                              CMakeFiles/digigen.dir/home/ok1gal/pico/pico-sdk/src/rp2_common/pico_malloc/pico_malloc.c.obj (calloc)
/usr/lib/gcc/arm-none-eabi/13.2.1/../../../arm-none-eabi/lib/thumb/v6-m/nofp/libg.a(libc_a-impure.o)
                              /usr/lib/gcc/arm-none-eabi/13.2.1/../../../arm-none-eabi/lib/thumb/v6-m/nofp/libg.a(libc_a-calloc.o) (_impure_ptr)
/usr/lib/gcc/arm-none-eabi/13.2.1/../../../arm-none-eabi/lib/thumb/v6-m/nofp/libg.a(libc_a-callocr.o)
                              /usr/lib/gcc/arm-none-eabi/13.2.1/../../../arm-none-eabi/lib/thumb/v6-m/nofp/libg.a(libc_a-calloc.o) (_calloc_r)
/usr/lib/gcc/arm-none-eabi/13.2.1/../../../arm-none-eabi/lib/thumb/v6-m/nofp/libg.a(libc_a-realloc.o)
                              CMakeFiles/digigen.dir/home/ok1gal/pico/pico-sdk/src/rp2_common/pico_malloc/pico_malloc.c.obj (realloc)
/usr/lib/gcc/arm-none-eabi/13.2.1/../../../arm-none-eabi/lib/thumb/v6-m/nofp/libg.a(libc_a-mallocr.o)
                              /usr/lib/gcc/arm-none-eabi/13.2.1/../../../arm-none-eabi/lib/thumb/v6-m/nofp/libg.a(libc_a-callocr.o) (_malloc_r)
/usr/lib/gcc/arm-none-eabi/13.2.1/../../../arm-none-eabi/lib/thumb/v6-m/nofp/libg.a(libc_a-freer.o)
                              /usr/lib/gcc/arm-none-eabi/13.2.1/../../../arm-none-eabi/lib/thumb/v6-m/nofp/libg.a(libc_a-mallocr.o) (_free_r)
/usr/lib/gcc/arm-none-eabi/13.2.1/../../../arm-none-eabi/lib/thumb/v6-m/nofp/libg.a(libc_a-malloc.o)
                              CMakeFiles/digigen.dir/home/ok1gal/pico/pico-sdk/src/rp2_common/pico_malloc/pico_malloc.c.obj (malloc)
/usr/lib/gcc/arm-none-eabi/13.2.1/../../../arm-none-eabi/lib/thumb/v6-m/nofp/libg.a(libc_a-sysconf.o)
                              /usr/lib/gcc/arm-none-eabi/13.2.1/../../../arm-none-eabi/lib/thumb/v6-m/nofp/libg.a(libc_a-mallocr.o) (sysconf)
/usr/lib/gcc/arm-none-eabi/13.2.1/../../../arm-none-eabi/lib/thumb/v6-m/nofp/libg.a(libc_a-init.o)
                              /usr/lib/gcc/arm-none-eabi/13.2.1/../../../arm-none-eabi/lib/thumb/v6-m/nofp/crt0.o (__libc_init_array)
/usr/lib/gcc/arm-none-eabi/13.2.1/../../../arm-none-eabi/lib/thumb/v6-m/nofp/libg.a(libc_a-reallocr.o)
                              /usr/lib/gcc/arm-none-eabi/13.2.1/../../../arm-none-eabi/lib/thumb/v6-m/nofp/libg.a(libc_a-realloc.o) (_realloc_r)
/usr/lib/gcc/arm-none-eabi/13.2.1/../../../arm-none-eabi/lib/thumb/v6-m/nofp/libg.a(libc_a-mlock.o)
                              /usr/lib/gcc/arm-none-eabi/13.2.1/../../../arm-none-eabi/lib/thumb/v6-m/nofp/libg.a(libc_a-mallocr.o) (__malloc_lock)
/usr/lib/gcc/arm-none-eabi/13.2.1/../../../arm-none-eabi/lib/thumb/v6-m/nofp/libg.a(libc_a-findfp.o)
                              /usr/lib/gcc/arm-none-eabi/13.2.1/../../../arm-none-eabi/lib/thumb/v6-m/nofp/libg.a(libc_a-impure.o) (__sf)
/usr/lib/gcc/arm-none-eabi/13.2.1/../../../arm-none-eabi/lib/thumb/v6-m/nofp/libg.a(libc_a-atexit.o)
                              /usr/lib/gcc/arm-none-eabi/13.2.1/../../../arm-none-eabi/lib/thumb/v6-m/nofp/crt0.o (atexit)
/usr/lib/gcc/arm-none-eabi/13.2.1/../../../arm-none-eabi/lib/thumb/v6-m/nofp/libg.a(libc_a-strlen-stub.o)
                              CMakeFiles/digigen.dir/home/ok1gal/pico/pico-sdk/src/rp2_common/pico_stdio/stdio.c.obj (strlen)
/usr/lib/gcc/arm-none-eabi/13.2.1/../../../arm-none-eabi/lib/thumb/v6-m/nofp/libg.a(libc_a-sbrkr.o)
                              /usr/lib/gcc/arm-none-eabi/13.2.1/../../../arm-none-eabi/lib/thumb/v6-m/nofp/libg.a(libc_a-mallocr.o) (_sbrk_r)
/usr/lib/gcc/arm-none-eabi/13.2.1/../../../arm-none-eabi/lib/thumb/v6-m/nofp/libg.a(libc_a-fini.o)
                              /usr/lib/gcc/arm-none-eabi/13.2.1/../../../arm-none-eabi/lib/thumb/v6-m/nofp/crt0.o (__libc_fini_array)
/usr/lib/gcc/arm-none-eabi/13.2.1/../../../arm-none-eabi/lib/thumb/v6-m/nofp/libg.a(libc_a-fwalk.o)
                              /usr/lib/gcc/arm-none-eabi/13.2.1/../../../arm-none-eabi/lib/thumb/v6-m/nofp/libg.a(libc_a-findfp.o) (_fwalk_sglue)
/usr/lib/gcc/arm-none-eabi/13.2.1/../../../arm-none-eabi/lib/thumb/v6-m/nofp/libg.a(libc_a-memmove.o)
                              /usr/lib/gcc/arm-none-eabi/13.2.1/../../../arm-none-eabi/lib/thumb/v6-m/nofp/libg.a(libc_a-reallocr.o) (memmove)
/usr/lib/gcc/arm-none-eabi/13.2.1/../../../arm-none-eabi/lib/thumb/v6-m/nofp/libg.a(libc_a-errno.o)
                              /usr/lib/gcc/arm-none-eabi/13.2.1/../../../arm-none-eabi/lib/thumb/v6-m/nofp/libg.a(libc_a-callocr.o) (__errno)
/usr/lib/gcc/arm-none-eabi/13.2.1/../../../arm-none-eabi/lib/thumb/v6-m/nofp/libg.a(libc_a-fclose.o)
[...]
Memory Configuration

Name             Origin             Length             Attributes
FLASH            0x10000000         0x00200000         xr
RAM              0x20000000         0x00040000         xrw
SCRATCH_X        0x20040000         0x00001000         xrw
SCRATCH_Y        0x20041000         0x00001000         xrw
*default*        0x00000000         0xffffffff

Linker script and memory map

LOAD /usr/lib/gcc/arm-none-eabi/13.2.1/thumb/v6-m/nofp/crti.o
LOAD /usr/lib/gcc/arm-none-eabi/13.2.1/thumb/v6-m/nofp/crtbegin.o
LOAD /usr/lib/gcc/arm-none-eabi/13.2.1/../../../arm-none-eabi/lib/thumb/v6-m/nofp/crt0.o

.flash_begin    0x10000000        0x0
                0x10000000                        __flash_binary_start = .

.boot2          0x10000000      0x100
                0x10000000                        __boot2_start__ = .
 *(.boot2)
 .boot2         0x10000000      0x100 /tmp/ccww0c9E.o
                0x10000100                        __boot2_end__ = .
                0x00000001                        ASSERT (((__boot2_end__ - __boot2_start__) == 0x100), ERROR: Pico second stage bootloader must be 256 bytes in size)

.text           0x10000100     0xa778
                0x10000100                        __logical_binary_start = .
 *(.vectors)
 .vectors       0x10000100       0xd4 CMakeFiles/digigen.dir/home/ok1gal/pico/pico-sdk/src/rp2_common/pico_standard_link/crt0.S.obj
                0x10000100                __vectors
                0x10000100                __VECTOR_TABLE
                0x100001c0                isr_invalid
                0x100001c0                __default_isrs_start
                0x100001c2                isr_nmi
                0x100001c4                isr_hardfault
                0x100001c6                isr_svcall
                0x100001c8                isr_pendsv
                0x100001ca                isr_systick
                0x100001cc                isr_irq30
                0x100001cc                __unhandled_user_irq
                0x100001cc                isr_irq13
                0x100001cc                isr_irq27
                0x100001cc                isr_irq31
                0x100001cc                isr_irq5
                0x100001cc                isr_irq11
                0x100001cc                isr_irq23
                0x100001cc                isr_irq18
                0x100001cc                isr_irq28
                0x100001cc                isr_irq19
                0x100001cc                isr_irq0
                0x100001cc                isr_irq6
                0x100001cc                isr_irq22
                0x100001cc                isr_irq17
                0x100001cc                isr_irq14
                0x100001cc                isr_irq2
                0x100001cc                isr_irq10
                0x100001cc                isr_irq8
                0x100001cc                isr_irq24
                0x100001cc                isr_irq1
                0x100001cc                isr_irq7
                0x100001cc                isr_irq21
                0x100001cc                isr_irq20
                0x100001cc                isr_irq15
                0x100001cc                isr_irq25
                0x100001cc                isr_irq4
                0x100001cc                isr_irq16
                0x100001cc                isr_irq29
                0x100001cc                isr_irq26
                0x100001cc                __default_isrs_end
                0x100001cc                isr_irq3
                0x100001cc                isr_irq12
                0x100001cc                isr_irq9
                0x100001d2                unhandled_user_irq_num_in_r0
 *(.binary_info_header)
 .binary_info_header
                0x100001d4       0x14 CMakeFiles/digigen.dir/home/ok1gal/pico/pico-sdk/src/rp2_common/pico_standard_link/crt0.S.obj
                0x100001e8                        __binary_info_header_end = .
 *(.reset)
 .reset         0x100001e8       0xa0 CMakeFiles/digigen.dir/home/ok1gal/pico/pico-sdk/src/rp2_common/pico_standard_link/crt0.S.obj
                0x100001e8                _entry_point
 .reset         0x10000288       0x30 CMakeFiles/digigen.dir/home/ok1gal/pico/pico-sdk/src/rp2_common/pico_standard_link/binary_info.c.obj
 *(.init)
 .init          0x100002b8        0x4 /usr/lib/gcc/arm-none-eabi/13.2.1/thumb/v6-m/nofp/crti.o
                0x100002b8                _init
 *(EXCLUDE_FILE(*libm.a: *libc.a:*lib_a-mem*.o *libgcc.a:) .text*)
 .text          0x100002bc       0x98 /usr/lib/gcc/arm-none-eabi/13.2.1/thumb/v6-m/nofp/crtbegin.o
 .text.core1_entry
                0x10000354        0x2 CMakeFiles/digigen.dir/digigen.c.obj
                0x10000354                core1_entry
 *fill*         0x10000356        0x2 
 .text.main     0x10000358      0x1d0 CMakeFiles/digigen.dir/digigen.c.obj
                0x10000358                main
 .text.set_ref_freq
                0x10000528       0x74 CMakeFiles/digigen.dir/si5351.c.obj
                0x10000528                set_ref_freq
 .text.si5351_write_bulk
                0x1000059c       0x40 CMakeFiles/digigen.dir/si5351.c.obj
                0x1000059c                si5351_write_bulk
 .text.si5351_write
                0x100005dc       0x24 CMakeFiles/digigen.dir/si5351.c.obj
                0x100005dc                si5351_write
 .text.pll_reset
                0x10000600       0x20 CMakeFiles/digigen.dir/si5351.c.obj
                0x10000600                pll_reset
 .text.si5351_read
                0x10000620       0x40 CMakeFiles/digigen.dir/si5351.c.obj
                0x10000620                si5351_read
 .text.output_enable
                0x10000660       0x2e CMakeFiles/digigen.dir/si5351.c.obj
                0x10000660                output_enable
 *fill*         0x1000068e        0x2 
 .text.set_ms_source
                0x10000690       0x3c CMakeFiles/digigen.dir/si5351.c.obj
                0x10000690                set_ms_source
 .text.set_int  0x100006cc       0x28 CMakeFiles/digigen.dir/si5351.c.obj
                0x100006cc                set_int
 .text.pll_calc
                0x100006f4      0x248 CMakeFiles/digigen.dir/si5351.c.obj
                0x100006f4                pll_calc
 .text.set_pll  0x1000093c       0xd8 CMakeFiles/digigen.dir/si5351.c.obj
                0x1000093c                set_pll
 .text.Si5351_reset
                0x10000a14      0x150 CMakeFiles/digigen.dir/si5351.c.obj
                0x10000a14                Si5351_reset
 .text.set_correction
                0x10000b64       0x30 CMakeFiles/digigen.dir/si5351.c.obj
                0x10000b64                set_correction
 .text.Si5351_init
                0x10000b94       0xa8 CMakeFiles/digigen.dir/si5351.c.obj
                0x10000b94                Si5351_init
 .text.multisynth_calc
                0x10000c3c      0x1d4 CMakeFiles/digigen.dir/si5351.c.obj
                0x10000c3c                multisynth_calc
 .text.multisynth67_calc
                0x10000e10      0x13c CMakeFiles/digigen.dir/si5351.c.obj
                0x10000e10                multisynth67_calc
 .text.ms_div   0x10000f4c       0x84 CMakeFiles/digigen.dir/si5351.c.obj
                0x10000f4c                ms_div
 .text.set_ms   0x10000fd0      0x170 CMakeFiles/digigen.dir/si5351.c.obj
                0x10000fd0                set_ms
 .text.select_r_div
                0x10001140      0x158 CMakeFiles/digigen.dir/si5351.c.obj
                0x10001140                select_r_div
 .text.select_r_div_ms67
                0x10001298      0x158 CMakeFiles/digigen.dir/si5351.c.obj
                0x10001298                select_r_div_ms67
 .text.set_freq
                0x100013f0      0x38c CMakeFiles/digigen.dir/si5351.c.obj
                0x100013f0                set_freq
 .text.set_FSK_symbol
                0x1000177c       0x70 CMakeFiles/digigen.dir/tx_handling.c.obj
                0x1000177c                set_FSK_symbol
 .text.recalculate_fsk_params
                0x100017ec       0xac CMakeFiles/digigen.dir/tx_handling.c.obj
                0x100017ec                recalculate_fsk_params
 .text.tx_enable
                0x10001898       0x18 CMakeFiles/digigen.dir/tx_handling.c.obj
                0x10001898                tx_enable
 .text.RTTYTXletter
                0x100018b0       0xb0 CMakeFiles/digigen.dir/RTTY.c.obj
                0x100018b0                RTTYTXletter
 .text.refresh_RTTY_config
                0x10001960       0x24 CMakeFiles/digigen.dir/RTTY.c.obj
                0x10001960                refresh_RTTY_config
 .text.set_CW_WPM
                0x10001984       0x48 CMakeFiles/digigen.dir/CW.c.obj
                0x10001984                set_CW_WPM
 .text.refresh_CW_config
                0x100019cc       0x20 CMakeFiles/digigen.dir/CW.c.obj
                0x100019cc                refresh_CW_config
 .text.CW_TX_letter
                0x100019ec       0xd0 CMakeFiles/digigen.dir/CW.c.obj
                0x100019ec                CW_TX_letter
 .text.console_init
                0x10001abc       0x30 CMakeFiles/digigen.dir/console.c.obj
                0x10001abc                console_init
 .text.compare_command
                0x10001aec       0x28 CMakeFiles/digigen.dir/console.c.obj
                0x10001aec                compare_command
 .text.is_number
                0x10001b14       0x2c CMakeFiles/digigen.dir/console.c.obj
                0x10001b14                is_number
 .text.char_to_number
                0x10001b40        0xe CMakeFiles/digigen.dir/console.c.obj
                0x10001b40                char_to_number
 *fill*         0x10001b4e        0x2 
 .text.string_to_uint64
                0x10001b50       0x7c CMakeFiles/digigen.dir/console.c.obj
                0x10001b50                string_to_uint64
 .text.string_to_uint16
                0x10001bcc       0x7c CMakeFiles/digigen.dir/console.c.obj
                0x10001bcc                string_to_uint16
 .text.handle_console_command
                0x10001c48      0x568 CMakeFiles/digigen.dir/console.c.obj
                0x10001c48                handle_console_command
 .text.handle_console_rx
                0x100021b0       0xb8 CMakeFiles/digigen.dir/console.c.obj
                0x100021b0                handle_console_rx
 .text.handle_preset_switching
                0x10002268       0xa4 CMakeFiles/digigen.dir/eeprom.c.obj
                0x10002268                handle_preset_switching
 .text.gpio_set_function
                0x1000230c       0x30 CMakeFiles/digigen.dir/home/ok1gal/pico/pico-sdk/src/rp2_common/hardware_gpio/gpio.c.obj
                0x1000230c                gpio_set_function
 .text.gpio_set_pulls
                0x1000233c       0x34 CMakeFiles/digigen.dir/home/ok1gal/pico/pico-sdk/src/rp2_common/hardware_gpio/gpio.c.obj
                0x1000233c                gpio_set_pulls
 .text.gpio_init
                0x10002370       0x16 CMakeFiles/digigen.dir/home/ok1gal/pico/pico-sdk/src/rp2_common/hardware_gpio/gpio.c.obj
                0x10002370                gpio_init
 *fill*         0x10002386        0x2 
 .text.running_on_fpga
                0x10002388       0x14 CMakeFiles/digigen.dir/home/ok1gal/pico/pico-sdk/src/rp2_common/pico_platform/platform.c.obj
                0x10002388                running_on_fpga
 .text.hw_claim_lock
                0x1000239c       0x18 CMakeFiles/digigen.dir/home/ok1gal/pico/pico-sdk/src/rp2_common/hardware_claim/claim.c.obj
                0x1000239c                hw_claim_lock
 .text.hw_claim_unlock
                0x100023b4       0x14 CMakeFiles/digigen.dir/home/ok1gal/pico/pico-sdk/src/rp2_common/hardware_claim/claim.c.obj
                0x100023b4                hw_claim_unlock
 .text.hw_claim_or_assert
                0x100023c8       0x32 CMakeFiles/digigen.dir/home/ok1gal/pico/pico-sdk/src/rp2_common/hardware_claim/claim.c.obj
                0x100023c8                hw_claim_or_assert
 .text.hw_claim_unused_from_range
                0x100023fa       0x50 CMakeFiles/digigen.dir/home/ok1gal/pico/pico-sdk/src/rp2_common/hardware_claim/claim.c.obj
                0x100023fa                hw_claim_unused_from_range
 *fill*         0x1000244a        0x2 
 .text.spin_locks_reset
                0x1000244c       0x20 CMakeFiles/digigen.dir/home/ok1gal/pico/pico-sdk/src/rp2_common/hardware_sync/sync.c.obj
                0x1000244c                spin_locks_reset
 .text.next_striped_spin_lock_num
                0x1000246c       0x1c CMakeFiles/digigen.dir/home/ok1gal/pico/pico-sdk/src/rp2_common/hardware_sync/sync.c.obj
                0x1000246c                next_striped_spin_lock_num
 .text.spin_lock_claim_unused
                0x10002488       0x24 CMakeFiles/digigen.dir/home/ok1gal/pico/pico-sdk/src/rp2_common/hardware_sync/sync.c.obj
                0x10002488                spin_lock_claim_unused
 .text.set_raw_irq_handler_and_unlock
                0x100024ac       0x28 CMakeFiles/digigen.dir/home/ok1gal/pico/pico-sdk/src/rp2_common/hardware_irq/irq.c.obj
 .text.resolve_branch
                0x100024d4       0x30 CMakeFiles/digigen.dir/home/ok1gal/pico/pico-sdk/src/rp2_common/hardware_irq/irq.c.obj
 .text.make_branch
                0x10002504       0x48 CMakeFiles/digigen.dir/home/ok1gal/pico/pico-sdk/src/rp2_common/hardware_irq/irq.c.obj
 .text.insert_branch_and_link
                0x1000254c       0x40 CMakeFiles/digigen.dir/home/ok1gal/pico/pico-sdk/src/rp2_common/hardware_irq/irq.c.obj
 .text.irq_is_enabled
                0x1000258c       0x18 CMakeFiles/digigen.dir/home/ok1gal/pico/pico-sdk/src/rp2_common/hardware_irq/irq.c.obj
                0x1000258c                irq_is_enabled
 .text.irq_set_mask_enabled
                0x100025a4       0x20 CMakeFiles/digigen.dir/home/ok1gal/pico/pico-sdk/src/rp2_common/hardware_irq/irq.c.obj
                0x100025a4                irq_set_mask_enabled
 .text.irq_set_enabled
                0x100025c4        0xe CMakeFiles/digigen.dir/home/ok1gal/pico/pico-sdk/src/rp2_common/hardware_irq/irq.c.obj
                0x100025c4                irq_set_enabled
 *fill*         0x100025d2        0x2 
 .text.irq_set_pending
                0x100025d4       0x10 CMakeFiles/digigen.dir/home/ok1gal/pico/pico-sdk/src/rp2_common/hardware_irq/irq.c.obj
                0x100025d4                irq_set_pending
 .text.irq_get_vtable_handler
                0x100025e4       0x10 CMakeFiles/digigen.dir/home/ok1gal/pico/pico-sdk/src/rp2_common/hardware_irq/irq.c.obj
                0x100025e4                irq_get_vtable_handler
 .text.irq_has_shared_handler
                0x100025f4       0x24 CMakeFiles/digigen.dir/home/ok1gal/pico/pico-sdk/src/rp2_common/hardware_irq/irq.c.obj
                0x100025f4                irq_has_shared_handler
 .text.irq_set_exclusive_handler
                0x10002618       0x54 CMakeFiles/digigen.dir/home/ok1gal/pico/pico-sdk/src/rp2_common/hardware_irq/irq.c.obj
                0x10002618                irq_set_exclusive_handler
 .text.irq_add_shared_handler
                0x1000266c      0x210 CMakeFiles/digigen.dir/home/ok1gal/pico/pico-sdk/src/rp2_common/hardware_irq/irq.c.obj
                0x1000266c                irq_add_shared_handler
 .text.irq_remove_handler
                0x1000287c      0x188 CMakeFiles/digigen.dir/home/ok1gal/pico/pico-sdk/src/rp2_common/hardware_irq/irq.c.obj
                0x1000287c                irq_remove_handler
 .text.irq_add_tail_to_free_list
                0x10002a04       0xf0 CMakeFiles/digigen.dir/home/ok1gal/pico/pico-sdk/src/rp2_common/hardware_irq/irq.c.obj
                0x10002a04                irq_add_tail_to_free_list
 .text.irq_init_priorities
                0x10002af4       0x1c CMakeFiles/digigen.dir/home/ok1gal/pico/pico-sdk/src/rp2_common/hardware_irq/irq.c.obj
                0x10002af4                irq_init_priorities
 .text.user_irq_claim_unused
                0x10002b10       0x2c CMakeFiles/digigen.dir/home/ok1gal/pico/pico-sdk/src/rp2_common/hardware_irq/irq.c.obj
                0x10002b10                user_irq_claim_unused
 .text.lock_init
                0x10002b3c       0x10 CMakeFiles/digigen.dir/home/ok1gal/pico/pico-sdk/src/common/pico_sync/lock_core.c.obj
                0x10002b3c                lock_init
 .text.update_us_since_boot
                0x10002b4c       0x24 CMakeFiles/digigen.dir/home/ok1gal/pico/pico-sdk/src/common/pico_sync/mutex.c.obj
 .text.delayed_by_ms
                0x10002b70       0x44 CMakeFiles/digigen.dir/home/ok1gal/pico/pico-sdk/src/common/pico_sync/mutex.c.obj
 .text.get_absolute_time
                0x10002bb4       0x22 CMakeFiles/digigen.dir/home/ok1gal/pico/pico-sdk/src/common/pico_sync/mutex.c.obj
 .text.make_timeout_time_ms
                0x10002bd6       0x20 CMakeFiles/digigen.dir/home/ok1gal/pico/pico-sdk/src/common/pico_sync/mutex.c.obj
 .text.mutex_init
                0x10002bf6       0x1a CMakeFiles/digigen.dir/home/ok1gal/pico/pico-sdk/src/common/pico_sync/mutex.c.obj
                0x10002bf6                mutex_init
 .text.recursive_mutex_init
                0x10002c10       0x1e CMakeFiles/digigen.dir/home/ok1gal/pico/pico-sdk/src/common/pico_sync/mutex.c.obj
                0x10002c10                recursive_mutex_init
 *fill*         0x10002c2e        0x2 
 .text.critical_section_init_with_lock_num
                0x10002c30       0x14 CMakeFiles/digigen.dir/home/ok1gal/pico/pico-sdk/src/common/pico_sync/critical_section.c.obj
                0x10002c30                critical_section_init_with_lock_num
 .text.critical_section_init
                0x10002c44       0x14 CMakeFiles/digigen.dir/home/ok1gal/pico/pico-sdk/src/common/pico_sync/critical_section.c.obj
                0x10002c44                critical_section_init
 .text.time_reached
                0x10002c58       0x28 CMakeFiles/digigen.dir/home/ok1gal/pico/pico-sdk/src/common/pico_time/time.c.obj
 .text.get_entry
                0x10002c80       0x38 CMakeFiles/digigen.dir/home/ok1gal/pico/pico-sdk/src/common/pico_time/time.c.obj
 .text.timer_pool_entry_comparator
                0x10002cb8       0x2e CMakeFiles/digigen.dir/home/ok1gal/pico/pico-sdk/src/common/pico_time/time.c.obj
                0x10002cb8                timer_pool_entry_comparator
 *fill*         0x10002ce6        0x2 
 .text.update_us_since_boot
                0x10002ce8       0x24 CMakeFiles/digigen.dir/home/ok1gal/pico/pico-sdk/src/common/pico_time/time.c.obj
 .text.delayed_by_us
                0x10002d0c       0x34 CMakeFiles/digigen.dir/home/ok1gal/pico/pico-sdk/src/common/pico_time/time.c.obj
 .text.ph_get_node
                0x10002d40       0x30 CMakeFiles/digigen.dir/home/ok1gal/pico/pico-sdk/src/common/pico_time/time.c.obj
 .text.ph_contains_node
                0x10002d70       0x1e CMakeFiles/digigen.dir/home/ok1gal/pico/pico-sdk/src/common/pico_time/time.c.obj
 .text.ph_new_node
                0x10002d8e       0x28 CMakeFiles/digigen.dir/home/ok1gal/pico/pico-sdk/src/common/pico_time/time.c.obj
 *fill*         0x10002db6        0x2 
 .text.ph_add_child_node
                0x10002db8       0x6c CMakeFiles/digigen.dir/home/ok1gal/pico/pico-sdk/src/common/pico_time/time.c.obj
 .text.ph_merge_nodes
                0x10002e24       0x3e CMakeFiles/digigen.dir/home/ok1gal/pico/pico-sdk/src/common/pico_time/time.c.obj
 *fill*         0x10002e62        0x2 
 .text.ph_insert_node
                0x10002e64       0x3c CMakeFiles/digigen.dir/home/ok1gal/pico/pico-sdk/src/common/pico_time/time.c.obj
 .text.ph_free_node
                0x10002ea0       0x5c CMakeFiles/digigen.dir/home/ok1gal/pico/pico-sdk/src/common/pico_time/time.c.obj
 .text.get_entry_id_high
                0x10002efc       0x30 CMakeFiles/digigen.dir/home/ok1gal/pico/pico-sdk/src/common/pico_time/time.c.obj
 .text.alarm_pool_post_alloc_init
                0x10002f2c       0x40 CMakeFiles/digigen.dir/home/ok1gal/pico/pico-sdk/src/common/pico_time/time.c.obj
 .text.sleep_until_callback
                0x10002f6c       0x30 CMakeFiles/digigen.dir/home/ok1gal/pico/pico-sdk/src/common/pico_time/time.c.obj
 .text.get_absolute_time
                0x10002f9c       0x22 CMakeFiles/digigen.dir/home/ok1gal/pico/pico-sdk/src/common/pico_time/time.c.obj
 *fill*         0x10002fbe        0x2 
 .text.add_alarm_under_lock
                0x10002fc0       0x94 CMakeFiles/digigen.dir/home/ok1gal/pico/pico-sdk/src/common/pico_time/time.c.obj
 .text.alarm_pool_alarm_callback
                0x10003054      0x210 CMakeFiles/digigen.dir/home/ok1gal/pico/pico-sdk/src/common/pico_time/time.c.obj
 .text.alarm_pool_init_default
                0x10003264       0x40 CMakeFiles/digigen.dir/home/ok1gal/pico/pico-sdk/src/common/pico_time/time.c.obj
                0x10003264                alarm_pool_init_default
 .text.alarm_pool_get_default
                0x100032a4       0x2c CMakeFiles/digigen.dir/home/ok1gal/pico/pico-sdk/src/common/pico_time/time.c.obj
                0x100032a4                alarm_pool_get_default
 .text.alarm_pool_add_alarm_at
                0x100032d0      0x10e CMakeFiles/digigen.dir/home/ok1gal/pico/pico-sdk/src/common/pico_time/time.c.obj
                0x100032d0                alarm_pool_add_alarm_at
 .text.add_alarm_at
                0x100033de       0x2e CMakeFiles/digigen.dir/home/ok1gal/pico/pico-sdk/src/common/pico_time/time.c.obj
 .text.alarm_pool_cancel_alarm
                0x1000340c       0xa8 CMakeFiles/digigen.dir/home/ok1gal/pico/pico-sdk/src/common/pico_time/time.c.obj
                0x1000340c                alarm_pool_cancel_alarm
 .text.cancel_alarm
                0x100034b4       0x10 CMakeFiles/digigen.dir/home/ok1gal/pico/pico-sdk/src/common/pico_time/time.c.obj
 .text.alarm_pool_core_num
                0x100034c4        0x4 CMakeFiles/digigen.dir/home/ok1gal/pico/pico-sdk/src/common/pico_time/time.c.obj
                0x100034c4                alarm_pool_core_num
 .text.best_effort_wfe_or_timeout
                0x100034c8       0x44 CMakeFiles/digigen.dir/home/ok1gal/pico/pico-sdk/src/common/pico_time/time.c.obj
                0x100034c8                best_effort_wfe_or_timeout
 .text.update_us_since_boot
                0x1000350c       0x24 CMakeFiles/digigen.dir/home/ok1gal/pico/pico-sdk/src/rp2_common/hardware_timer/timer.c.obj
 .text.hardware_alarm_irq_handler
                0x10003530       0x8c CMakeFiles/digigen.dir/home/ok1gal/pico/pico-sdk/src/rp2_common/hardware_timer/timer.c.obj
 .text.hardware_alarm_claim
                0x100035bc       0x18 CMakeFiles/digigen.dir/home/ok1gal/pico/pico-sdk/src/rp2_common/hardware_timer/timer.c.obj
                0x100035bc                hardware_alarm_claim
 .text.time_us_64
                0x100035d4       0x18 CMakeFiles/digigen.dir/home/ok1gal/pico/pico-sdk/src/rp2_common/hardware_timer/timer.c.obj
                0x100035d4                time_us_64
 .text.busy_wait_until
                0x100035ec       0x28 CMakeFiles/digigen.dir/home/ok1gal/pico/pico-sdk/src/rp2_common/hardware_timer/timer.c.obj
                0x100035ec                busy_wait_until
 .text.busy_wait_us
                0x10003614       0x3a CMakeFiles/digigen.dir/home/ok1gal/pico/pico-sdk/src/rp2_common/hardware_timer/timer.c.obj
                0x10003614                busy_wait_us
 *fill*         0x1000364e        0x2 
 .text.busy_wait_us_32
                0x10003650       0x24 CMakeFiles/digigen.dir/home/ok1gal/pico/pico-sdk/src/rp2_common/hardware_timer/timer.c.obj
                0x10003650                busy_wait_us_32
 .text.busy_wait_ms
                0x10003674       0x30 CMakeFiles/digigen.dir/home/ok1gal/pico/pico-sdk/src/rp2_common/hardware_timer/timer.c.obj
                0x10003674                busy_wait_ms
 .text.hardware_alarm_set_callback
                0x100036a4       0x90 CMakeFiles/digigen.dir/home/ok1gal/pico/pico-sdk/src/rp2_common/hardware_timer/timer.c.obj
                0x100036a4                hardware_alarm_set_callback
 .text.hardware_alarm_set_target
                0x10003734       0xe8 CMakeFiles/digigen.dir/home/ok1gal/pico/pico-sdk/src/rp2_common/hardware_timer/timer.c.obj
                0x10003734                hardware_alarm_set_target
 .text.hardware_alarm_cancel
                0x1000381c       0x40 CMakeFiles/digigen.dir/home/ok1gal/pico/pico-sdk/src/rp2_common/hardware_timer/timer.c.obj
                0x1000381c                hardware_alarm_cancel
 .text.ph_get_node
                0x1000385c       0x30 CMakeFiles/digigen.dir/home/ok1gal/pico/pico-sdk/src/common/pico_util/pheap.c.obj
 .text.ph_add_child_node
                0x1000388c       0x6c CMakeFiles/digigen.dir/home/ok1gal/pico/pico-sdk/src/common/pico_util/pheap.c.obj
 .text.ph_merge_nodes
                0x100038f8       0x3e CMakeFiles/digigen.dir/home/ok1gal/pico/pico-sdk/src/common/pico_util/pheap.c.obj
 .text.ph_clear
                0x10003936       0x34 CMakeFiles/digigen.dir/home/ok1gal/pico/pico-sdk/src/common/pico_util/pheap.c.obj
                0x10003936                ph_clear
 .text.ph_post_alloc_init
                0x1000396a        0xe CMakeFiles/digigen.dir/home/ok1gal/pico/pico-sdk/src/common/pico_util/pheap.c.obj
                0x1000396a                ph_post_alloc_init
 .text.ph_merge_two_pass
                0x10003978       0x5c CMakeFiles/digigen.dir/home/ok1gal/pico/pico-sdk/src/common/pico_util/pheap.c.obj
                0x10003978                ph_merge_two_pass
 .text.ph_remove_any_head
                0x100039d4       0xc0 CMakeFiles/digigen.dir/home/ok1gal/pico/pico-sdk/src/common/pico_util/pheap.c.obj
 .text.ph_remove_head
                0x10003a94       0x14 CMakeFiles/digigen.dir/home/ok1gal/pico/pico-sdk/src/common/pico_util/pheap.c.obj
                0x10003a94                ph_remove_head
 .text.ph_remove_and_free_node
                0x10003aa8       0xa0 CMakeFiles/digigen.dir/home/ok1gal/pico/pico-sdk/src/common/pico_util/pheap.c.obj
                0x10003aa8                ph_remove_and_free_node
 .text.clock_configure
                0x10003b48      0x108 CMakeFiles/digigen.dir/home/ok1gal/pico/pico-sdk/src/rp2_common/hardware_clocks/clocks.c.obj
                0x10003b48                clock_configure
 .text.clocks_init
                0x10003c50      0x100 CMakeFiles/digigen.dir/home/ok1gal/pico/pico-sdk/src/rp2_common/hardware_clocks/clocks.c.obj
                0x10003c50                clocks_init
 .text.clock_get_hz
                0x10003d50        0xc CMakeFiles/digigen.dir/home/ok1gal/pico/pico-sdk/src/rp2_common/hardware_clocks/clocks.c.obj
                0x10003d50                clock_get_hz
 .text.pll_init
                0x10003d5c      0x120 CMakeFiles/digigen.dir/home/ok1gal/pico/pico-sdk/src/rp2_common/hardware_pll/pll.c.obj
                0x10003d5c                pll_init
 .text.watchdog_start_tick
                0x10003e7c       0x10 CMakeFiles/digigen.dir/home/ok1gal/pico/pico-sdk/src/rp2_common/hardware_watchdog/watchdog.c.obj
                0x10003e7c                watchdog_start_tick
 .text.watchdog_update
                0x10003e8c       0x14 CMakeFiles/digigen.dir/home/ok1gal/pico/pico-sdk/src/rp2_common/hardware_watchdog/watchdog.c.obj
                0x10003e8c                watchdog_update
 .text._watchdog_enable
                0x10003ea0       0x78 CMakeFiles/digigen.dir/home/ok1gal/pico/pico-sdk/src/rp2_common/hardware_watchdog/watchdog.c.obj
                0x10003ea0                _watchdog_enable
 .text.watchdog_reboot
                0x10003f18       0x48 CMakeFiles/digigen.dir/home/ok1gal/pico/pico-sdk/src/rp2_common/hardware_watchdog/watchdog.c.obj
                0x10003f18                watchdog_reboot
 .text.xosc_init
                0x10003f60       0x28 CMakeFiles/digigen.dir/home/ok1gal/pico/pico-sdk/src/rp2_common/hardware_xosc/xosc.c.obj
                0x10003f60                xosc_init
 .text._exit    0x10003f88        0x4 CMakeFiles/digigen.dir/home/ok1gal/pico/pico-sdk/src/rp2_common/pico_runtime/runtime.c.obj
                0x10003f88                _exit
 .text._sbrk    0x10003f8c       0x38 CMakeFiles/digigen.dir/home/ok1gal/pico/pico-sdk/src/rp2_common/pico_runtime/runtime.c.obj
                0x10003f8c                _sbrk
 .text.exit     0x10003fc4        0x6 CMakeFiles/digigen.dir/home/ok1gal/pico/pico-sdk/src/rp2_common/pico_runtime/runtime.c.obj
                0x10003fc4                exit
 *fill*         0x10003fca        0x2 
 .text.__assert_func
                0x10003fcc       0x38 CMakeFiles/digigen.dir/home/ok1gal/pico/pico-sdk/src/rp2_common/pico_runtime/runtime.c.obj
                0x10003fcc                __assert_func
 .text.runtime_init
                0x10004004       0xf8 CMakeFiles/digigen.dir/home/ok1gal/pico/pico-sdk/src/rp2_common/pico_runtime/runtime.c.obj
                0x10004004                runtime_init
 .text.panic    0x100040fc       0x30 CMakeFiles/digigen.dir/home/ok1gal/pico/pico-sdk/src/rp2_common/pico_runtime/runtime.c.obj
                0x100040fc                panic
 .text._out_null
                0x1000412c        0x2 CMakeFiles/digigen.dir/home/ok1gal/pico/pico-sdk/src/rp2_common/pico_printf/printf.c.obj
 .text._out_fct
                0x1000412e        0xe CMakeFiles/digigen.dir/home/ok1gal/pico/pico-sdk/src/rp2_common/pico_printf/printf.c.obj
 .text._atoi    0x1000413c       0x24 CMakeFiles/digigen.dir/home/ok1gal/pico/pico-sdk/src/rp2_common/pico_printf/printf.c.obj
 .text._out_rev
                0x10004160       0xae CMakeFiles/digigen.dir/home/ok1gal/pico/pico-sdk/src/rp2_common/pico_printf/printf.c.obj
 .text._ntoa_format
                0x1000420e      0x110 CMakeFiles/digigen.dir/home/ok1gal/pico/pico-sdk/src/rp2_common/pico_printf/printf.c.obj
 .text._ntoa_long
                0x1000431e       0xbc CMakeFiles/digigen.dir/home/ok1gal/pico/pico-sdk/src/rp2_common/pico_printf/printf.c.obj
 .text._ntoa_long_long
                0x100043da      0x10e CMakeFiles/digigen.dir/home/ok1gal/pico/pico-sdk/src/rp2_common/pico_printf/printf.c.obj
 .text._etoa    0x100044e8      0x420 CMakeFiles/digigen.dir/home/ok1gal/pico/pico-sdk/src/rp2_common/pico_printf/printf.c.obj
 .text._ftoa    0x10004908      0x354 CMakeFiles/digigen.dir/home/ok1gal/pico/pico-sdk/src/rp2_common/pico_printf/printf.c.obj
 .text._vsnprintf
                0x10004c5c      0x668 CMakeFiles/digigen.dir/home/ok1gal/pico/pico-sdk/src/rp2_common/pico_printf/printf.c.obj
 .text.vfctprintf
                0x100052c4       0x20 CMakeFiles/digigen.dir/home/ok1gal/pico/pico-sdk/src/rp2_common/pico_printf/printf.c.obj
                0x100052c4                vfctprintf
 .text          0x100052e4       0x10 CMakeFiles/digigen.dir/home/ok1gal/pico/pico-sdk/src/rp2_common/pico_bit_ops/bit_ops_aeabi.S.obj
 .text.rom_func_lookup
                0x100052f4       0x10 CMakeFiles/digigen.dir/home/ok1gal/pico/pico-sdk/src/rp2_common/pico_bootrom/bootrom.c.obj
                0x100052f4                rom_func_lookup
 .text.rom_data_lookup
                0x10005304       0x10 CMakeFiles/digigen.dir/home/ok1gal/pico/pico-sdk/src/rp2_common/pico_bootrom/bootrom.c.obj
                0x10005304                rom_data_lookup
 .text.rom_funcs_lookup
                0x10005314       0x36 CMakeFiles/digigen.dir/home/ok1gal/pico/pico-sdk/src/rp2_common/pico_bootrom/bootrom.c.obj
                0x10005314                rom_funcs_lookup
 *fill*         0x1000534a        0x2 
 .text.__wrap___aeabi_idiv
                0x1000534c       0x50 CMakeFiles/digigen.dir/home/ok1gal/pico/pico-sdk/src/rp2_common/pico_divider/divider.S.obj
                0x1000534c                __wrap___aeabi_idivmod
                0x1000534c                divmod_s32s32
                0x1000534c                div_s32s32
                0x1000534c                __wrap___aeabi_idiv
                0x10005354                divmod_s32s32_unsafe
                0x10005380                divmod_s32s32_savestate
 .text.__wrap___aeabi_uidiv
                0x1000539c       0x4c CMakeFiles/digigen.dir/home/ok1gal/pico/pico-sdk/src/rp2_common/pico_divider/divider.S.obj
                0x1000539c                __wrap___aeabi_uidiv
                0x1000539c                __wrap___aeabi_uidivmod
                0x1000539c                div_u32u32
                0x1000539c                divmod_u32u32
                0x100053a4                divmod_u32u32_unsafe
                0x100053cc                divmod_u32u32_savestate
 .text.__wrap___aeabi_ldiv
                0x100053e8      0x424 CMakeFiles/digigen.dir/home/ok1gal/pico/pico-sdk/src/rp2_common/pico_divider/divider.S.obj
                0x100053e8                div_s64s64
                0x100053e8                divmod_s64s64
                0x100053e8                __wrap___aeabi_ldivmod
                0x10005418                div_u64u64
                0x10005418                divmod_u64u64
                0x10005418                __wrap___aeabi_uldivmod
                0x10005428                divmod_u64u64_savestate
                0x10005448                divmod_s64s64_unsafe
                0x100054d0                divmod_u64u64_unsafe
 .text.__wrap___aeabi_darithmetic
                0x1000580c       0x80 CMakeFiles/digigen.dir/home/ok1gal/pico/pico-sdk/src/rp2_common/pico_double/double_aeabi.S.obj
                0x1000580c                __wrap___aeabi_drsub
                0x10005812                __wrap___aeabi_dsub
                0x10005824                __wrap___aeabi_dadd
                0x10005836                __wrap___aeabi_ddiv
                0x10005872                __wrap___aeabi_dmul
 .text.__wrap___aeabi_cdcmple
                0x1000588c       0x6c CMakeFiles/digigen.dir/home/ok1gal/pico/pico-sdk/src/rp2_common/pico_double/double_aeabi.S.obj
                0x1000588c                __wrap___aeabi_cdrcmple
                0x1000589c                __wrap___aeabi_cdcmple
                0x1000589c                __wrap___aeabi_cdcmpeq
 .text.__wrap___aeabi_dcmpeq
                0x100058f8       0x10 CMakeFiles/digigen.dir/home/ok1gal/pico/pico-sdk/src/rp2_common/pico_double/double_aeabi.S.obj
                0x100058f8                __wrap___aeabi_dcmpeq
 .text.__wrap___aeabi_dcmplt
                0x10005908        0xc CMakeFiles/digigen.dir/home/ok1gal/pico/pico-sdk/src/rp2_common/pico_double/double_aeabi.S.obj
                0x10005908                __wrap___aeabi_dcmplt
 .text.__wrap___aeabi_dcmple
                0x10005914       0x10 CMakeFiles/digigen.dir/home/ok1gal/pico/pico-sdk/src/rp2_common/pico_double/double_aeabi.S.obj
                0x10005914                __wrap___aeabi_dcmple
 .text.__wrap___aeabi_dcmpge
                0x10005924       0x10 CMakeFiles/digigen.dir/home/ok1gal/pico/pico-sdk/src/rp2_common/pico_double/double_aeabi.S.obj
                0x10005924                __wrap___aeabi_dcmpge
 .text.__wrap___aeabi_dcmpgt
                0x10005934        0xa CMakeFiles/digigen.dir/home/ok1gal/pico/pico-sdk/src/rp2_common/pico_double/double_aeabi.S.obj
                0x10005934                __wrap___aeabi_dcmpgt
 .text.__wrap___aeabi_dcmpun
                0x1000593e       0x1c CMakeFiles/digigen.dir/home/ok1gal/pico/pico-sdk/src/rp2_common/pico_double/double_aeabi.S.obj
                0x1000593e                __wrap___aeabi_dcmpun
 *fill*         0x1000595a        0x2 
 .text.__wrap___aeabi_i2d
                0x1000595c       0x38 CMakeFiles/digigen.dir/home/ok1gal/pico/pico-sdk/src/rp2_common/pico_double/double_aeabi.S.obj
                0x1000595c                __wrap___aeabi_ui2d
                0x10005964                __wrap___aeabi_i2d
 .text.__wrap___aeabi_d2iz
                0x10005994       0x48 CMakeFiles/digigen.dir/home/ok1gal/pico/pico-sdk/src/rp2_common/pico_double/double_aeabi.S.obj
                0x10005994                __wrap___aeabi_d2iz
                0x10005994                double2int_z
 .text.__wrap___aeabi_d2uiz
                0x100059dc       0x18 CMakeFiles/digigen.dir/home/ok1gal/pico/pico-sdk/src/rp2_common/pico_double/double_aeabi.S.obj
                0x100059dc                double2uint
                0x100059dc                __wrap___aeabi_d2uiz
 .text.__wrap___aeabi_ul2d
                0x100059f4       0x18 CMakeFiles/digigen.dir/home/ok1gal/pico/pico-sdk/src/rp2_common/pico_double/double_aeabi.S.obj
                0x100059f4                __wrap___aeabi_ul2d
 .text.__wrap___aeabi_d2ulz
                0x10005a0c       0x18 CMakeFiles/digigen.dir/home/ok1gal/pico/pico-sdk/src/rp2_common/pico_double/double_aeabi.S.obj
                0x10005a0c                __wrap___aeabi_d2ulz
 .text.__wrap_exp
                0x10005a24       0x18 CMakeFiles/digigen.dir/home/ok1gal/pico/pico-sdk/src/rp2_common/pico_double/double_aeabi.S.obj
                0x10005a24                __wrap_exp
 .text.__wrap_log
                0x10005a3c       0x18 CMakeFiles/digigen.dir/home/ok1gal/pico/pico-sdk/src/rp2_common/pico_double/double_aeabi.S.obj
                0x10005a3c                __wrap_log
 .text.__aeabi_double_init
                0x10005a54       0xcc CMakeFiles/digigen.dir/home/ok1gal/pico/pico-sdk/src/rp2_common/pico_double/double_init_rom.c.obj
                0x10005a54                __aeabi_double_init
 .text.dldexp   0x10005b20       0x50 CMakeFiles/digigen.dir/home/ok1gal/pico/pico-sdk/src/rp2_common/pico_double/double_math.c.obj
 .text.disint   0x10005b70       0x60 CMakeFiles/digigen.dir/home/ok1gal/pico/pico-sdk/src/rp2_common/pico_double/double_math.c.obj
 .text.disoddint
                0x10005bd0       0x7c CMakeFiles/digigen.dir/home/ok1gal/pico/pico-sdk/src/rp2_common/pico_double/double_math.c.obj
 .text.dispo2   0x10005c4c       0x28 CMakeFiles/digigen.dir/home/ok1gal/pico/pico-sdk/src/rp2_common/pico_double/double_math.c.obj
 .text.dpow_int2
                0x10005c74       0x2c CMakeFiles/digigen.dir/home/ok1gal/pico/pico-sdk/src/rp2_common/pico_double/double_math.c.obj
 .text.dpowint_1
                0x10005ca0       0x24 CMakeFiles/digigen.dir/home/ok1gal/pico/pico-sdk/src/rp2_common/pico_double/double_math.c.obj
 .text.dpow_1   0x10005cc4      0x1dc CMakeFiles/digigen.dir/home/ok1gal/pico/pico-sdk/src/rp2_common/pico_double/double_math.c.obj
 .text.dpow_0   0x10005ea0       0xd8 CMakeFiles/digigen.dir/home/ok1gal/pico/pico-sdk/src/rp2_common/pico_double/double_math.c.obj
 .text.__wrap_ldexp
                0x10005f78        0x8 CMakeFiles/digigen.dir/home/ok1gal/pico/pico-sdk/src/rp2_common/pico_double/double_math.c.obj
                0x10005f78                __wrap_ldexp
 .text.__wrap_round
                0x10005f80       0x98 CMakeFiles/digigen.dir/home/ok1gal/pico/pico-sdk/src/rp2_common/pico_double/double_math.c.obj
                0x10005f80                __wrap_round
 .text.__wrap_exp2
                0x10006018       0x88 CMakeFiles/digigen.dir/home/ok1gal/pico/pico-sdk/src/rp2_common/pico_double/double_math.c.obj
                0x10006018                __wrap_exp2
 .text.__wrap_pow
                0x100060a0      0x168 CMakeFiles/digigen.dir/home/ok1gal/pico/pico-sdk/src/rp2_common/pico_double/double_math.c.obj
                0x100060a0                __wrap_pow
 .text.double_table_shim_on_use_helper
                0x10006208       0x34 CMakeFiles/digigen.dir/home/ok1gal/pico/pico-sdk/src/rp2_common/pico_double/double_v1_rom_shim.S.obj
                0x10006208                double_table_shim_on_use_helper
 .text.__wrap___aeabi_dsub
                0x1000623c       0x10 CMakeFiles/digigen.dir/home/ok1gal/pico/pico-sdk/src/rp2_common/pico_double/double_v1_rom_shim.S.obj
                0x1000623c                drsub_shim
                0x10006242                dsub_shim
 .text.dadd_shim
                0x1000624c      0x15c CMakeFiles/digigen.dir/home/ok1gal/pico/pico-sdk/src/rp2_common/pico_double/double_v1_rom_shim.S.obj
                0x1000624c                dadd_shim
 .text.dmul_shim
                0x100063a8      0x15c CMakeFiles/digigen.dir/home/ok1gal/pico/pico-sdk/src/rp2_common/pico_double/double_v1_rom_shim.S.obj
                0x100063a8                dmul_shim
 .text.ddiv_shim
                0x10006504      0x1b0 CMakeFiles/digigen.dir/home/ok1gal/pico/pico-sdk/src/rp2_common/pico_double/double_v1_rom_shim.S.obj
                0x10006504                ddiv_shim
 .text.double2uint_shim
                0x100066b4        0xe CMakeFiles/digigen.dir/home/ok1gal/pico/pico-sdk/src/rp2_common/pico_double/double_v1_rom_shim.S.obj
                0x100066b4                double2uint_shim
                0x100066b6                double2ufix_shim
 *fill*         0x100066c2        0x2 
 .text.double2uint64_shim
                0x100066c4       0x70 CMakeFiles/digigen.dir/home/ok1gal/pico/pico-sdk/src/rp2_common/pico_double/double_v1_rom_shim.S.obj
                0x100066c4                double2uint64_shim
                0x100066c6                double2ufix64_shim
                0x100066e6                d2fix_a
 .text.x2double_shims
                0x10006734       0x90 CMakeFiles/digigen.dir/home/ok1gal/pico/pico-sdk/src/rp2_common/pico_double/double_v1_rom_shim.S.obj
                0x10006734                uint2double_shim
                0x10006736                ufix2double_shim
                0x1000673c                int2double_shim
                0x1000673e                fix2double_shim
                0x10006744                uint642double_shim
                0x10006746                ufix642double_shim
                0x1000674c                int642double_shim
                0x1000674e                fix642double_shim
 .text.dunpacks
                0x100067c4       0x3c CMakeFiles/digigen.dir/home/ok1gal/pico/pico-sdk/src/rp2_common/pico_double/double_v1_rom_shim.S.obj
                0x100067c4                dunpacks
 .text.dreduce  0x10006800       0x82 CMakeFiles/digigen.dir/home/ok1gal/pico/pico-sdk/src/rp2_common/pico_double/double_v1_rom_shim.S.obj
                0x10006800                dreduce
 *fill*         0x10006882        0x2 
 .text.dexp_guts
                0x10006884      0x268 CMakeFiles/digigen.dir/home/ok1gal/pico/pico-sdk/src/rp2_common/pico_double/double_v1_rom_shim.S.obj
                0x10006884                dexp_shim
                0x10006920                dln_shim
 .text.__aeabi_lmul
                0x10006aec       0x32 CMakeFiles/digigen.dir/home/ok1gal/pico/pico-sdk/src/rp2_common/pico_int64_ops/pico_int64_ops_aeabi.S.obj
                0x10006aec                __wrap___aeabi_lmul
 *fill*         0x10006b1e        0x2 
 .text.__wrap___aeabi_farithmetic
                0x10006b20       0x58 CMakeFiles/digigen.dir/home/ok1gal/pico/pico-sdk/src/rp2_common/pico_float/float_aeabi.S.obj
                0x10006b20                __wrap___aeabi_frsub
                0x10006b26                __wrap___aeabi_fsub
                0x10006b30                __wrap___aeabi_fadd
                0x10006b3a                __wrap___aeabi_fdiv
                0x10006b66                __wrap___aeabi_fmul
 .text.__wrap___aeabi_ui2f
                0x10006b78        0xa CMakeFiles/digigen.dir/home/ok1gal/pico/pico-sdk/src/rp2_common/pico_float/float_aeabi.S.obj
                0x10006b78                __wrap___aeabi_ui2f
 *fill*         0x10006b82        0x2 
 .text.__wrap___aeabi_i2f
                0x10006b84       0x44 CMakeFiles/digigen.dir/home/ok1gal/pico/pico-sdk/src/rp2_common/pico_float/float_aeabi.S.obj
                0x10006b84                __wrap___aeabi_i2f
 .text.__wrap___aeabi_f2uiz
                0x10006bc8       0x10 CMakeFiles/digigen.dir/home/ok1gal/pico/pico-sdk/src/rp2_common/pico_float/float_aeabi.S.obj
                0x10006bc8                __wrap___aeabi_f2uiz
 .text.__wrap___aeabi_f2ulz
                0x10006bd8       0x14 CMakeFiles/digigen.dir/home/ok1gal/pico/pico-sdk/src/rp2_common/pico_float/float_aeabi.S.obj
                0x10006bd8                __wrap___aeabi_f2ulz
 .text.__aeabi_float_init
                0x10006bec       0xfc CMakeFiles/digigen.dir/home/ok1gal/pico/pico-sdk/src/rp2_common/pico_float/float_init_rom.c.obj
                0x10006bec                __aeabi_float_init
 .text.float_table_shim_on_use_helper
                0x10006ce8       0x34 CMakeFiles/digigen.dir/home/ok1gal/pico/pico-sdk/src/rp2_common/pico_float/float_v1_rom_shim.S.obj
                0x10006ce8                float_table_shim_on_use_helper
 .text.float264_shims
                0x10006d1c       0x4c CMakeFiles/digigen.dir/home/ok1gal/pico/pico-sdk/src/rp2_common/pico_float/float_v1_rom_shim.S.obj
                0x10006d1c                float2int64_shim
                0x10006d1e                float2fix64_shim
                0x10006d26                float2uint64_shim
                0x10006d28                float2ufix64_shim
 .text.d2fix_a_float
                0x10006d68       0x5c CMakeFiles/digigen.dir/home/ok1gal/pico/pico-sdk/src/rp2_common/pico_float/float_v1_rom_shim.S.obj
 .text.check_alloc
                0x10006dc4       0x20 CMakeFiles/digigen.dir/home/ok1gal/pico/pico-sdk/src/rp2_common/pico_malloc/pico_malloc.c.obj
 .text.__wrap_malloc
                0x10006de4       0x2c CMakeFiles/digigen.dir/home/ok1gal/pico/pico-sdk/src/rp2_common/pico_malloc/pico_malloc.c.obj
                0x10006de4                __wrap_malloc
 .text.__wrap_free
                0x10006e10       0x20 CMakeFiles/digigen.dir/home/ok1gal/pico/pico-sdk/src/rp2_common/pico_malloc/pico_malloc.c.obj
                0x10006e10                __wrap_free
 .text          0x10006e30       0x10 CMakeFiles/digigen.dir/home/ok1gal/pico/pico-sdk/src/rp2_common/pico_mem_ops/mem_ops_aeabi.S.obj
                0x10006e30                __aeabi_mem_init
 .text.memset   0x10006e40        0xc CMakeFiles/digigen.dir/home/ok1gal/pico/pico-sdk/src/rp2_common/pico_mem_ops/mem_ops_aeabi.S.obj
                0x10006e40                __wrap_memset
 .text.memcpy   0x10006e4c        0xc CMakeFiles/digigen.dir/home/ok1gal/pico/pico-sdk/src/rp2_common/pico_mem_ops/mem_ops_aeabi.S.obj
                0x10006e4c                __wrap___aeabi_memcpy
                0x10006e4c                __wrap_memcpy
 .text.time_reached
                0x10006e58       0x28 CMakeFiles/digigen.dir/home/ok1gal/pico/pico-sdk/src/rp2_common/pico_stdio/stdio.c.obj
 .text.stdio_out_chars_no_crlf
                0x10006e80        0xe CMakeFiles/digigen.dir/home/ok1gal/pico/pico-sdk/src/rp2_common/pico_stdio/stdio.c.obj
 *fill*         0x10006e8e        0x2 
 .text.stdio_out_chars_crlf
                0x10006e90       0x80 CMakeFiles/digigen.dir/home/ok1gal/pico/pico-sdk/src/rp2_common/pico_stdio/stdio.c.obj
 .text.stdio_stack_buffer_flush
                0x10006f10       0x44 CMakeFiles/digigen.dir/home/ok1gal/pico/pico-sdk/src/rp2_common/pico_stdio/stdio.c.obj
 .text.stdio_buffered_printer
                0x10006f54       0x20 CMakeFiles/digigen.dir/home/ok1gal/pico/pico-sdk/src/rp2_common/pico_stdio/stdio.c.obj
 .text.update_us_since_boot
                0x10006f74       0x24 CMakeFiles/digigen.dir/home/ok1gal/pico/pico-sdk/src/rp2_common/pico_stdio/stdio.c.obj
 .text.get_absolute_time
                0x10006f98       0x22 CMakeFiles/digigen.dir/home/ok1gal/pico/pico-sdk/src/rp2_common/pico_stdio/stdio.c.obj
 *fill*         0x10006fba        0x2 
 .text.delayed_by_ms
                0x10006fbc       0x44 CMakeFiles/digigen.dir/home/ok1gal/pico/pico-sdk/src/rp2_common/pico_stdio/stdio.c.obj
 .text.make_timeout_time_ms
                0x10007000       0x20 CMakeFiles/digigen.dir/home/ok1gal/pico/pico-sdk/src/rp2_common/pico_stdio/stdio.c.obj
 .text.delayed_by_us
                0x10007020       0x34 CMakeFiles/digigen.dir/home/ok1gal/pico/pico-sdk/src/rp2_common/pico_stdio/stdio.c.obj
 .text.make_timeout_time_us
                0x10007054       0x24 CMakeFiles/digigen.dir/home/ok1gal/pico/pico-sdk/src/rp2_common/pico_stdio/stdio.c.obj
 .text.stdio_get_until
                0x10007078       0x64 CMakeFiles/digigen.dir/home/ok1gal/pico/pico-sdk/src/rp2_common/pico_stdio/stdio.c.obj
 .text.stdout_serialize_begin
                0x100070dc       0x20 CMakeFiles/digigen.dir/home/ok1gal/pico/pico-sdk/src/rp2_common/pico_stdio/stdio.c.obj
                0x100070dc                stdout_serialize_begin
 .text.stdout_serialize_end
                0x100070fc       0x10 CMakeFiles/digigen.dir/home/ok1gal/pico/pico-sdk/src/rp2_common/pico_stdio/stdio.c.obj
                0x100070fc                stdout_serialize_end
 .text.stdio_put_string
                0x1000710c       0x98 CMakeFiles/digigen.dir/home/ok1gal/pico/pico-sdk/src/rp2_common/pico_stdio/stdio.c.obj
 .text.__wrap_putchar
                0x100071a4       0x1c CMakeFiles/digigen.dir/home/ok1gal/pico/pico-sdk/src/rp2_common/pico_stdio/stdio.c.obj
                0x100071a4                __wrap_putchar
 .text.stdio_set_driver_enabled
                0x100071c0       0x2c CMakeFiles/digigen.dir/home/ok1gal/pico/pico-sdk/src/rp2_common/pico_stdio/stdio.c.obj
                0x100071c0                stdio_set_driver_enabled
 .text.stdio_flush
                0x100071ec       0x20 CMakeFiles/digigen.dir/home/ok1gal/pico/pico-sdk/src/rp2_common/pico_stdio/stdio.c.obj
                0x100071ec                stdio_flush
 .text.__wrap_puts
                0x1000720c       0x1e CMakeFiles/digigen.dir/home/ok1gal/pico/pico-sdk/src/rp2_common/pico_stdio/stdio.c.obj
                0x1000720c                __wrap_puts
 *fill*         0x1000722a        0x2 
 .text.__wrap_vprintf
                0x1000722c       0x40 CMakeFiles/digigen.dir/home/ok1gal/pico/pico-sdk/src/rp2_common/pico_stdio/stdio.c.obj
                0x1000722c                __wrap_vprintf
 .text.__wrap_printf
                0x1000726c       0x18 CMakeFiles/digigen.dir/home/ok1gal/pico/pico-sdk/src/rp2_common/pico_stdio/stdio.c.obj
                0x1000726c                __wrap_printf
 .text.stdio_init_all
                0x10007284        0x8 CMakeFiles/digigen.dir/home/ok1gal/pico/pico-sdk/src/rp2_common/pico_stdio/stdio.c.obj
                0x10007284                stdio_init_all
 .text.getchar_timeout_us
                0x1000728c       0x44 CMakeFiles/digigen.dir/home/ok1gal/pico/pico-sdk/src/rp2_common/pico_stdio/stdio.c.obj
                0x1000728c                getchar_timeout_us
 .text.resetd_init
                0x100072d0        0x2 CMakeFiles/digigen.dir/home/ok1gal/pico/pico-sdk/src/rp2_common/pico_stdio_usb/reset_interface.c.obj
 *fill*         0x100072d2        0x2 
 .text.resetd_reset
                0x100072d4        0xc CMakeFiles/digigen.dir/home/ok1gal/pico/pico-sdk/src/rp2_common/pico_stdio_usb/reset_interface.c.obj
 .text.resetd_open
                0x100072e0       0x34 CMakeFiles/digigen.dir/home/ok1gal/pico/pico-sdk/src/rp2_common/pico_stdio_usb/reset_interface.c.obj
 .text.resetd_xfer_cb
                0x10007314        0x4 CMakeFiles/digigen.dir/home/ok1gal/pico/pico-sdk/src/rp2_common/pico_stdio_usb/reset_interface.c.obj
 .text.reset_usb_boot
                0x10007318       0x18 CMakeFiles/digigen.dir/home/ok1gal/pico/pico-sdk/src/rp2_common/pico_stdio_usb/reset_interface.c.obj
 .text.resetd_control_xfer_cb
                0x10007330       0x5c CMakeFiles/digigen.dir/home/ok1gal/pico/pico-sdk/src/rp2_common/pico_stdio_usb/reset_interface.c.obj
 .text.usbd_app_driver_get_cb
                0x1000738c        0xc CMakeFiles/digigen.dir/home/ok1gal/pico/pico-sdk/src/rp2_common/pico_stdio_usb/reset_interface.c.obj
                0x1000738c                usbd_app_driver_get_cb
 .text.tud_cdc_line_coding_cb
                0x10007398       0x28 CMakeFiles/digigen.dir/home/ok1gal/pico/pico-sdk/src/rp2_common/pico_stdio_usb/reset_interface.c.obj
                0x10007398                tud_cdc_line_coding_cb
 .text.stdio_usb_set_chars_available_callback
                0x100073c0       0x14 CMakeFiles/digigen.dir/home/ok1gal/pico/pico-sdk/src/rp2_common/pico_stdio_usb/stdio_usb.c.obj
                0x100073c0                stdio_usb_set_chars_available_callback
 .text.update_us_since_boot
                0x100073d4       0x24 CMakeFiles/digigen.dir/home/ok1gal/pico/pico-sdk/src/rp2_common/pico_stdio_usb/stdio_usb.c.obj
 .text.get_absolute_time
                0x100073f8       0x22 CMakeFiles/digigen.dir/home/ok1gal/pico/pico-sdk/src/rp2_common/pico_stdio_usb/stdio_usb.c.obj
 *fill*         0x1000741a        0x2 
 .text.delayed_by_ms
                0x1000741c       0x44 CMakeFiles/digigen.dir/home/ok1gal/pico/pico-sdk/src/rp2_common/pico_stdio_usb/stdio_usb.c.obj
 .text.make_timeout_time_ms
                0x10007460       0x20 CMakeFiles/digigen.dir/home/ok1gal/pico/pico-sdk/src/rp2_common/pico_stdio_usb/stdio_usb.c.obj
 .text.delayed_by_us
                0x10007480       0x34 CMakeFiles/digigen.dir/home/ok1gal/pico/pico-sdk/src/rp2_common/pico_stdio_usb/stdio_usb.c.obj
 .text.usb_irq  0x100074b4       0x10 CMakeFiles/digigen.dir/home/ok1gal/pico/pico-sdk/src/rp2_common/pico_stdio_usb/stdio_usb.c.obj
 .text.critical_section_enter_blocking
                0x100074c4       0x16 CMakeFiles/digigen.dir/home/ok1gal/pico/pico-sdk/src/rp2_common/pico_stdio_usb/stdio_usb.c.obj
 *fill*         0x100074da        0x2 
 .text.timer_task
                0x100074dc       0x4c CMakeFiles/digigen.dir/home/ok1gal/pico/pico-sdk/src/rp2_common/pico_stdio_usb/stdio_usb.c.obj
 .text.alarm_pool_add_alarm_in_us
                0x10007528       0x3a CMakeFiles/digigen.dir/home/ok1gal/pico/pico-sdk/src/rp2_common/pico_stdio_usb/stdio_usb.c.obj
 .text.add_alarm_in_us
                0x10007562       0x2e CMakeFiles/digigen.dir/home/ok1gal/pico/pico-sdk/src/rp2_common/pico_stdio_usb/stdio_usb.c.obj
 .text.low_priority_worker_irq
                0x10007590       0x7c CMakeFiles/digigen.dir/home/ok1gal/pico/pico-sdk/src/rp2_common/pico_stdio_usb/stdio_usb.c.obj
 .text.tud_cdc_rx_cb
                0x1000760c       0x20 CMakeFiles/digigen.dir/home/ok1gal/pico/pico-sdk/src/rp2_common/pico_stdio_usb/stdio_usb.c.obj
                0x1000760c                tud_cdc_rx_cb
 .text.stdio_usb_init
                0x1000762c       0xd0 CMakeFiles/digigen.dir/home/ok1gal/pico/pico-sdk/src/rp2_common/pico_stdio_usb/stdio_usb.c.obj
                0x1000762c                stdio_usb_init
 .text.stdio_usb_connected
                0x100076fc        0xa CMakeFiles/digigen.dir/home/ok1gal/pico/pico-sdk/src/rp2_common/pico_stdio_usb/stdio_usb.c.obj
                0x100076fc                stdio_usb_connected
 *fill*         0x10007706        0x2 
 .text.stdio_usb_in_chars
                0x10007708       0x88 CMakeFiles/digigen.dir/home/ok1gal/pico/pico-sdk/src/rp2_common/pico_stdio_usb/stdio_usb.c.obj
                0x10007708                stdio_usb_in_chars
 .text.stdio_usb_out_chars
                0x10007790       0xd8 CMakeFiles/digigen.dir/home/ok1gal/pico/pico-sdk/src/rp2_common/pico_stdio_usb/stdio_usb.c.obj
 .text.tud_descriptor_device_cb
                0x10007868        0x8 CMakeFiles/digigen.dir/home/ok1gal/pico/pico-sdk/src/rp2_common/pico_stdio_usb/stdio_usb_descriptors.c.obj
                0x10007868                tud_descriptor_device_cb
 .text.tud_descriptor_configuration_cb
                0x10007870        0x8 CMakeFiles/digigen.dir/home/ok1gal/pico/pico-sdk/src/rp2_common/pico_stdio_usb/stdio_usb_descriptors.c.obj
                0x10007870                tud_descriptor_configuration_cb
 .text.tud_descriptor_string_cb
                0x10007878       0x6c CMakeFiles/digigen.dir/home/ok1gal/pico/pico-sdk/src/rp2_common/pico_stdio_usb/stdio_usb_descriptors.c.obj
                0x10007878                tud_descriptor_string_cb
 .text._retrieve_unique_id_on_boot
                0x100078e4       0x10 CMakeFiles/digigen.dir/home/ok1gal/pico/pico-sdk/src/rp2_common/pico_unique_id/unique_id.c.obj
 .text.pico_get_unique_board_id_string
                0x100078f4       0x5c CMakeFiles/digigen.dir/home/ok1gal/pico/pico-sdk/src/rp2_common/pico_unique_id/unique_id.c.obj
                0x100078f4                pico_get_unique_board_id_string
 .text.flash_get_unique_id
                0x10007950       0x40 CMakeFiles/digigen.dir/home/ok1gal/pico/pico-sdk/src/rp2_common/hardware_flash/flash.c.obj
                0x10007950                flash_get_unique_id
 .text.hw_endpoint_get_by_addr
                0x10007990       0x18 CMakeFiles/digigen.dir/home/ok1gal/pico/pico-sdk/lib/tinyusb/src/portable/raspberrypi/rp2040/dcd_rp2040.c.obj
 .text._hw_endpoint_alloc
                0x100079a8       0x70 CMakeFiles/digigen.dir/home/ok1gal/pico/pico-sdk/lib/tinyusb/src/portable/raspberrypi/rp2040/dcd_rp2040.c.obj
 .text.hw_endpoint_init
                0x10007a18       0x88 CMakeFiles/digigen.dir/home/ok1gal/pico/pico-sdk/lib/tinyusb/src/portable/raspberrypi/rp2040/dcd_rp2040.c.obj
 .text.dcd_event_sof
                0x10007aa0       0x2c CMakeFiles/digigen.dir/home/ok1gal/pico/pico-sdk/lib/tinyusb/src/portable/raspberrypi/rp2040/dcd_rp2040.c.obj
 .text.hw_endpoint_xfer
                0x10007acc       0x14 CMakeFiles/digigen.dir/home/ok1gal/pico/pico-sdk/lib/tinyusb/src/portable/raspberrypi/rp2040/dcd_rp2040.c.obj
 .text.dcd_int_enable
                0x10007ae0       0x2c CMakeFiles/digigen.dir/home/ok1gal/pico/pico-sdk/lib/tinyusb/src/portable/raspberrypi/rp2040/dcd_rp2040.c.obj
                0x10007ae0                dcd_int_enable
 .text.dcd_set_address
                0x10007b0c       0x2c CMakeFiles/digigen.dir/home/ok1gal/pico/pico-sdk/lib/tinyusb/src/portable/raspberrypi/rp2040/dcd_rp2040.c.obj
                0x10007b0c                dcd_set_address
 .text.dcd_connect
                0x10007b38       0x10 CMakeFiles/digigen.dir/home/ok1gal/pico/pico-sdk/lib/tinyusb/src/portable/raspberrypi/rp2040/dcd_rp2040.c.obj
                0x10007b38                dcd_connect
 .text.dcd_init
                0x10007b48       0x80 CMakeFiles/digigen.dir/home/ok1gal/pico/pico-sdk/lib/tinyusb/src/portable/raspberrypi/rp2040/dcd_rp2040.c.obj
                0x10007b48                dcd_init
 .text.dcd_edpt0_status_complete
                0x10007bc8       0x1c CMakeFiles/digigen.dir/home/ok1gal/pico/pico-sdk/lib/tinyusb/src/portable/raspberrypi/rp2040/dcd_rp2040.c.obj
                0x10007bc8                dcd_edpt0_status_complete
 .text.dcd_edpt_open
                0x10007be4       0x40 CMakeFiles/digigen.dir/home/ok1gal/pico/pico-sdk/lib/tinyusb/src/portable/raspberrypi/rp2040/dcd_rp2040.c.obj
                0x10007be4                dcd_edpt_open
 .text.dcd_edpt_close_all
                0x10007c24        0x8 CMakeFiles/digigen.dir/home/ok1gal/pico/pico-sdk/lib/tinyusb/src/portable/raspberrypi/rp2040/dcd_rp2040.c.obj
                0x10007c24                dcd_edpt_close_all
 .text.dcd_edpt_xfer
                0x10007c2c       0x34 CMakeFiles/digigen.dir/home/ok1gal/pico/pico-sdk/lib/tinyusb/src/portable/raspberrypi/rp2040/dcd_rp2040.c.obj
                0x10007c2c                dcd_edpt_xfer
 .text.dcd_edpt_stall
                0x10007c60       0x2c CMakeFiles/digigen.dir/home/ok1gal/pico/pico-sdk/lib/tinyusb/src/portable/raspberrypi/rp2040/dcd_rp2040.c.obj
                0x10007c60                dcd_edpt_stall
 .text.dcd_edpt_clear_stall
                0x10007c8c       0x20 CMakeFiles/digigen.dir/home/ok1gal/pico/pico-sdk/lib/tinyusb/src/portable/raspberrypi/rp2040/dcd_rp2040.c.obj
                0x10007c8c                dcd_edpt_clear_stall
 .text.rp2040_usb_init
                0x10007cac       0x4c CMakeFiles/digigen.dir/home/ok1gal/pico/pico-sdk/lib/tinyusb/src/portable/raspberrypi/rp2040/rp2040_usb.c.obj
                0x10007cac                rp2040_usb_init
 .text.hw_endpoint_xfer_start
                0x10007cf8       0x50 CMakeFiles/digigen.dir/home/ok1gal/pico/pico-sdk/lib/tinyusb/src/portable/raspberrypi/rp2040/rp2040_usb.c.obj
                0x10007cf8                hw_endpoint_xfer_start
 .text.configuration_reset
                0x10007d48       0x84 CMakeFiles/digigen.dir/home/ok1gal/pico/pico-sdk/lib/tinyusb/src/device/usbd.c.obj
 .text.critical_section_enter_blocking
                0x10007dcc       0x16 CMakeFiles/digigen.dir/home/ok1gal/pico/pico-sdk/lib/tinyusb/src/device/usbd.c.obj
 .text.usbd_reset
                0x10007de2        0xc CMakeFiles/digigen.dir/home/ok1gal/pico/pico-sdk/lib/tinyusb/src/device/usbd.c.obj
 .text.invoke_class_control
                0x10007dee       0x1a CMakeFiles/digigen.dir/home/ok1gal/pico/pico-sdk/lib/tinyusb/src/device/usbd.c.obj
 .text.process_set_config
                0x10007e08      0x178 CMakeFiles/digigen.dir/home/ok1gal/pico/pico-sdk/lib/tinyusb/src/device/usbd.c.obj
 .text.process_get_descriptor
                0x10007f80       0xdc CMakeFiles/digigen.dir/home/ok1gal/pico/pico-sdk/lib/tinyusb/src/device/usbd.c.obj
 .text.tud_mounted
                0x1000805c       0x10 CMakeFiles/digigen.dir/home/ok1gal/pico/pico-sdk/lib/tinyusb/src/device/usbd.c.obj
                0x1000805c                tud_mounted
 .text.tud_suspended
                0x1000806c       0x10 CMakeFiles/digigen.dir/home/ok1gal/pico/pico-sdk/lib/tinyusb/src/device/usbd.c.obj
                0x1000806c                tud_suspended
 .text.tud_inited
                0x1000807c       0x14 CMakeFiles/digigen.dir/home/ok1gal/pico/pico-sdk/lib/tinyusb/src/device/usbd.c.obj
                0x1000807c                tud_inited
 .text.tud_init
                0x10008090       0xcc CMakeFiles/digigen.dir/home/ok1gal/pico/pico-sdk/lib/tinyusb/src/device/usbd.c.obj
                0x10008090                tud_init
 .text.usbd_defer_func
                0x1000815c       0x2a CMakeFiles/digigen.dir/home/ok1gal/pico/pico-sdk/lib/tinyusb/src/device/usbd.c.obj
                0x1000815c                usbd_defer_func
 *fill*         0x10008186        0x2 
 .text.usbd_edpt_open
                0x10008188       0x34 CMakeFiles/digigen.dir/home/ok1gal/pico/pico-sdk/lib/tinyusb/src/device/usbd.c.obj
                0x10008188                usbd_edpt_open
 .text.usbd_open_edpt_pair
                0x100081bc       0x62 CMakeFiles/digigen.dir/home/ok1gal/pico/pico-sdk/lib/tinyusb/src/device/usbd.c.obj
                0x100081bc                usbd_open_edpt_pair
 *fill*         0x1000821e        0x2 
 .text.usbd_edpt_claim
                0x10008220       0x28 CMakeFiles/digigen.dir/home/ok1gal/pico/pico-sdk/lib/tinyusb/src/device/usbd.c.obj
                0x10008220                usbd_edpt_claim
 .text.usbd_edpt_release
                0x10008248       0x28 CMakeFiles/digigen.dir/home/ok1gal/pico/pico-sdk/lib/tinyusb/src/device/usbd.c.obj
                0x10008248                usbd_edpt_release
 .text.usbd_edpt_xfer
                0x10008270       0x78 CMakeFiles/digigen.dir/home/ok1gal/pico/pico-sdk/lib/tinyusb/src/device/usbd.c.obj
                0x10008270                usbd_edpt_xfer
 .text.usbd_edpt_stall
                0x100082e8       0x48 CMakeFiles/digigen.dir/home/ok1gal/pico/pico-sdk/lib/tinyusb/src/device/usbd.c.obj
                0x100082e8                usbd_edpt_stall
 .text.usbd_edpt_clear_stall
                0x10008330       0x48 CMakeFiles/digigen.dir/home/ok1gal/pico/pico-sdk/lib/tinyusb/src/device/usbd.c.obj
                0x10008330                usbd_edpt_clear_stall
 .text.usbd_edpt_stalled
                0x10008378       0x1c CMakeFiles/digigen.dir/home/ok1gal/pico/pico-sdk/lib/tinyusb/src/device/usbd.c.obj
                0x10008378                usbd_edpt_stalled
 .text.process_control_request
                0x10008394      0x374 CMakeFiles/digigen.dir/home/ok1gal/pico/pico-sdk/lib/tinyusb/src/device/usbd.c.obj
 .text.tud_task_ext
                0x10008708      0x1a8 CMakeFiles/digigen.dir/home/ok1gal/pico/pico-sdk/lib/tinyusb/src/device/usbd.c.obj
                0x10008708                tud_task_ext
 .text._status_stage_xact
                0x100088b0       0x1a CMakeFiles/digigen.dir/home/ok1gal/pico/pico-sdk/lib/tinyusb/src/device/usbd_control.c.obj
 *fill*         0x100088ca        0x2 
 .text._data_stage_xact
                0x100088cc       0x58 CMakeFiles/digigen.dir/home/ok1gal/pico/pico-sdk/lib/tinyusb/src/device/usbd_control.c.obj
 .text.tud_control_status
                0x10008924       0x28 CMakeFiles/digigen.dir/home/ok1gal/pico/pico-sdk/lib/tinyusb/src/device/usbd_control.c.obj
                0x10008924                tud_control_status
 .text.tud_control_xfer
                0x1000894c       0x68 CMakeFiles/digigen.dir/home/ok1gal/pico/pico-sdk/lib/tinyusb/src/device/usbd_control.c.obj
                0x1000894c                tud_control_xfer
 .text.usbd_control_reset
                0x100089b4       0x14 CMakeFiles/digigen.dir/home/ok1gal/pico/pico-sdk/lib/tinyusb/src/device/usbd_control.c.obj
                0x100089b4                usbd_control_reset
 .text.usbd_control_set_complete_callback
                0x100089c8        0xc CMakeFiles/digigen.dir/home/ok1gal/pico/pico-sdk/lib/tinyusb/src/device/usbd_control.c.obj
                0x100089c8                usbd_control_set_complete_callback
 .text.usbd_control_set_request
                0x100089d4       0x1c CMakeFiles/digigen.dir/home/ok1gal/pico/pico-sdk/lib/tinyusb/src/device/usbd_control.c.obj
                0x100089d4                usbd_control_set_request
 .text.usbd_control_xfer_cb
                0x100089f0       0xbc CMakeFiles/digigen.dir/home/ok1gal/pico/pico-sdk/lib/tinyusb/src/device/usbd_control.c.obj
                0x100089f0                usbd_control_xfer_cb
 .text._prep_out_transaction
                0x10008aac       0x4a CMakeFiles/digigen.dir/home/ok1gal/pico/pico-sdk/lib/tinyusb/src/class/cdc/cdc_device.c.obj
 *fill*         0x10008af6        0x2 
 .text.tud_cdc_n_connected
                0x10008af8       0x38 CMakeFiles/digigen.dir/home/ok1gal/pico/pico-sdk/lib/tinyusb/src/class/cdc/cdc_device.c.obj
                0x10008af8                tud_cdc_n_connected
 .text.tud_cdc_n_available
                0x10008b30       0x18 CMakeFiles/digigen.dir/home/ok1gal/pico/pico-sdk/lib/tinyusb/src/class/cdc/cdc_device.c.obj
                0x10008b30                tud_cdc_n_available
 .text.tud_cdc_n_read
                0x10008b48       0x28 CMakeFiles/digigen.dir/home/ok1gal/pico/pico-sdk/lib/tinyusb/src/class/cdc/cdc_device.c.obj
                0x10008b48                tud_cdc_n_read
 .text.tud_cdc_n_write_flush
                0x10008b70       0xb8 CMakeFiles/digigen.dir/home/ok1gal/pico/pico-sdk/lib/tinyusb/src/class/cdc/cdc_device.c.obj
                0x10008b70                tud_cdc_n_write_flush
 .text.tud_cdc_n_write
                0x10008c28       0x38 CMakeFiles/digigen.dir/home/ok1gal/pico/pico-sdk/lib/tinyusb/src/class/cdc/cdc_device.c.obj
                0x10008c28                tud_cdc_n_write
 .text.tud_cdc_n_write_available
                0x10008c60       0x1c CMakeFiles/digigen.dir/home/ok1gal/pico/pico-sdk/lib/tinyusb/src/class/cdc/cdc_device.c.obj
                0x10008c60                tud_cdc_n_write_available
 .text.cdcd_init
                0x10008c7c       0xbc CMakeFiles/digigen.dir/home/ok1gal/pico/pico-sdk/lib/tinyusb/src/class/cdc/cdc_device.c.obj
                0x10008c7c                cdcd_init
 .text.cdcd_reset
                0x10008d38       0x44 CMakeFiles/digigen.dir/home/ok1gal/pico/pico-sdk/lib/tinyusb/src/class/cdc/cdc_device.c.obj
                0x10008d38                cdcd_reset
 .text.cdcd_open
                0x10008d7c       0xc4 CMakeFiles/digigen.dir/home/ok1gal/pico/pico-sdk/lib/tinyusb/src/class/cdc/cdc_device.c.obj
                0x10008d7c                cdcd_open
 .text.cdcd_control_xfer_cb
                0x10008e40      0x134 CMakeFiles/digigen.dir/home/ok1gal/pico/pico-sdk/lib/tinyusb/src/class/cdc/cdc_device.c.obj
                0x10008e40                cdcd_control_xfer_cb
 .text.cdcd_xfer_cb
                0x10008f74      0x130 CMakeFiles/digigen.dir/home/ok1gal/pico/pico-sdk/lib/tinyusb/src/class/cdc/cdc_device.c.obj
                0x10008f74                cdcd_xfer_cb
 .text.tusb_init
                0x100090a4        0xa CMakeFiles/digigen.dir/home/ok1gal/pico/pico-sdk/lib/tinyusb/src/tusb.c.obj
                0x100090a4                tusb_init
 .text.tusb_inited
                0x100090ae        0xe CMakeFiles/digigen.dir/home/ok1gal/pico/pico-sdk/lib/tinyusb/src/tusb.c.obj
                0x100090ae                tusb_inited
 .text.tu_edpt_claim
                0x100090bc       0x50 CMakeFiles/digigen.dir/home/ok1gal/pico/pico-sdk/lib/tinyusb/src/tusb.c.obj
                0x100090bc                tu_edpt_claim
 .text.tu_edpt_release
                0x1000910c       0x38 CMakeFiles/digigen.dir/home/ok1gal/pico/pico-sdk/lib/tinyusb/src/tusb.c.obj
                0x1000910c                tu_edpt_release
 .text.tu_edpt_validate
                0x10009144       0x78 CMakeFiles/digigen.dir/home/ok1gal/pico/pico-sdk/lib/tinyusb/src/tusb.c.obj
                0x10009144                tu_edpt_validate
 .text.tu_edpt_bind_driver
                0x100091bc       0x26 CMakeFiles/digigen.dir/home/ok1gal/pico/pico-sdk/lib/tinyusb/src/tusb.c.obj
                0x100091bc                tu_edpt_bind_driver
 .text.advance_index
                0x100091e2       0x1a CMakeFiles/digigen.dir/home/ok1gal/pico/pico-sdk/lib/tinyusb/src/common/tusb_fifo.c.obj
 .text._tu_fifo_peek
                0x100091fc       0x56 CMakeFiles/digigen.dir/home/ok1gal/pico/pico-sdk/lib/tinyusb/src/common/tusb_fifo.c.obj
 .text._ff_pull_const_addr
                0x10009252       0x4c CMakeFiles/digigen.dir/home/ok1gal/pico/pico-sdk/lib/tinyusb/src/common/tusb_fifo.c.obj
 .text._ff_pull_n
                0x1000929e      0x110 CMakeFiles/digigen.dir/home/ok1gal/pico/pico-sdk/lib/tinyusb/src/common/tusb_fifo.c.obj
 .text._tu_fifo_peek_n
                0x100093ae       0x6a CMakeFiles/digigen.dir/home/ok1gal/pico/pico-sdk/lib/tinyusb/src/common/tusb_fifo.c.obj
 .text._tu_fifo_read_n
                0x10009418       0x4e CMakeFiles/digigen.dir/home/ok1gal/pico/pico-sdk/lib/tinyusb/src/common/tusb_fifo.c.obj
 .text._ff_push_const_addr
                0x10009466       0x40 CMakeFiles/digigen.dir/home/ok1gal/pico/pico-sdk/lib/tinyusb/src/common/tusb_fifo.c.obj
 .text._ff_push_n
                0x100094a6      0x10c CMakeFiles/digigen.dir/home/ok1gal/pico/pico-sdk/lib/tinyusb/src/common/tusb_fifo.c.obj
 .text._tu_fifo_write_n
                0x100095b2       0xf0 CMakeFiles/digigen.dir/home/ok1gal/pico/pico-sdk/lib/tinyusb/src/common/tusb_fifo.c.obj
 .text.tu_fifo_config
                0x100096a2       0x7c CMakeFiles/digigen.dir/home/ok1gal/pico/pico-sdk/lib/tinyusb/src/common/tusb_fifo.c.obj
                0x100096a2                tu_fifo_config
 .text.tu_fifo_count
                0x1000971e       0x2a CMakeFiles/digigen.dir/home/ok1gal/pico/pico-sdk/lib/tinyusb/src/common/tusb_fifo.c.obj
                0x1000971e                tu_fifo_count
 .text.tu_fifo_empty
                0x10009748        0xe CMakeFiles/digigen.dir/home/ok1gal/pico/pico-sdk/lib/tinyusb/src/common/tusb_fifo.c.obj
                0x10009748                tu_fifo_empty
 .text.tu_fifo_full
                0x10009756       0x28 CMakeFiles/digigen.dir/home/ok1gal/pico/pico-sdk/lib/tinyusb/src/common/tusb_fifo.c.obj
                0x10009756                tu_fifo_full
 .text.tu_fifo_remaining
                0x1000977e       0x2c CMakeFiles/digigen.dir/home/ok1gal/pico/pico-sdk/lib/tinyusb/src/common/tusb_fifo.c.obj
                0x1000977e                tu_fifo_remaining
 .text.tu_fifo_read
                0x100097aa       0x42 CMakeFiles/digigen.dir/home/ok1gal/pico/pico-sdk/lib/tinyusb/src/common/tusb_fifo.c.obj
                0x100097aa                tu_fifo_read
 .text.tu_fifo_read_n
                0x100097ec        0xa CMakeFiles/digigen.dir/home/ok1gal/pico/pico-sdk/lib/tinyusb/src/common/tusb_fifo.c.obj
                0x100097ec                tu_fifo_read_n
 .text.tu_fifo_write
                0x100097f6       0x64 CMakeFiles/digigen.dir/home/ok1gal/pico/pico-sdk/lib/tinyusb/src/common/tusb_fifo.c.obj
                0x100097f6                tu_fifo_write
 .text.tu_fifo_write_n
                0x1000985a        0xa CMakeFiles/digigen.dir/home/ok1gal/pico/pico-sdk/lib/tinyusb/src/common/tusb_fifo.c.obj
                0x1000985a                tu_fifo_write_n
 .text.tu_fifo_clear
                0x10009864       0x3e CMakeFiles/digigen.dir/home/ok1gal/pico/pico-sdk/lib/tinyusb/src/common/tusb_fifo.c.obj
                0x10009864                tu_fifo_clear
 .text.tu_fifo_set_overwritable
                0x100098a2       0x46 CMakeFiles/digigen.dir/home/ok1gal/pico/pico-sdk/lib/tinyusb/src/common/tusb_fifo.c.obj
                0x100098a2                tu_fifo_set_overwritable
 .text.core1_trampoline
                0x100098e8        0x2 CMakeFiles/digigen.dir/home/ok1gal/pico/pico-sdk/src/rp2_common/pico_multicore/multicore.c.obj
 .text.core1_wrapper
                0x100098ea        0xc CMakeFiles/digigen.dir/home/ok1gal/pico/pico-sdk/src/rp2_common/pico_multicore/multicore.c.obj
                0x100098ea                core1_wrapper
 .text.multicore_fifo_push_blocking
                0x100098f6       0x14 CMakeFiles/digigen.dir/home/ok1gal/pico/pico-sdk/src/rp2_common/pico_multicore/multicore.c.obj
                0x100098f6                multicore_fifo_push_blocking
 .text.multicore_fifo_pop_blocking
                0x1000990a       0x16 CMakeFiles/digigen.dir/home/ok1gal/pico/pico-sdk/src/rp2_common/pico_multicore/multicore.c.obj
                0x1000990a                multicore_fifo_pop_blocking
 .text.multicore_launch_core1_raw
                0x10009920       0x70 CMakeFiles/digigen.dir/home/ok1gal/pico/pico-sdk/src/rp2_common/pico_multicore/multicore.c.obj
                0x10009920                multicore_launch_core1_raw
 .text.multicore_launch_core1_with_stack
                0x10009990       0x50 CMakeFiles/digigen.dir/home/ok1gal/pico/pico-sdk/src/rp2_common/pico_multicore/multicore.c.obj
                0x10009990                multicore_launch_core1_with_stack
 .text.multicore_launch_core1
                0x100099e0       0x24 CMakeFiles/digigen.dir/home/ok1gal/pico/pico-sdk/src/rp2_common/pico_multicore/multicore.c.obj
                0x100099e0                multicore_launch_core1
 .text.i2c_write_blocking_internal
                0x10009a04      0x146 CMakeFiles/digigen.dir/home/ok1gal/pico/pico-sdk/src/rp2_common/hardware_i2c/i2c.c.obj
 .text.i2c_read_blocking_internal
                0x10009b4a       0xe6 CMakeFiles/digigen.dir/home/ok1gal/pico/pico-sdk/src/rp2_common/hardware_i2c/i2c.c.obj
 .text.i2c_set_baudrate
                0x10009c30       0xf0 CMakeFiles/digigen.dir/home/ok1gal/pico/pico-sdk/src/rp2_common/hardware_i2c/i2c.c.obj
                0x10009c30                i2c_set_baudrate
 .text.i2c_init
                0x10009d20       0x58 CMakeFiles/digigen.dir/home/ok1gal/pico/pico-sdk/src/rp2_common/hardware_i2c/i2c.c.obj
                0x10009d20                i2c_init
 .text.i2c_write_blocking
                0x10009d78       0x18 CMakeFiles/digigen.dir/home/ok1gal/pico/pico-sdk/src/rp2_common/hardware_i2c/i2c.c.obj
                0x10009d78                i2c_write_blocking
 .text.i2c_read_blocking
                0x10009d90       0x18 CMakeFiles/digigen.dir/home/ok1gal/pico/pico-sdk/src/rp2_common/hardware_i2c/i2c.c.obj
                0x10009d90                i2c_read_blocking
 .text          0x10009da8      0x5b4 /usr/lib/gcc/arm-none-eabi/13.2.1/../../../arm-none-eabi/lib/thumb/v6-m/nofp/libg.a(libc_a-mallocr.o)
                0x10009da8                _malloc_r
 .text          0x1000a35c      0x288 /usr/lib/gcc/arm-none-eabi/13.2.1/../../../arm-none-eabi/lib/thumb/v6-m/nofp/libg.a(libc_a-freer.o)
                0x1000a35c                _malloc_trim_r
                0x1000a410                _free_r
 .text          0x1000a5e4       0x28 /usr/lib/gcc/arm-none-eabi/13.2.1/../../../arm-none-eabi/lib/thumb/v6-m/nofp/libg.a(libc_a-malloc.o)
                0x1000a5e4                malloc
                0x1000a5f8                free
 .text          0x1000a60c       0x1c /usr/lib/gcc/arm-none-eabi/13.2.1/../../../arm-none-eabi/lib/thumb/v6-m/nofp/libg.a(libc_a-sysconf.o)
                0x1000a60c                sysconf
 .text          0x1000a628        0x8 /usr/lib/gcc/arm-none-eabi/13.2.1/../../../arm-none-eabi/lib/thumb/v6-m/nofp/libg.a(libc_a-mlock.o)
                0x1000a628                __malloc_lock
                0x1000a62c                __malloc_unlock
 .text          0x1000a630       0x10 /usr/lib/gcc/arm-none-eabi/13.2.1/../../../arm-none-eabi/lib/thumb/v6-m/nofp/libg.a(libc_a-atexit.o)
                0x1000a630                atexit
 .text          0x1000a640       0x5c /usr/lib/gcc/arm-none-eabi/13.2.1/../../../arm-none-eabi/lib/thumb/v6-m/nofp/libg.a(libc_a-strlen-stub.o)
                0x1000a640                strlen
 .text          0x1000a69c       0x24 /usr/lib/gcc/arm-none-eabi/13.2.1/../../../arm-none-eabi/lib/thumb/v6-m/nofp/libg.a(libc_a-sbrkr.o)
                0x1000a69c                _sbrk_r
 .text          0x1000a6c0       0x28 /usr/lib/gcc/arm-none-eabi/13.2.1/../../../arm-none-eabi/lib/thumb/v6-m/nofp/libg.a(libc_a-fini.o)
                0x1000a6c0                __libc_fini_array
 .text          0x1000a6e8        0xc /usr/lib/gcc/arm-none-eabi/13.2.1/../../../arm-none-eabi/lib/thumb/v6-m/nofp/libg.a(libc_a-errno.o)
                0x1000a6e8                __errno
 .text          0x1000a6f4       0x78 /usr/lib/gcc/arm-none-eabi/13.2.1/../../../arm-none-eabi/lib/thumb/v6-m/nofp/libg.a(libc_a-__atexit.o)
                0x1000a6f4                __register_exitproc
 .text.startup  0x1000a76c       0x18 /usr/lib/gcc/arm-none-eabi/13.2.1/../../../arm-none-eabi/lib/thumb/v6-m/nofp/libg.a(libc_a-__call_atexit.o)
 *(.fini)
 .fini          0x1000a784        0x4 /usr/lib/gcc/arm-none-eabi/13.2.1/thumb/v6-m/nofp/crti.o
                0x1000a784                _fini
 .fini.__stub   0x1000a788       0xf0 linker stubs
 *crtbegin.o(.ctors)
 *crtbegin?.o(.ctors)
 *(EXCLUDE_FILE(*crtend.o *crtend?.o) .ctors)
 *(SORT_BY_NAME(.ctors.*))
 *(.ctors)
 *crtbegin.o(.dtors)
 *crtbegin?.o(.dtors)
 *(EXCLUDE_FILE(*crtend.o *crtend?.o) .dtors)
 *(SORT_BY_NAME(.dtors.*))
 *(.dtors)
 *(.eh_frame*)
 .eh_frame      0x1000a878        0x0 /usr/lib/gcc/arm-none-eabi/13.2.1/thumb/v6-m/nofp/crtbegin.o
                0x1000a878                        . = ALIGN (0x4)

.glue_7         0x1000a878        0x0
 .glue_7        0x1000a878        0x0 linker stubs

.glue_7t        0x1000a878        0x0
 .glue_7t       0x1000a878        0x0 linker stubs

.vfp11_veneer   0x1000a878        0x0
 .vfp11_veneer  0x1000a878        0x0 linker stubs

.v4_bx          0x1000a878        0x0
 .v4_bx         0x1000a878        0x0 linker stubs

.iplt           0x1000a878        0x0
 .iplt          0x1000a878        0x0 /usr/lib/gcc/arm-none-eabi/13.2.1/thumb/v6-m/nofp/crtbegin.o

.rodata         0x1000a878     0x1bc8
 *(EXCLUDE_FILE(*libm.a: *libc.a:*lib_a-mem*.o *libgcc.a:) .rodata*)
 .rodata.main.str1.4
                0x1000a878     0x1469 CMakeFiles/digigen.dir/digigen.c.obj
                                 0xd3 (size before relaxing)
 .rodata.si5351_read.str1.4
                0x1000bce1        0x1 CMakeFiles/digigen.dir/si5351.c.obj
 *fill*         0x1000bce1        0x3 
 .rodata.ms_div
                0x1000bce4       0x20 CMakeFiles/digigen.dir/si5351.c.obj
 .rodata.set_ms
                0x1000bd04       0x20 CMakeFiles/digigen.dir/si5351.c.obj
 .rodata.console_init.str1.4
                0x1000bd24       0x18 CMakeFiles/digigen.dir/console.c.obj
 .rodata.handle_console_command.str1.4
                0x1000bd24      0x4ee CMakeFiles/digigen.dir/console.c.obj
 .rodata.handle_console_rx.str1.4
                0x1000bd24        0x6 CMakeFiles/digigen.dir/console.c.obj
 .rodata.spin_lock_claim_unused.str1.4
                0x1000bd24       0x1b CMakeFiles/digigen.dir/home/ok1gal/pico/pico-sdk/src/rp2_common/hardware_sync/sync.c.obj
 .rodata.resolve_branch.str1.4
                0x1000bd24       0x55 CMakeFiles/digigen.dir/home/ok1gal/pico/pico-sdk/src/rp2_common/hardware_irq/irq.c.obj
 .rodata.make_branch.str1.4
                0x1000bd24       0x30 CMakeFiles/digigen.dir/home/ok1gal/pico/pico-sdk/src/rp2_common/hardware_irq/irq.c.obj
 .rodata.insert_branch_and_link.str1.4
                0x1000bd24       0x10 CMakeFiles/digigen.dir/home/ok1gal/pico/pico-sdk/src/rp2_common/hardware_irq/irq.c.obj
 .rodata.irq_set_exclusive_handler.str1.4
                0x1000bd24       0x36 CMakeFiles/digigen.dir/home/ok1gal/pico/pico-sdk/src/rp2_common/hardware_irq/irq.c.obj
 .rodata.irq_add_shared_handler.str1.4
                0x1000bd24       0xc2 CMakeFiles/digigen.dir/home/ok1gal/pico/pico-sdk/src/rp2_common/hardware_irq/irq.c.obj
 .rodata.irq_remove_handler.str1.4
                0x1000bd24       0x3a CMakeFiles/digigen.dir/home/ok1gal/pico/pico-sdk/src/rp2_common/hardware_irq/irq.c.obj
 .rodata.irq_add_tail_to_free_list.str1.4
                0x1000bd24       0x3a CMakeFiles/digigen.dir/home/ok1gal/pico/pico-sdk/src/rp2_common/hardware_irq/irq.c.obj
 .rodata.user_irq_claim_unused.str1.4
                0x1000bd24       0x1b CMakeFiles/digigen.dir/home/ok1gal/pico/pico-sdk/src/rp2_common/hardware_irq/irq.c.obj
 .rodata.__func__.0
                0x1000bd24       0x1a CMakeFiles/digigen.dir/home/ok1gal/pico/pico-sdk/src/rp2_common/hardware_irq/irq.c.obj
 *fill*         0x1000bd3e        0x2 
 .rodata.__func__.1
                0x1000bd40       0x17 CMakeFiles/digigen.dir/home/ok1gal/pico/pico-sdk/src/rp2_common/hardware_irq/irq.c.obj
 *fill*         0x1000bd57        0x1 
 .rodata.__func__.2
                0x1000bd58       0x13 CMakeFiles/digigen.dir/home/ok1gal/pico/pico-sdk/src/rp2_common/hardware_irq/irq.c.obj
 *fill*         0x1000bd6b        0x1 
 .rodata.__func__.3
                0x1000bd6c        0xc CMakeFiles/digigen.dir/home/ok1gal/pico/pico-sdk/src/rp2_common/hardware_irq/irq.c.obj
 .rodata.__func__.4
                0x1000bd78        0xf CMakeFiles/digigen.dir/home/ok1gal/pico/pico-sdk/src/rp2_common/hardware_irq/irq.c.obj
 *fill*         0x1000bd87        0x1 
 .rodata.__func__.5
                0x1000bd88       0x17 CMakeFiles/digigen.dir/home/ok1gal/pico/pico-sdk/src/rp2_common/hardware_irq/irq.c.obj
 *fill*         0x1000bd9f        0x1 
 .rodata.__func__.6
                0x1000bda0       0x1a CMakeFiles/digigen.dir/home/ok1gal/pico/pico-sdk/src/rp2_common/hardware_irq/irq.c.obj
 .rodata.update_us_since_boot.str1.4
                0x1000bdba       0x61 CMakeFiles/digigen.dir/home/ok1gal/pico/pico-sdk/src/common/pico_sync/mutex.c.obj
 .rodata.str1.4
                0x1000bdba       0x89 CMakeFiles/digigen.dir/home/ok1gal/pico/pico-sdk/src/common/pico_sync/mutex.c.obj
 *fill*         0x1000bdba        0x2 
 .rodata.__func__.1
                0x1000bdbc        0xb CMakeFiles/digigen.dir/home/ok1gal/pico/pico-sdk/src/common/pico_sync/mutex.c.obj
 *fill*         0x1000bdc7        0x1 
 .rodata.__func__.3
                0x1000bdc8       0x18 CMakeFiles/digigen.dir/home/ok1gal/pico/pico-sdk/src/common/pico_sync/mutex.c.obj
 .rodata.__func__.4
                0x1000bde0       0x15 CMakeFiles/digigen.dir/home/ok1gal/pico/pico-sdk/src/common/pico_sync/mutex.c.obj
 .rodata.get_entry.str1.4
                0x1000bdf5       0x5b CMakeFiles/digigen.dir/home/ok1gal/pico/pico-sdk/src/common/pico_time/time.c.obj
 .rodata.update_us_since_boot.str1.4
                0x1000bdf5       0x61 CMakeFiles/digigen.dir/home/ok1gal/pico/pico-sdk/src/common/pico_time/time.c.obj
 .rodata.ph_get_node.str1.4
                0x1000bdf5       0x66 CMakeFiles/digigen.dir/home/ok1gal/pico/pico-sdk/src/common/pico_time/time.c.obj
 .rodata.ph_add_child_node.str1.4
                0x1000bdf5       0x2e CMakeFiles/digigen.dir/home/ok1gal/pico/pico-sdk/src/common/pico_time/time.c.obj
 .rodata.ph_insert_node.str1.4
                0x1000bdf5        0x3 CMakeFiles/digigen.dir/home/ok1gal/pico/pico-sdk/src/common/pico_time/time.c.obj
 .rodata.ph_free_node.str1.4
                0x1000bdf5       0x38 CMakeFiles/digigen.dir/home/ok1gal/pico/pico-sdk/src/common/pico_time/time.c.obj
 .rodata.add_alarm_under_lock.str1.4
                0x1000bdf5       0x28 CMakeFiles/digigen.dir/home/ok1gal/pico/pico-sdk/src/common/pico_time/time.c.obj
 .rodata.alarm_pool_alarm_callback.str1.4
                0x1000bdf5       0x60 CMakeFiles/digigen.dir/home/ok1gal/pico/pico-sdk/src/common/pico_time/time.c.obj
 .rodata.alarm_pool_get_default.str1.4
                0x1000bdf5       0x21 CMakeFiles/digigen.dir/home/ok1gal/pico/pico-sdk/src/common/pico_time/time.c.obj
 .rodata.alarm_pool_cancel_alarm.str1.4
                0x1000bdf5       0x27 CMakeFiles/digigen.dir/home/ok1gal/pico/pico-sdk/src/common/pico_time/time.c.obj
 *fill*         0x1000bdf5        0x3 
 .rodata.__func__.1
                0x1000bdf8       0x18 CMakeFiles/digigen.dir/home/ok1gal/pico/pico-sdk/src/common/pico_time/time.c.obj
 .rodata.__func__.3
                0x1000be10       0x17 CMakeFiles/digigen.dir/home/ok1gal/pico/pico-sdk/src/common/pico_time/time.c.obj
 *fill*         0x1000be27        0x1 
 .rodata.__func__.4
                0x1000be28       0x12 CMakeFiles/digigen.dir/home/ok1gal/pico/pico-sdk/src/common/pico_time/time.c.obj
 *fill*         0x1000be3a        0x2 
 .rodata.__func__.5
                0x1000be3c        0xd CMakeFiles/digigen.dir/home/ok1gal/pico/pico-sdk/src/common/pico_time/time.c.obj
 *fill*         0x1000be49        0x3 
 .rodata.__func__.6
                0x1000be4c       0x12 CMakeFiles/digigen.dir/home/ok1gal/pico/pico-sdk/src/common/pico_time/time.c.obj
 *fill*         0x1000be5e        0x2 
 .rodata.__func__.7
                0x1000be60        0xf CMakeFiles/digigen.dir/home/ok1gal/pico/pico-sdk/src/common/pico_time/time.c.obj
 *fill*         0x1000be6f        0x1 
 .rodata.__func__.8
                0x1000be70        0xc CMakeFiles/digigen.dir/home/ok1gal/pico/pico-sdk/src/common/pico_time/time.c.obj
 .rodata.__func__.9
                0x1000be7c       0x15 CMakeFiles/digigen.dir/home/ok1gal/pico/pico-sdk/src/common/pico_time/time.c.obj
 *fill*         0x1000be91        0x3 
 .rodata.__func__.10
                0x1000be94       0x15 CMakeFiles/digigen.dir/home/ok1gal/pico/pico-sdk/src/common/pico_time/time.c.obj
 *fill*         0x1000bea9        0x3 
 .rodata.__func__.11
                0x1000beac       0x1a CMakeFiles/digigen.dir/home/ok1gal/pico/pico-sdk/src/common/pico_time/time.c.obj
 *fill*         0x1000bec6        0x2 
 .rodata.__func__.12
                0x1000bec8        0xa CMakeFiles/digigen.dir/home/ok1gal/pico/pico-sdk/src/common/pico_time/time.c.obj
 .rodata.update_us_since_boot.str1.4
                0x1000bed2       0x61 CMakeFiles/digigen.dir/home/ok1gal/pico/pico-sdk/src/rp2_common/hardware_timer/timer.c.obj
 .rodata.hardware_alarm_claim.str1.4
                0x1000bed2       0x22 CMakeFiles/digigen.dir/home/ok1gal/pico/pico-sdk/src/rp2_common/hardware_timer/timer.c.obj
 .rodata.hardware_alarm_set_target.str1.4
                0x1000bed2       0x65 CMakeFiles/digigen.dir/home/ok1gal/pico/pico-sdk/src/rp2_common/hardware_timer/timer.c.obj
 *fill*         0x1000bed2        0x2 
 .rodata.__func__.0
                0x1000bed4       0x1a CMakeFiles/digigen.dir/home/ok1gal/pico/pico-sdk/src/rp2_common/hardware_timer/timer.c.obj
 *fill*         0x1000beee        0x2 
 .rodata.__func__.1
                0x1000bef0       0x15 CMakeFiles/digigen.dir/home/ok1gal/pico/pico-sdk/src/rp2_common/hardware_timer/timer.c.obj
 .rodata.ph_get_node.str1.4
                0x1000bf05       0x66 CMakeFiles/digigen.dir/home/ok1gal/pico/pico-sdk/src/common/pico_util/pheap.c.obj
 .rodata.ph_add_child_node.str1.4
                0x1000bf05       0x2e CMakeFiles/digigen.dir/home/ok1gal/pico/pico-sdk/src/common/pico_util/pheap.c.obj
 .rodata.ph_remove_any_head.str1.4
                0x1000bf05       0xa0 CMakeFiles/digigen.dir/home/ok1gal/pico/pico-sdk/src/common/pico_util/pheap.c.obj
 .rodata.ph_remove_and_free_node.str1.4
                0x1000bf05       0x26 CMakeFiles/digigen.dir/home/ok1gal/pico/pico-sdk/src/common/pico_util/pheap.c.obj
 *fill*         0x1000bf05        0x3 
 .rodata.__func__.0
                0x1000bf08       0x18 CMakeFiles/digigen.dir/home/ok1gal/pico/pico-sdk/src/common/pico_util/pheap.c.obj
 .rodata.__func__.1
                0x1000bf20       0x13 CMakeFiles/digigen.dir/home/ok1gal/pico/pico-sdk/src/common/pico_util/pheap.c.obj
 *fill*         0x1000bf33        0x1 
 .rodata.__func__.2
                0x1000bf34       0x12 CMakeFiles/digigen.dir/home/ok1gal/pico/pico-sdk/src/common/pico_util/pheap.c.obj
 *fill*         0x1000bf46        0x2 
 .rodata.__func__.3
                0x1000bf48        0xc CMakeFiles/digigen.dir/home/ok1gal/pico/pico-sdk/src/common/pico_util/pheap.c.obj
 .rodata.clock_configure.str1.4
                0x1000bf54       0x57 CMakeFiles/digigen.dir/home/ok1gal/pico/pico-sdk/src/rp2_common/hardware_clocks/clocks.c.obj
 .rodata.__func__.1
                0x1000bf54       0x10 CMakeFiles/digigen.dir/home/ok1gal/pico/pico-sdk/src/rp2_common/hardware_clocks/clocks.c.obj
 .rodata.pll_init.str1.4
                0x1000bf64      0x124 CMakeFiles/digigen.dir/home/ok1gal/pico/pico-sdk/src/rp2_common/hardware_pll/pll.c.obj
 .rodata.__func__.0
                0x1000bf64        0x9 CMakeFiles/digigen.dir/home/ok1gal/pico/pico-sdk/src/rp2_common/hardware_pll/pll.c.obj
 .rodata.__assert_func.str1.4
                0x1000bf6d       0x43 CMakeFiles/digigen.dir/home/ok1gal/pico/pico-sdk/src/rp2_common/pico_runtime/runtime.c.obj
 .rodata.runtime_init.str1.4
                0x1000bf6d       0x61 CMakeFiles/digigen.dir/home/ok1gal/pico/pico-sdk/src/rp2_common/pico_runtime/runtime.c.obj
 .rodata.panic.str1.4
                0x1000bf6d       0x12 CMakeFiles/digigen.dir/home/ok1gal/pico/pico-sdk/src/rp2_common/pico_runtime/runtime.c.obj
 *fill*         0x1000bf6d        0x3 
 .rodata.__func__.2
                0x1000bf70        0xd CMakeFiles/digigen.dir/home/ok1gal/pico/pico-sdk/src/rp2_common/pico_runtime/runtime.c.obj
 .rodata._ftoa.str1.4
                0x1000bf7d       0x15 CMakeFiles/digigen.dir/home/ok1gal/pico/pico-sdk/src/rp2_common/pico_printf/printf.c.obj
 *fill*         0x1000bf7d        0x3 
 .rodata._vsnprintf
                0x1000bf80      0x19c CMakeFiles/digigen.dir/home/ok1gal/pico/pico-sdk/src/rp2_common/pico_printf/printf.c.obj
 *fill*         0x1000c11c        0x4 
 .rodata.pow10.0
                0x1000c120       0x50 CMakeFiles/digigen.dir/home/ok1gal/pico/pico-sdk/src/rp2_common/pico_printf/printf.c.obj
 .rodata.__aeabi_double_init.str1.4
                0x1000c170       0x9c CMakeFiles/digigen.dir/home/ok1gal/pico/pico-sdk/src/rp2_common/pico_double/double_init_rom.c.obj
 .rodata.__func__.0
                0x1000c170       0x14 CMakeFiles/digigen.dir/home/ok1gal/pico/pico-sdk/src/rp2_common/pico_double/double_init_rom.c.obj
 .rodata.__aeabi_float_init.str1.4
                0x1000c184       0x7e CMakeFiles/digigen.dir/home/ok1gal/pico/pico-sdk/src/rp2_common/pico_float/float_init_rom.c.obj
 .rodata.__func__.0
                0x1000c184       0x13 CMakeFiles/digigen.dir/home/ok1gal/pico/pico-sdk/src/rp2_common/pico_float/float_init_rom.c.obj
 .rodata.check_alloc.str1.4
                0x1000c197        0xe CMakeFiles/digigen.dir/home/ok1gal/pico/pico-sdk/src/rp2_common/pico_malloc/pico_malloc.c.obj
 .rodata.str1.4
                0x1000c197       0x40 CMakeFiles/digigen.dir/home/ok1gal/pico/pico-sdk/src/rp2_common/pico_standard_link/binary_info.c.obj
 *fill*         0x1000c197        0x1 
 .rodata.__bi_81
                0x1000c198        0xc CMakeFiles/digigen.dir/home/ok1gal/pico/pico-sdk/src/rp2_common/pico_standard_link/binary_info.c.obj
 .rodata.__bi_75
                0x1000c1a4        0xc CMakeFiles/digigen.dir/home/ok1gal/pico/pico-sdk/src/rp2_common/pico_standard_link/binary_info.c.obj
 .rodata.__bi_56
                0x1000c1b0        0xc CMakeFiles/digigen.dir/home/ok1gal/pico/pico-sdk/src/rp2_common/pico_standard_link/binary_info.c.obj
 .rodata.__bi_44
                0x1000c1bc        0xc CMakeFiles/digigen.dir/home/ok1gal/pico/pico-sdk/src/rp2_common/pico_standard_link/binary_info.c.obj
 .rodata.update_us_since_boot.str1.4
                0x1000c1c8       0x61 CMakeFiles/digigen.dir/home/ok1gal/pico/pico-sdk/src/rp2_common/pico_stdio/stdio.c.obj
 .rodata.__wrap_getchar.str1.4
                0x1000c1c8       0x49 CMakeFiles/digigen.dir/home/ok1gal/pico/pico-sdk/src/rp2_common/pico_stdio/stdio.c.obj
 .rodata.getchar_timeout_us.str1.4
                0x1000c1c8        0x3 CMakeFiles/digigen.dir/home/ok1gal/pico/pico-sdk/src/rp2_common/pico_stdio/stdio.c.obj
 .rodata.__func__.0
                0x1000c1c8       0x13 CMakeFiles/digigen.dir/home/ok1gal/pico/pico-sdk/src/rp2_common/pico_stdio/stdio.c.obj
 *fill*         0x1000c1db        0x1 
 .rodata.crlf_str.2
                0x1000c1dc        0x2 CMakeFiles/digigen.dir/home/ok1gal/pico/pico-sdk/src/rp2_common/pico_stdio/stdio.c.obj
 *fill*         0x1000c1de        0x2 
 .rodata.__func__.3
                0x1000c1e0       0x15 CMakeFiles/digigen.dir/home/ok1gal/pico/pico-sdk/src/rp2_common/pico_stdio/stdio.c.obj
 *fill*         0x1000c1f5        0x3 
 .rodata._resetd_driver
                0x1000c1f8       0x18 CMakeFiles/digigen.dir/home/ok1gal/pico/pico-sdk/src/rp2_common/pico_stdio_usb/reset_interface.c.obj
 .rodata.update_us_since_boot.str1.4
                0x1000c210       0x61 CMakeFiles/digigen.dir/home/ok1gal/pico/pico-sdk/src/rp2_common/pico_stdio_usb/stdio_usb.c.obj
 .rodata.stdio_usb_init.str1.4
                0x1000c210       0x4d CMakeFiles/digigen.dir/home/ok1gal/pico/pico-sdk/src/rp2_common/pico_stdio_usb/stdio_usb.c.obj
 .rodata.str1.4
                0x1000c210       0x13 CMakeFiles/digigen.dir/home/ok1gal/pico/pico-sdk/src/rp2_common/pico_stdio_usb/stdio_usb.c.obj
 .rodata.__bi_182.0
                0x1000c210        0xc CMakeFiles/digigen.dir/home/ok1gal/pico/pico-sdk/src/rp2_common/pico_stdio_usb/stdio_usb.c.obj
 .rodata.__func__.1
                0x1000c21c        0xf CMakeFiles/digigen.dir/home/ok1gal/pico/pico-sdk/src/rp2_common/pico_stdio_usb/stdio_usb.c.obj
 *fill*         0x1000c22b        0x1 
 .rodata.__func__.3
                0x1000c22c       0x15 CMakeFiles/digigen.dir/home/ok1gal/pico/pico-sdk/src/rp2_common/pico_stdio_usb/stdio_usb.c.obj